-----------------------------------------------------------------------------

Input image     : /mnt/c/Users/lenovo/Desktop/Bhardwajetal_2024_nature_inclination_angle-main/cropped_host_galaxies/20200906A_flux.fits[1:80,1:80] 
Init. par. file : galfit.feedme 
Restart file    : galfit.01 
Output image    : out.fits 

 sersic    : (   40.53,    40.44)   22.54      6.61    0.61    0.49    32.98
             (    0.02,     0.03)    0.00      0.05    0.01    0.00     0.32
 sky       : [ 40.50,  40.50]  1.69e-04  [0.00e+00]  [0.00e+00]
                                3.29e-05  [0.00e+00]  [0.00e+00]
 Chi^2 = 5596.67281,  ndof = 6392
 Chi^2/nu = 0.876 

-----------------------------------------------------------------------------
-----------------------------------------------------------------------------

Input image     : /mnt/c/Users/lenovo/Desktop/Bhardwajetal_2024_nature_inclination_angle-main/cropped_host_galaxies/20200906A_flux.fits[1:80,1:80] 
Init. par. file : galfit.feedme 
Restart file    : galfit.02 
Output image    : out.fits 

 sersic    : (   40.53,    40.44)   22.54      6.61    0.61    0.49    32.98
             (    0.02,     0.03)    0.00      0.05    0.01    0.00     0.32
 sky       : [ 40.50,  40.50]  1.69e-04  [0.00e+00]  [0.00e+00]
                                3.29e-05  [0.00e+00]  [0.00e+00]
 Chi^2 = 5596.67281,  ndof = 6392
 Chi^2/nu = 0.876 

-----------------------------------------------------------------------------
-----------------------------------------------------------------------------

Input image     : /mnt/c/Users/lenovo/Desktop/Bhardwajetal_2024_nature_inclination_angle-main/cropped_host_galaxies/20200906A_flux.fits[1:80,1:80] 
Init. par. file : galfit.feedme 
Restart file    : galfit.03 
Output image    : out.fits 

 sersic    : (   40.43,    40.55)   22.39      7.67   [1.00]   0.49    32.88
             (    0.02,     0.03)    0.01      0.06   [0.00]   0.00     0.38
 sky       : [ 40.50,  40.50]  -5.34e-05  [0.00e+00]  [0.00e+00]
                                3.54e-05  [0.00e+00]  [0.00e+00]
 Chi^2 = 6465.74729,  ndof = 6393
 Chi^2/nu = 1.011 

-----------------------------------------------------------------------------
-----------------------------------------------------------------------------

Input image     : /mnt/c/Users/lenovo/Desktop/Bhardwajetal_2024_nature_inclination_angle-main/cropped_host_galaxies/20200906A_flux.fits[1:80,1:80] 
Init. par. file : galfit.feedme 
Restart file    : galfit.04 
Output image    : out.fits 

 sersic    : (   40.43,    40.55)   22.39      7.67   [1.00]   0.49    32.88
             (    0.02,     0.03)    0.01      0.06   [0.00]   0.00     0.38
 sky       : [ 40.50,  40.50]  -5.34e-05  [0.00e+00]  [0.00e+00]
                                3.54e-05  [0.00e+00]  [0.00e+00]
 Chi^2 = 6465.74729,  ndof = 6393
 Chi^2/nu = 1.011 

-----------------------------------------------------------------------------
