-----------------------------------------------------------------------------

Input image     : /mnt/c/Users/lenovo/Desktop/Bhardwajetal_2024_nature_inclination_angle-main/cropped_host_galaxies/20200430A_flux.fits[1:35,1:35] 
Init. par. file : galfit.feedme 
Restart file    : galfit.01 
Output image    : out.fits 

 sersic    : (   17.65,    20.23)   21.13      3.34    0.72    0.73    20.37
             (    0.04,     0.05)    0.02      0.10    0.03    0.01     2.90
 sky       : [ 18.00,  18.00]  -1.56e-04  [0.00e+00]  [0.00e+00]
                                1.62e-04  [0.00e+00]  [0.00e+00]
 Chi^2 = 793.67846,  ndof = 1217
 Chi^2/nu = 0.652 

-----------------------------------------------------------------------------
-----------------------------------------------------------------------------

Input image     : /mnt/c/Users/lenovo/Desktop/Bhardwajetal_2024_nature_inclination_angle-main/cropped_host_galaxies/20200430A_flux.fits[1:36,1:36] 
Init. par. file : galfit.feedme 
Restart file    : galfit.02 
Output image    : out.fits 

 sersic    : (   17.65,    20.23)   21.13      3.34    0.72    0.73    20.37
             (    0.04,     0.05)    0.02      0.10    0.03    0.01     2.88
 sky       : [ 18.50,  18.50]  -1.28e-04  [0.00e+00]  [0.00e+00]
                                1.55e-04  [0.00e+00]  [0.00e+00]
 Chi^2 = 826.97651,  ndof = 1288
 Chi^2/nu = 0.642 

-----------------------------------------------------------------------------
