-----------------------------------------------------------------------------

Input image     : /mnt/c/Users/lenovo/Desktop/Bhardwajetal_2024_nature_inclination_angle-main/cropped_host_galaxies/20220509G_flux.fits[1:134,1:100] 
Init. par. file : galfit.feedme 
Restart file    : galfit.01 
Output image    : out.fits 

 sersic    : (   95.48,    60.59)   18.99     14.86    0.98    0.48   -59.95
             (    0.10,     0.06)    0.01      0.13    0.02    0.00     0.44
 sky       : [ 67.50,  50.50]  2.14e-04  [0.00e+00]  [0.00e+00]
                                2.40e-05  [0.00e+00]  [0.00e+00]
 Chi^2 = 2699.69771,  ndof = 13392
 Chi^2/nu = 0.202 

-----------------------------------------------------------------------------
-----------------------------------------------------------------------------

Input image     : /mnt/c/Users/lenovo/Desktop/Bhardwajetal_2024_nature_inclination_angle-main/cropped_host_galaxies/20220509G_flux.fits[1:134,1:100] 
Init. par. file : galfit.feedme 
Restart file    : galfit.02 
Output image    : out.fits 

 sersic    : (   95.48,    60.59)   18.99     14.86    0.98    0.48   -59.95
             (    0.10,     0.06)    0.01      0.13    0.02    0.00     0.44
 sky       : [ 67.50,  50.50]  2.14e-04  [0.00e+00]  [0.00e+00]
                                2.40e-05  [0.00e+00]  [0.00e+00]
 Chi^2 = 2699.69771,  ndof = 13392
 Chi^2/nu = 0.202 

-----------------------------------------------------------------------------
-----------------------------------------------------------------------------

Input image     : /mnt/c/Users/lenovo/Desktop/Bhardwajetal_2024_nature_inclination_angle-main/cropped_host_galaxies/20220509G_flux.fits[1:134,1:100] 
Init. par. file : galfit.feedme 
Restart file    : galfit.03 
Output image    : out.fits 

 sersic    : (   95.48,    60.59)   18.99     14.86    0.98    0.48   -59.95
             (    0.10,     0.06)    0.01      0.13    0.02    0.00     0.44
 sky       : [ 67.50,  50.50]  2.14e-04  [0.00e+00]  [0.00e+00]
                                2.40e-05  [0.00e+00]  [0.00e+00]
 Chi^2 = 2699.69771,  ndof = 13392
 Chi^2/nu = 0.202 

-----------------------------------------------------------------------------
-----------------------------------------------------------------------------

Input image     : /mnt/c/Users/lenovo/Desktop/Bhardwajetal_2024_nature_inclination_angle-main/cropped_host_galaxies/20220509G_flux.fits[1:120,1:68] 
Init. par. file : galfit.feedme 
Restart file    : galfit.04 
Output image    : out.fits 

 sersic    : (   69.53,    35.18)   19.03     14.81    0.96    0.48   -58.28
             (    0.07,     0.05)    0.01      0.09    0.02    0.00     0.30
 sky       : [ 60.50,  34.50]  8.28e-04  [0.00e+00]  [0.00e+00]
                                5.17e-05  [0.00e+00]  [0.00e+00]
 Chi^2 = 963.99371,  ndof = 8152
 Chi^2/nu = 0.118 

-----------------------------------------------------------------------------
-----------------------------------------------------------------------------

Input image     : /mnt/c/Users/lenovo/Desktop/Bhardwajetal_2024_nature_inclination_angle-main/cropped_host_galaxies/20220509G_flux.fits[1:120,1:68] 
Init. par. file : galfit.feedme 
Restart file    : galfit.05 
Output image    : out.fits 

 sersic    : (   66.47,    33.85)   19.21     15.64    1.26    0.51   -59.21
             (    0.00,     0.00)    0.00      0.01    0.00    0.00     0.02
 sersic    : (   79.39,    40.09)   19.79     *0.01*   2.59    0.97    [0.00]
             ( 1535.20,   328.04)  116.23     *7.99* 1807.77  522.05    [0.00]
 sky       : [ 60.50,  34.50]  -2.25e-05  [0.00e+00]  [0.00e+00]
                                3.15e-05  [0.00e+00]  [0.00e+00]
 Chi^2 = 356.45622,  ndof = 8146
 Chi^2/nu = 0.044 

-----------------------------------------------------------------------------
-----------------------------------------------------------------------------

Input image     : /mnt/c/Users/lenovo/Desktop/Bhardwajetal_2024_nature_inclination_angle-main/cropped_host_galaxies/20220509G_flux.fits[1:120,1:68] 
Init. par. file : galfit.feedme 
Restart file    : galfit.06 
Output image    : out.fits 

 sersic    : (   66.47,    33.85)   19.21     15.64    1.26    0.51   -59.21
             (    0.00,     0.00)    0.00      0.01    0.00    0.00     0.02
 sersic    : (   79.39,    40.09)   19.79     *0.01*   2.59    0.97    [0.00]
             ( 1535.20,   328.04)  116.23     *7.99* 1807.77  522.05    [0.00]
 sky       : [ 60.50,  34.50]  -2.25e-05  [0.00e+00]  [0.00e+00]
                                3.15e-05  [0.00e+00]  [0.00e+00]
 Chi^2 = 356.45622,  ndof = 8146
 Chi^2/nu = 0.044 

-----------------------------------------------------------------------------
-----------------------------------------------------------------------------

Input image     : /mnt/c/Users/lenovo/Desktop/Bhardwajetal_2024_nature_inclination_angle-main/cropped_host_galaxies/20220509G_flux.fits[1:120,1:68] 
Init. par. file : galfit.feedme 
Restart file    : galfit.07 
Output image    : out.fits 

 sersic    : (   66.84,    34.05)   19.21     16.04   [1.00]   0.50   -59.34
             (    0.00,     0.00)    0.00      0.00   [0.00]   0.00     0.00
 sersic    : (   79.35,    40.05)   19.85     *0.01*   2.38    1.00    [0.00]
             (    0.00,     0.00)    0.00     *0.00*   0.00    0.00    [0.00]
 sky       : [ 60.50,  34.50]  4.74e-04  [0.00e+00]  [0.00e+00]
                                3.17e-05  [0.00e+00]  [0.00e+00]
 Chi^2 = 361.79892,  ndof = 8147
 Chi^2/nu = 0.044 

-----------------------------------------------------------------------------
-----------------------------------------------------------------------------

Input image     : /mnt/c/Users/lenovo/Desktop/Bhardwajetal_2024_nature_inclination_angle-main/cropped_host_galaxies/20220509G_flux.fits[1:120,1:68] 
Init. par. file : galfit.feedme 
Restart file    : galfit.08 
Output image    : out.fits 

 sersic    : (   66.84,    34.05)   19.21     16.04   [1.00]   0.50   -59.34
             (    0.00,     0.00)    0.00      0.00   [0.00]   0.00     0.00
 sersic    : (   79.35,    40.05)   19.85     *0.01*   2.38    1.00    [0.00]
             (    0.00,     0.00)    0.00     *0.00*   0.00    0.00    [0.00]
 sky       : [ 60.50,  34.50]  4.74e-04  [0.00e+00]  [0.00e+00]
                                3.17e-05  [0.00e+00]  [0.00e+00]
 Chi^2 = 361.79892,  ndof = 8147
 Chi^2/nu = 0.044 

-----------------------------------------------------------------------------
-----------------------------------------------------------------------------

Input image     : /mnt/c/Users/lenovo/Desktop/Bhardwajetal_2024_nature_inclination_angle-main/cropped_host_galaxies/20220509G_flux.fits[1:120,1:68] 
Init. par. file : galfit.feedme 
Restart file    : galfit.09 
Output image    : out.fits 

 sersic    : (   66.84,    34.05)   19.21     16.04   [1.00]   0.50   -59.34
             (    0.00,     0.00)    0.00      0.00   [0.00]   0.00     0.00
 sersic    : (   79.35,    40.05)   19.85     *0.01*   2.38    1.00    [0.00]
             (    0.00,     0.00)    0.00     *0.00*   0.00    0.00    [0.00]
 sky       : [ 60.50,  34.50]  4.74e-04  [0.00e+00]  [0.00e+00]
                                3.17e-05  [0.00e+00]  [0.00e+00]
 Chi^2 = 361.79892,  ndof = 8147
 Chi^2/nu = 0.044 

-----------------------------------------------------------------------------
-----------------------------------------------------------------------------

Input image     : /mnt/c/Users/lenovo/Desktop/Bhardwajetal_2024_nature_inclination_angle-main/cropped_host_galaxies/20220509G_flux.fits[1:120,1:68] 
Init. par. file : galfit.feedme 
Restart file    : galfit.10 
Output image    : out.fits 

 sersic    : (   66.84,    34.05)   19.21     16.04   [1.00]   0.50   -59.34
             (    0.00,     0.00)    0.00      0.00   [0.00]   0.00     0.00
 sersic    : (   79.35,    40.05)   19.85     *0.01*   2.38    1.00    [0.00]
             (    0.00,     0.00)    0.00     *0.00*   0.00    0.00    [0.00]
 sky       : [ 60.50,  34.50]  4.74e-04  [0.00e+00]  [0.00e+00]
                                3.17e-05  [0.00e+00]  [0.00e+00]
 Chi^2 = 361.79892,  ndof = 8147
 Chi^2/nu = 0.044 

-----------------------------------------------------------------------------
