-----------------------------------------------------------------------------

Input image     : /mnt/c/Users/lenovo/Desktop/Bhardwajetal_2024_nature_inclination_angle-main/cropped_host_galaxies/20211212A_flux.fits[1:64,1:64] 
Init. par. file : galfit.feedme 
Restart file    : galfit.01 
Output image    : out.fits 

 sersic    : (   34.66,    33.89)   18.59     17.89    1.51    0.84   -55.84
             (    0.02,     0.02)    0.04      0.59    0.04    0.00     1.02
 sky       : [ 32.50,  32.50]  -1.85e-02  [0.00e+00]  [0.00e+00]
                                1.18e-03  [0.00e+00]  [0.00e+00]
 Chi^2 = 57049.63180,  ndof = 4088
 Chi^2/nu = 13.955 

-----------------------------------------------------------------------------
-----------------------------------------------------------------------------

Input image     : /mnt/c/Users/lenovo/Desktop/Bhardwajetal_2024_nature_inclination_angle-main/cropped_host_galaxies/20211212A_flux.fits[1:64,1:64] 
Init. par. file : galfit.feedme 
Restart file    : galfit.02 
Output image    : out.fits 

 sersic    : (   34.66,    33.89)   18.59     17.89    1.51    0.84   -55.84
             (    0.02,     0.02)    0.04      0.59    0.04    0.00     1.02
 sky       : [ 32.50,  32.50]  -1.85e-02  [0.00e+00]  [0.00e+00]
                                1.18e-03  [0.00e+00]  [0.00e+00]
 Chi^2 = 57049.63180,  ndof = 4088
 Chi^2/nu = 13.955 

-----------------------------------------------------------------------------
-----------------------------------------------------------------------------

Input image     : /mnt/c/Users/lenovo/Desktop/Bhardwajetal_2024_nature_inclination_angle-main/cropped_host_galaxies/20211212A_flux.fits[1:64,1:64] 
Init. par. file : galfit.feedme 
Restart file    : galfit.03 
Output image    : out.fits 

 sersic    : (   34.64,    33.81)   18.97     13.01   [1.00]   0.83   -56.14
             (    0.03,     0.02)    0.01      0.09   [0.00]   0.00     0.98
 sky       : [ 32.50,  32.50]  -5.90e-03  [0.00e+00]  [0.00e+00]
                                3.29e-04  [0.00e+00]  [0.00e+00]
 Chi^2 = 60740.67749,  ndof = 4089
 Chi^2/nu = 14.855 

-----------------------------------------------------------------------------
