-----------------------------------------------------------------------------

Input image     : /mnt/c/Users/lenovo/Desktop/Bhardwajetal_2024_nature_inclination_angle-main/cropped_host_galaxies/20210320C_flux.fits[1:50,1:50] 
Init. par. file : galfit.feedme 
Restart file    : galfit.01 
Output image    : out.fits 

 sersic    : (   26.47,    26.18)   22.22      3.67    1.12    0.69   -24.78
             (    0.03,     0.04)    0.02      0.08    0.07    0.02     2.38
 sky       : [ 25.50,  25.50]  1.63e-04  [0.00e+00]  [0.00e+00]
                                1.57e-04  [0.00e+00]  [0.00e+00]
 Chi^2 = 1815.58171,  ndof = 2492
 Chi^2/nu = 0.729 

-----------------------------------------------------------------------------
-----------------------------------------------------------------------------

Input image     : /mnt/c/Users/lenovo/Desktop/Bhardwajetal_2024_nature_inclination_angle-main/cropped_host_galaxies/20210320C_flux.fits[1:50,1:50] 
Init. par. file : galfit.feedme 
Restart file    : galfit.02 
Output image    : out.fits 

 sersic    : (   26.47,    26.18)   22.22      3.67    1.12    0.69   -24.78
             (    0.03,     0.04)    0.02      0.08    0.07    0.02     2.38
 sky       : [ 25.50,  25.50]  1.63e-04  [0.00e+00]  [0.00e+00]
                                1.57e-04  [0.00e+00]  [0.00e+00]
 Chi^2 = 1815.58171,  ndof = 2492
 Chi^2/nu = 0.729 

-----------------------------------------------------------------------------
-----------------------------------------------------------------------------

Input image     : /mnt/c/Users/lenovo/Desktop/Bhardwajetal_2024_nature_inclination_angle-main/cropped_host_galaxies/20210320C_flux.fits[1:50,1:50] 
Init. par. file : galfit.feedme 
Restart file    : galfit.03 
Output image    : out.fits 

 sersic    : (   26.47,    26.17)   22.24      3.61   [1.00]   0.70   -24.90
             (    0.03,     0.04)    0.01      0.08   [0.00]   0.02     2.36
 sky       : [ 25.50,  25.50]  2.54e-04  [0.00e+00]  [0.00e+00]
                                1.57e-04  [0.00e+00]  [0.00e+00]
 Chi^2 = 1816.82852,  ndof = 2493
 Chi^2/nu = 0.729 

-----------------------------------------------------------------------------
