-----------------------------------------------------------------------------

Input image     : /mnt/c/Users/lenovo/Desktop/Bhardwajetal_2024_nature_inclination_angle-main/cropped_host_galaxies/20191001A_flux.fits[1:40,1:42] 
Init. par. file : galfit.feedme 
Restart file    : galfit.01 
Output image    : out.fits 

 sersic    : (   32.75,    26.36)   20.95      5.98    0.50    0.53   -42.11
             (    0.02,     0.02)    0.00      0.03    0.01    0.00     0.35
 sky       : [ 20.50,  21.50]  1.43e-03  [0.00e+00]  [0.00e+00]
                                1.59e-04  [0.00e+00]  [0.00e+00]
 Chi^2 = 10395.74091,  ndof = 1672
 Chi^2/nu = 6.218 

-----------------------------------------------------------------------------
-----------------------------------------------------------------------------

Input image     : /mnt/c/Users/lenovo/Desktop/Bhardwajetal_2024_nature_inclination_angle-main/cropped_host_galaxies/20191001A_flux.fits[1:40,1:42] 
Init. par. file : galfit.feedme 
Restart file    : galfit.02 
Output image    : out.fits 

 sersic    : (   32.75,    26.36)   20.95      5.98    0.50    0.53   -42.11
             (    0.02,     0.02)    0.00      0.03    0.01    0.00     0.35
 sky       : [ 20.50,  21.50]  1.43e-03  [0.00e+00]  [0.00e+00]
                                1.59e-04  [0.00e+00]  [0.00e+00]
 Chi^2 = 10395.74091,  ndof = 1672
 Chi^2/nu = 6.218 

-----------------------------------------------------------------------------
-----------------------------------------------------------------------------

Input image     : /mnt/c/Users/lenovo/Desktop/Bhardwajetal_2024_nature_inclination_angle-main/cropped_host_galaxies/20191001A_flux.fits[1:40,1:42] 
Init. par. file : galfit.feedme 
Restart file    : galfit.03 
Output image    : out.fits 

 sersic    : (   32.84,    26.47)   20.82      6.61   [1.00]   0.52   -43.64
             (    0.02,     0.02)    0.01      0.06   [0.00]   0.00     0.45
 sky       : [ 20.50,  21.50]  -5.88e-04  [0.00e+00]  [0.00e+00]
                                1.89e-04  [0.00e+00]  [0.00e+00]
 Chi^2 = 14679.57867,  ndof = 1673
 Chi^2/nu = 8.774 

-----------------------------------------------------------------------------
