-----------------------------------------------------------------------------

Input image     : /mnt/c/Users/lenovo/Desktop/Bhardwajetal_2024_nature_inclination_angle-main/cropped_host_galaxies/20190714A_flux.fits[1:34,1:34] 
Init. par. file : galfit.feedme 
Restart file    : galfit.01 
Output image    : out.fits 

 sersic    : (   15.52,    17.60)   22.60      4.39    0.83    0.37   -48.13
             (    0.25,     0.25)    0.09      0.48    0.23    0.07     3.88
 sky       : [ 17.50,  17.50]  -5.92e-04  [0.00e+00]  [0.00e+00]
                                1.80e-04  [0.00e+00]  [0.00e+00]
 Chi^2 = 590.18618,  ndof = 1148
 Chi^2/nu = 0.514 

-----------------------------------------------------------------------------
-----------------------------------------------------------------------------

Input image     : /mnt/c/Users/lenovo/Desktop/Bhardwajetal_2024_nature_inclination_angle-main/cropped_host_galaxies/20190714A_flux.fits[1:34,1:34] 
Init. par. file : galfit.feedme 
Restart file    : galfit.02 
Output image    : out.fits 

 sersic    : (   15.49,    17.56)   22.60      3.94    0.78    0.40   -47.58
             (    0.25,     0.24)    0.07      0.48    0.24    0.07     5.07
 sky       : [ 17.50,  17.50]  -5.74e-04  [0.00e+00]  [0.00e+00]
                                1.80e-04  [0.00e+00]  [0.00e+00]
 Chi^2 = 588.92299,  ndof = 1148
 Chi^2/nu = 0.513 

-----------------------------------------------------------------------------
-----------------------------------------------------------------------------

Input image     : /mnt/c/Users/lenovo/Desktop/Bhardwajetal_2024_nature_inclination_angle-main/cropped_host_galaxies/20190714A_flux.fits[1:34,1:34] 
Init. par. file : galfit.feedme 
Restart file    : galfit.03 
Output image    : out.fits 

 sersic    : (   15.49,    17.56)   22.60      3.94    0.78    0.40   -47.58
             (    0.25,     0.24)    0.07      0.48    0.24    0.07     5.07
 sky       : [ 17.50,  17.50]  -5.74e-04  [0.00e+00]  [0.00e+00]
                                1.80e-04  [0.00e+00]  [0.00e+00]
 Chi^2 = 588.92299,  ndof = 1148
 Chi^2/nu = 0.513 

-----------------------------------------------------------------------------
-----------------------------------------------------------------------------

Input image     : /mnt/c/Users/lenovo/Desktop/Bhardwajetal_2024_nature_inclination_angle-main/cropped_host_galaxies/20190714A_flux.fits[1:34,1:34] 
Init. par. file : galfit.feedme 
Restart file    : galfit.04 
Output image    : out.fits 

 sersic    : (   15.49,    17.56)   22.60      3.94    0.78    0.40   -47.58
             (    0.25,     0.24)    0.07      0.48    0.24    0.07     5.07
 sky       : [ 17.50,  17.50]  -5.74e-04  [0.00e+00]  [0.00e+00]
                                1.80e-04  [0.00e+00]  [0.00e+00]
 Chi^2 = 588.92299,  ndof = 1148
 Chi^2/nu = 0.513 

-----------------------------------------------------------------------------
-----------------------------------------------------------------------------

Input image     : /mnt/c/Users/lenovo/Desktop/Bhardwajetal_2024_nature_inclination_angle-main/cropped_host_galaxies/20190714A_flux.fits[1:34,1:34] 
Init. par. file : galfit.feedme 
Restart file    : galfit.05 
Output image    : out.fits 

 sersic    : (   15.49,    17.56)   22.60      3.94    0.78    0.40   -47.58
             (    0.25,     0.24)    0.07      0.48    0.24    0.07     5.07
 sky       : [ 17.50,  17.50]  -5.74e-04  [0.00e+00]  [0.00e+00]
                                1.80e-04  [0.00e+00]  [0.00e+00]
 Chi^2 = 588.92299,  ndof = 1148
 Chi^2/nu = 0.513 

-----------------------------------------------------------------------------
-----------------------------------------------------------------------------

Input image     : /mnt/c/Users/lenovo/Desktop/Bhardwajetal_2024_nature_inclination_angle-main/cropped_host_galaxies/20190714A_flux.fits[1:34,1:34] 
Init. par. file : galfit.feedme 
Restart file    : galfit.06 
Output image    : out.fits 

 sersic    : (   15.51,    17.59)   22.60      3.74   [1.00]   0.38   -48.09
             (    0.22,     0.22)    0.07      0.30   [0.00]   0.08     4.87
 sky       : [ 17.50,  17.50]  -6.28e-04  [0.00e+00]  [0.00e+00]
                                1.80e-04  [0.00e+00]  [0.00e+00]
 Chi^2 = 589.13746,  ndof = 1149
 Chi^2/nu = 0.513 

-----------------------------------------------------------------------------
-----------------------------------------------------------------------------

Input image     : /mnt/c/Users/lenovo/Desktop/Bhardwajetal_2024_nature_inclination_angle-main/cropped_host_galaxies/20190714A_flux.fits[1:34,1:34] 
Init. par. file : galfit.feedme 
Restart file    : galfit.07 
Output image    : out.fits 

 sersic    : (   15.51,    17.59)   22.60      3.74   [1.00]   0.38   -48.09
             (    0.22,     0.22)    0.07      0.30   [0.00]   0.08     4.87
 sky       : [ 17.50,  17.50]  -6.28e-04  [0.00e+00]  [0.00e+00]
                                1.80e-04  [0.00e+00]  [0.00e+00]
 Chi^2 = 589.13746,  ndof = 1149
 Chi^2/nu = 0.513 

-----------------------------------------------------------------------------
-----------------------------------------------------------------------------

Input image     : /mnt/c/Users/lenovo/Desktop/Bhardwajetal_2024_nature_inclination_angle-main/cropped_host_galaxies/20190714A_flux.fits[1:34,1:34] 
Init. par. file : galfit.feedme 
Restart file    : galfit.08 
Output image    : out.fits 

 sersic    : (   15.51,    17.59)   22.60      3.74   [1.00]   0.38   -48.09
             (    0.22,     0.22)    0.07      0.30   [0.00]   0.08     4.87
 sky       : [ 17.50,  17.50]  -6.28e-04  [0.00e+00]  [0.00e+00]
                                1.80e-04  [0.00e+00]  [0.00e+00]
 Chi^2 = 589.13746,  ndof = 1149
 Chi^2/nu = 0.513 

-----------------------------------------------------------------------------
-----------------------------------------------------------------------------

Input image     : /mnt/c/Users/lenovo/Desktop/Bhardwajetal_2024_nature_inclination_angle-main/cropped_host_galaxies/20190714A_flux.fits[1:34,1:34] 
Init. par. file : galfit.feedme 
Restart file    : galfit.09 
Output image    : out.fits 

 sersic    : (   15.51,    17.59)   22.60      3.74   [1.00]   0.38   -48.09
             (    0.22,     0.22)    0.07      0.30   [0.00]   0.08     4.87
 sky       : [ 17.50,  17.50]  -6.28e-04  [0.00e+00]  [0.00e+00]
                                1.80e-04  [0.00e+00]  [0.00e+00]
 Chi^2 = 589.13746,  ndof = 1149
 Chi^2/nu = 0.513 

-----------------------------------------------------------------------------
