-----------------------------------------------------------------------------

Input image     : /mnt/c/Users/lenovo/Desktop/Bhardwajetal_2024_nature_inclination_angle-main/cropped_host_galaxies/20220207C_flux.fits[1:90,1:80] 
Init. par. file : galfit.feedme 
Restart file    : galfit.01 
Output image    : out.fits 

 sersic    : (   46.17,    40.98)   18.06     24.49    0.51    0.26    43.79
             (    0.18,     0.18)    0.01      0.34    0.01    0.00     0.29
 sky       : [ 45.50,  40.50]     8.53  [0.00e+00]  [0.00e+00]
                                  1.88  [0.00e+00]  [0.00e+00]
 Chi^2 = 916350991534.28406,  ndof = 7192
 Chi^2/nu = 127412540.536 

-----------------------------------------------------------------------------
-----------------------------------------------------------------------------

Input image     : /mnt/c/Users/lenovo/Desktop/Bhardwajetal_2024_nature_inclination_angle-main/cropped_host_galaxies/20220207C_flux.fits[1:90,1:80] 
Init. par. file : galfit.feedme 
Restart file    : galfit.02 
Output image    : out.fits 

 sersic    : (   46.17,    40.98)   18.06     24.49    0.51    0.26    43.79
             (    0.18,     0.18)    0.01      0.34    0.01    0.00     0.29
 sky       : [ 45.50,  40.50]     8.53  [0.00e+00]  [0.00e+00]
                                  1.88  [0.00e+00]  [0.00e+00]
 Chi^2 = 1097147.72208,  ndof = 7192
 Chi^2/nu = 152.551 

-----------------------------------------------------------------------------
-----------------------------------------------------------------------------

Input image     : /mnt/c/Users/lenovo/Desktop/Bhardwajetal_2024_nature_inclination_angle-main/cropped_host_galaxies/20220207C_flux.fits[1:90,1:80] 
Init. par. file : galfit.feedme 
Restart file    : galfit.03 
Output image    : out.fits 

 sersic    : (   45.76,    40.71)   18.90      7.80   [1.00]   0.84   -44.12
             (    0.07,     0.07)    0.02      0.21   [0.00]   0.02     5.55
 sky       : [ 45.50,  40.50]    48.27  [0.00e+00]  [0.00e+00]
                                  2.19  [0.00e+00]  [0.00e+00]
 Chi^2 = 1747117583377.62695,  ndof = 7193
 Chi^2/nu = 242891364.296 

-----------------------------------------------------------------------------
-----------------------------------------------------------------------------

Input image     : /mnt/c/Users/lenovo/Desktop/Bhardwajetal_2024_nature_inclination_angle-main/cropped_host_galaxies/20220207C_flux.fits[1:90,1:80] 
Init. par. file : galfit.feedme 
Restart file    : galfit.04 
Output image    : out.fits 

 sersic    : (   45.76,    40.71)   18.90      7.80   [1.00]   0.84   -44.12
             (    0.07,     0.07)    0.02      0.21   [0.00]   0.02     5.55
 sky       : [ 45.50,  40.50]    48.27  [0.00e+00]  [0.00e+00]
                                  2.19  [0.00e+00]  [0.00e+00]
 Chi^2 = 1747117583377.62695,  ndof = 7193
 Chi^2/nu = 242891364.296 

-----------------------------------------------------------------------------
-----------------------------------------------------------------------------

Input image     : /mnt/c/Users/lenovo/Desktop/Bhardwajetal_2024_nature_inclination_angle-main/cropped_host_galaxies/20220207C_flux.fits[1:90,1:80] 
Init. par. file : galfit.feedme 
Restart file    : galfit.05 
Output image    : out.fits 

 sersic    : (   46.17,    40.83)   17.73     32.89   [1.00]   0.26    43.74
             (    0.16,     0.17)    0.02      0.57   [0.00]   0.00     0.33
 sky       : [ 45.50,  40.50]    -5.62  [0.00e+00]  [0.00e+00]
                                  2.16  [0.00e+00]  [0.00e+00]
 Chi^2 = 961623490552.34290,  ndof = 7193
 Chi^2/nu = 133688793.348 

-----------------------------------------------------------------------------
