-----------------------------------------------------------------------------

Input image     : /mnt/c/Users/lenovo/Desktop/Bhardwajetal_2024_nature_inclination_angle-main/cropped_host_galaxies/20220307B_flux.fits[1:29,1:29] 
Init. par. file : galfit.feedme 
Restart file    : galfit.01 
Output image    : out.fits 

 sersic    : (    7.28,   *-1.51*)  18.46      5.38    6.00    0.74   -87.19
             (    0.47,    *1.07*)   1.46      5.32   12.46    0.10    12.18
 sky       : [ 15.00,  15.00]   -11.30  [0.00e+00]  [0.00e+00]
                                 11.27  [0.00e+00]  [0.00e+00]
 Chi^2 = 794.74812,  ndof = 833
 Chi^2/nu = 0.954 

-----------------------------------------------------------------------------
-----------------------------------------------------------------------------

Input image     : /mnt/c/Users/lenovo/Desktop/Bhardwajetal_2024_nature_inclination_angle-main/cropped_host_galaxies/20220307B_flux.fits[1:29,1:29] 
Init. par. file : galfit.feedme 
Restart file    : galfit.02 
Output image    : out.fits 

 sersic    : (    7.22,   *-2.02*)  18.37      2.69    3.49    0.79   -84.51
             (    0.53,    *1.05*)   1.19      2.97    3.46    0.10    16.28
 sky       : [ 15.00,  15.00]    -4.79  [0.00e+00]  [0.00e+00]
                                  7.11  [0.00e+00]  [0.00e+00]
 Chi^2 = 780.59762,  ndof = 833
 Chi^2/nu = 0.937 

-----------------------------------------------------------------------------
-----------------------------------------------------------------------------

Input image     : /mnt/c/Users/lenovo/Desktop/Bhardwajetal_2024_nature_inclination_angle-main/cropped_host_galaxies/20220307B_flux.fits[1:29,1:29] 
Init. par. file : galfit.feedme 
Restart file    : galfit.03 
Output image    : out.fits 

 sersic    : (   14.50,    15.41)   27.06      2.69    6.00   *0.05*  -15.93
             (    6.83,    11.66)   74.33    227.95  986.64   *2.18*  155.57
 sky       : [ 15.00,  15.00]    48.98  [0.00e+00]  [0.00e+00]
                                  6.62  [0.00e+00]  [0.00e+00]
 Chi^2 = 2233.65117,  ndof = 833
 Chi^2/nu = 2.681 

-----------------------------------------------------------------------------
-----------------------------------------------------------------------------

Input image     : /mnt/c/Users/lenovo/Desktop/Bhardwajetal_2024_nature_inclination_angle-main/cropped_host_galaxies/20220307B_flux.fits[1:46,1:38] 
Init. par. file : galfit.feedme 
Restart file    : galfit.04 
Output image    : out.fits 

 sersic    : (   25.46,    21.34)   19.80      6.85    0.61    0.74    81.73
             (    0.15,     0.11)    0.04      0.22    0.03    0.02     3.70
 sky       : [ 23.50,  19.50]    -6.21  [0.00e+00]  [0.00e+00]
                                  3.79  [0.00e+00]  [0.00e+00]
 Chi^2 = 1483.60706,  ndof = 1740
 Chi^2/nu = 0.853 

-----------------------------------------------------------------------------
-----------------------------------------------------------------------------

Input image     : /mnt/c/Users/lenovo/Desktop/Bhardwajetal_2024_nature_inclination_angle-main/cropped_host_galaxies/20220307B_flux.fits[1:46,1:38] 
Init. par. file : galfit.feedme 
Restart file    : galfit.05 
Output image    : out.fits 

 sersic    : (   25.46,    21.34)   19.80      6.85    0.61    0.74    81.73
             (    0.15,     0.11)    0.04      0.22    0.03    0.02     3.70
 sky       : [ 23.50,  19.50]    -6.21  [0.00e+00]  [0.00e+00]
                                  3.79  [0.00e+00]  [0.00e+00]
 Chi^2 = 1483.60706,  ndof = 1740
 Chi^2/nu = 0.853 

-----------------------------------------------------------------------------
-----------------------------------------------------------------------------

Input image     : /mnt/c/Users/lenovo/Desktop/Bhardwajetal_2024_nature_inclination_angle-main/cropped_host_galaxies/20220307B_flux.fits[1:46,1:38] 
Init. par. file : galfit.feedme 
Restart file    : galfit.06 
Output image    : out.fits 

 sersic    : (   25.53,    21.41)   19.48      8.85   [1.00]   0.75    81.72
             (    0.13,     0.10)    0.05      0.29   [0.00]   0.02     4.04
 sky       : [ 23.50,  19.50]   -23.84  [0.00e+00]  [0.00e+00]
                                  4.56  [0.00e+00]  [0.00e+00]
 Chi^2 = 1516.17744,  ndof = 1741
 Chi^2/nu = 0.871 

-----------------------------------------------------------------------------
-----------------------------------------------------------------------------

Input image     : /mnt/c/Users/lenovo/Desktop/Bhardwajetal_2024_nature_inclination_angle-main/cropped_host_galaxies/20220307B_flux.fits[1:46,1:38] 
Init. par. file : galfit.feedme 
Restart file    : galfit.07 
Output image    : out.fits 

 sersic    : (   25.53,    21.41)   19.48      8.85   [1.00]   0.75    81.72
             (    0.13,     0.10)    0.05      0.29   [0.00]   0.02     4.04
 sky       : [ 23.50,  19.50]   -23.84  [0.00e+00]  [0.00e+00]
                                  4.56  [0.00e+00]  [0.00e+00]
 Chi^2 = 1516.17744,  ndof = 1741
 Chi^2/nu = 0.871 

-----------------------------------------------------------------------------
-----------------------------------------------------------------------------

Input image     : /mnt/c/Users/lenovo/Desktop/Bhardwajetal_2024_nature_inclination_angle-main/cropped_host_galaxies/20220307B_flux.fits[1:46,1:38] 
Init. par. file : galfit.feedme 
Restart file    : galfit.08 
Output image    : out.fits 

 sersic    : (   25.53,    21.41)   19.48      8.85   [1.00]   0.75    81.72
             (    0.13,     0.10)    0.05      0.29   [0.00]   0.02     4.04
 sky       : [ 23.50,  19.50]   -23.84  [0.00e+00]  [0.00e+00]
                                  4.56  [0.00e+00]  [0.00e+00]
 Chi^2 = 1516.17744,  ndof = 1741
 Chi^2/nu = 0.871 

-----------------------------------------------------------------------------
-----------------------------------------------------------------------------

Input image     : /mnt/c/Users/lenovo/Desktop/Bhardwajetal_2024_nature_inclination_angle-main/cropped_host_galaxies/20220307B_flux.fits[1:46,1:38] 
Init. par. file : galfit.feedme 
Restart file    : galfit.09 
Output image    : out.fits 

 sersic    : (   25.53,    21.41)   19.48      8.85   [1.00]   0.75    81.72
             (    0.13,     0.10)    0.05      0.29   [0.00]   0.02     4.04
 sky       : [ 23.50,  19.50]   -23.84  [0.00e+00]  [0.00e+00]
                                  4.56  [0.00e+00]  [0.00e+00]
 Chi^2 = 1516.17744,  ndof = 1741
 Chi^2/nu = 0.871 

-----------------------------------------------------------------------------
