-----------------------------------------------------------------------------

Input image     : /mnt/c/Users/lenovo/Desktop/Bhardwajetal_2024_nature_inclination_angle-main/cropped_host_galaxies/20190714A_flux.fits[1:34,1:34] 
Init. par. file : galfit.feedme 
Restart file    : galfit.01 
Output image    : out.fits 

 sersic    : (   15.43,    17.53)   22.63      4.00    0.50    0.40   -46.83
             (    0.04,     0.03)    0.01      0.07    0.05    0.01     0.91
 sky       : [ 17.50,  17.50]  4.88e-05  [0.00e+00]  [0.00e+00]
                                1.85e-04  [0.00e+00]  [0.00e+00]
 Chi^2 = 789.82966,  ndof = 1148
 Chi^2/nu = 0.688 

-----------------------------------------------------------------------------
-----------------------------------------------------------------------------

Input image     : /mnt/c/Users/lenovo/Desktop/Bhardwajetal_2024_nature_inclination_angle-main/cropped_host_galaxies/20190714A_flux.fits[1:34,1:34] 
Init. par. file : galfit.feedme 
Restart file    : galfit.02 
Output image    : out.fits 

 sersic    : (   15.43,    17.53)   22.63      4.00    0.50    0.40   -46.83
             (    0.04,     0.03)    0.01      0.07    0.05    0.01     0.91
 sky       : [ 17.50,  17.50]  4.88e-05  [0.00e+00]  [0.00e+00]
                                1.85e-04  [0.00e+00]  [0.00e+00]
 Chi^2 = 789.82966,  ndof = 1148
 Chi^2/nu = 0.688 

-----------------------------------------------------------------------------
-----------------------------------------------------------------------------

Input image     : /mnt/c/Users/lenovo/Desktop/Bhardwajetal_2024_nature_inclination_angle-main/cropped_host_galaxies/20190714A_flux.fits[1:34,1:34] 
Init. par. file : galfit.feedme 
Restart file    : galfit.03 
Output image    : out.fits 

 sersic    : (   15.44,    17.53)   22.56      4.15   [1.00]   0.38   -46.75
             (    0.04,     0.03)    0.01      0.09   [0.00]   0.01     0.96
 sky       : [ 17.50,  17.50]  -4.60e-04  [0.00e+00]  [0.00e+00]
                                1.89e-04  [0.00e+00]  [0.00e+00]
 Chi^2 = 823.90759,  ndof = 1149
 Chi^2/nu = 0.717 

-----------------------------------------------------------------------------
