-----------------------------------------------------------------------------

Input image     : /mnt/c/Users/lenovo/Desktop/Bhardwajetal_2024_nature_inclination_angle-main/cropped_host_galaxies/20220105A_flux.fits[1:32,1:27] 
Init. par. file : galfit.feedme 
Restart file    : galfit.01 
Output image    : out.fits 

 sersic    : (   18.10,    15.09)   21.24      1.61    2.99    0.11   -52.74
             (    0.05,     0.08)    0.03      0.17    1.38    0.16     3.83
 sky       : [ 16.50,  14.00]  3.99e-04  [0.00e+00]  [0.00e+00]
                                1.49e-04  [0.00e+00]  [0.00e+00]
 Chi^2 = 786.44891,  ndof = 856
 Chi^2/nu = 0.919 

-----------------------------------------------------------------------------
-----------------------------------------------------------------------------

Input image     : /mnt/c/Users/lenovo/Desktop/Bhardwajetal_2024_nature_inclination_angle-main/cropped_host_galaxies/20220105A_flux.fits[1:32,1:27] 
Init. par. file : galfit.feedme 
Restart file    : galfit.02 
Output image    : out.fits 

 sersic    : (   18.11,    15.02)   21.29      2.26    0.90   *0.06*  -61.63
             (    0.08,     0.09)    0.67      1.40    1.18   *0.45*    6.24
 sky       : [ 16.50,  14.00]  4.32e-04  [0.00e+00]  [0.00e+00]
                                1.51e-04  [0.00e+00]  [0.00e+00]
 Chi^2 = 803.78009,  ndof = 856
 Chi^2/nu = 0.939 

-----------------------------------------------------------------------------
-----------------------------------------------------------------------------

Input image     : /mnt/c/Users/lenovo/Desktop/Bhardwajetal_2024_nature_inclination_angle-main/cropped_host_galaxies/20220105A_flux.fits[1:32,1:27] 
Init. par. file : galfit.feedme 
Restart file    : galfit.03 
Output image    : out.fits 

 sersic    : (   18.10,    15.09)   21.24      1.61    2.99    0.11   -52.74
             (    0.05,     0.08)    0.03      0.17    1.38    0.16     3.83
 sky       : [ 16.50,  14.00]  3.99e-04  [0.00e+00]  [0.00e+00]
                                1.49e-04  [0.00e+00]  [0.00e+00]
 Chi^2 = 786.44891,  ndof = 856
 Chi^2/nu = 0.919 

-----------------------------------------------------------------------------
-----------------------------------------------------------------------------

Input image     : /mnt/c/Users/lenovo/Desktop/Bhardwajetal_2024_nature_inclination_angle-main/cropped_host_galaxies/20220105A_flux.fits[1:32,1:27] 
Init. par. file : galfit.feedme 
Restart file    : galfit.04 
Output image    : out.fits 

 sersic    : (   18.10,    15.09)   21.24      1.61    2.99    0.11   -52.74
             (    0.05,     0.08)    0.03      0.17    1.38    0.16     3.83
 sky       : [ 16.50,  14.00]  3.99e-04  [0.00e+00]  [0.00e+00]
                                1.49e-04  [0.00e+00]  [0.00e+00]
 Chi^2 = 786.44891,  ndof = 856
 Chi^2/nu = 0.919 

-----------------------------------------------------------------------------
-----------------------------------------------------------------------------

Input image     : /mnt/c/Users/lenovo/Desktop/Bhardwajetal_2024_nature_inclination_angle-main/cropped_host_galaxies/20220105A_flux.fits[1:33,1:28] 
Init. par. file : galfit.feedme 
Restart file    : galfit.05 
Output image    : out.fits 

 sersic    : (   18.12,    15.11)   21.16      2.70    0.72   *0.03*  -45.25
             (    0.21,     0.06)    0.71      5.60    5.77   *0.70*   79.17
 sky       : [ 17.00,  14.50]  1.26e-04  [0.00e+00]  [0.00e+00]
                                1.39e-04  [0.00e+00]  [0.00e+00]
 Chi^2 = 785.66008,  ndof = 916
 Chi^2/nu = 0.858 

-----------------------------------------------------------------------------
