-----------------------------------------------------------------------------

Input image     : /mnt/c/Users/lenovo/Desktop/Bhardwajetal_2024_nature_inclination_angle-main/cropped_host_galaxies/20191001A_flux.fits[1:40,1:42] 
Init. par. file : galfit.feedme 
Restart file    : galfit.01 
Output image    : out.fits 

 sersic    : (   32.87,    26.47)   20.94      6.64    0.57    0.62   -42.25
             (    0.02,     0.02)    0.00      0.03    0.01    0.00     0.36
 sky       : [ 20.50,  21.50]  1.16e-03  [0.00e+00]  [0.00e+00]
                                1.61e-04  [0.00e+00]  [0.00e+00]
 Chi^2 = 10706.75031,  ndof = 1672
 Chi^2/nu = 6.404 

-----------------------------------------------------------------------------
-----------------------------------------------------------------------------

Input image     : /mnt/c/Users/lenovo/Desktop/Bhardwajetal_2024_nature_inclination_angle-main/cropped_host_galaxies/20191001A_flux.fits[1:40,1:42] 
Init. par. file : galfit.feedme 
Restart file    : galfit.02 
Output image    : out.fits 

 sersic    : (   32.87,    26.47)   20.94      6.64    0.57    0.62   -42.25
             (    0.02,     0.02)    0.00      0.03    0.01    0.00     0.36
 sky       : [ 20.50,  21.50]  1.16e-03  [0.00e+00]  [0.00e+00]
                                1.61e-04  [0.00e+00]  [0.00e+00]
 Chi^2 = 10706.75031,  ndof = 1672
 Chi^2/nu = 6.404 

-----------------------------------------------------------------------------
-----------------------------------------------------------------------------

Input image     : /mnt/c/Users/lenovo/Desktop/Bhardwajetal_2024_nature_inclination_angle-main/cropped_host_galaxies/20191001A_flux.fits[1:40,1:42] 
Init. par. file : galfit.feedme 
Restart file    : galfit.03 
Output image    : out.fits 

 sersic    : (   33.00,    26.65)   20.70      8.13   [1.00]   0.62   -44.90
             (    0.02,     0.02)    0.01      0.07   [0.00]   0.00     0.58
 sky       : [ 20.50,  21.50]  -2.54e-03  [0.00e+00]  [0.00e+00]
                                2.31e-04  [0.00e+00]  [0.00e+00]
 Chi^2 = 21981.62138,  ndof = 1673
 Chi^2/nu = 13.139 

-----------------------------------------------------------------------------
-----------------------------------------------------------------------------

Input image     : /mnt/c/Users/lenovo/Desktop/Bhardwajetal_2024_nature_inclination_angle-main/cropped_host_galaxies/20191001A_flux.fits[1:40,1:42] 
Init. par. file : galfit.feedme 
Restart file    : galfit.04 
Output image    : out.fits 

 sersic    : (   33.00,    26.65)   20.70      8.13   [1.00]   0.62   -44.90
             (    0.02,     0.02)    0.01      0.07   [0.00]   0.00     0.58
 sky       : [ 20.50,  21.50]  -2.54e-03  [0.00e+00]  [0.00e+00]
                                2.31e-04  [0.00e+00]  [0.00e+00]
 Chi^2 = 21981.62138,  ndof = 1673
 Chi^2/nu = 13.139 

-----------------------------------------------------------------------------
