-----------------------------------------------------------------------------

Input image     : /mnt/c/Users/lenovo/Desktop/Bhardwajetal_2024_nature_inclination_angle-main/cropped_host_galaxies/20211127I_flux.fits[1:115,1:101] 
Init. par. file : galfit.feedme 
Restart file    : galfit.01 
Output image    : out.fits 

 sersic    : (   58.89,    53.58)   13.20    329.64    4.41    0.97   -57.56
             (    0.02,     0.02)    0.24     84.13    0.24    0.01     6.54
 sky       : [ 58.00,  51.00]  -122.20  [0.00e+00]  [0.00e+00]
                                 20.07  [0.00e+00]  [0.00e+00]
 Chi^2 = 6687944134101.53223,  ndof = 11607
 Chi^2/nu = 576199201.697 

-----------------------------------------------------------------------------
-----------------------------------------------------------------------------

Input image     : /mnt/c/Users/lenovo/Desktop/Bhardwajetal_2024_nature_inclination_angle-main/cropped_host_galaxies/20211127I_flux.fits[1:115,1:101] 
Init. par. file : galfit.feedme 
Restart file    : galfit.02 
Output image    : out.fits 

 sersic    : (   58.89,    53.58)   13.20    329.64    4.41    0.97   -57.56
             (    0.02,     0.02)    0.24     84.13    0.24    0.01     6.54
 sky       : [ 58.00,  51.00]  -122.20  [0.00e+00]  [0.00e+00]
                                 20.07  [0.00e+00]  [0.00e+00]
 Chi^2 = 5149078.30411,  ndof = 11607
 Chi^2/nu = 443.618 

-----------------------------------------------------------------------------
-----------------------------------------------------------------------------

Input image     : /mnt/c/Users/lenovo/Desktop/Bhardwajetal_2024_nature_inclination_angle-main/cropped_host_galaxies/20211127I_flux.fits[1:115,1:101] 
Init. par. file : galfit.feedme 
Restart file    : galfit.03 
Output image    : out.fits 

 sersic    : (   58.81,    53.57)   16.27     15.50   [1.00]   0.91   -53.05
             (    0.04,     0.03)    0.01      0.10   [0.00]   0.01     2.47
 sky       : [ 58.00,  51.00]   323.90  [0.00e+00]  [0.00e+00]
                                  3.57  [0.00e+00]  [0.00e+00]
 Chi^2 = 11406962046892.97656,  ndof = 11608
 Chi^2/nu = 982681086.052 

-----------------------------------------------------------------------------
