-----------------------------------------------------------------------------

Input image     : /mnt/c/Users/lenovo/Desktop/Bhardwajetal_2024_nature_inclination_angle-main/cropped_host_galaxies/20191001A_flux.fits[1:40,1:42] 
Init. par. file : galfit.feedme 
Restart file    : galfit.01 
Output image    : out.fits 

 sersic    : (   33.00,    26.68)   20.92      6.27    0.62    0.72   -47.78
             (    0.10,     0.07)    0.02      0.08    0.02    0.01     2.19
 sky       : [ 20.50,  21.50]  5.69e-04  [0.00e+00]  [0.00e+00]
                                5.74e-05  [0.00e+00]  [0.00e+00]
 Chi^2 = 211.11908,  ndof = 1672
 Chi^2/nu = 0.126 

-----------------------------------------------------------------------------
-----------------------------------------------------------------------------

Input image     : /mnt/c/Users/lenovo/Desktop/Bhardwajetal_2024_nature_inclination_angle-main/cropped_host_galaxies/20191001A_flux.fits[1:40,1:42] 
Init. par. file : galfit.feedme 
Restart file    : galfit.02 
Output image    : out.fits 

 sersic    : (   33.00,    26.68)   20.92      6.27    0.62    0.72   -47.78
             (    0.10,     0.07)    0.02      0.08    0.02    0.01     2.19
 sky       : [ 20.50,  21.50]  5.69e-04  [0.00e+00]  [0.00e+00]
                                5.74e-05  [0.00e+00]  [0.00e+00]
 Chi^2 = 211.11908,  ndof = 1672
 Chi^2/nu = 0.126 

-----------------------------------------------------------------------------
-----------------------------------------------------------------------------

Input image     : /mnt/c/Users/lenovo/Desktop/Bhardwajetal_2024_nature_inclination_angle-main/cropped_host_galaxies/20191001A_flux.fits[1:40,1:42] 
Init. par. file : galfit.feedme 
Restart file    : galfit.03 
Output image    : out.fits 

 sersic    : (   33.00,    26.68)   20.92      6.27    0.62    0.72   -47.78
             (    0.10,     0.07)    0.02      0.08    0.02    0.01     2.19
 sky       : [ 20.50,  21.50]  5.69e-04  [0.00e+00]  [0.00e+00]
                                5.74e-05  [0.00e+00]  [0.00e+00]
 Chi^2 = 211.11908,  ndof = 1672
 Chi^2/nu = 0.126 

-----------------------------------------------------------------------------
-----------------------------------------------------------------------------

Input image     : /mnt/c/Users/lenovo/Desktop/Bhardwajetal_2024_nature_inclination_angle-main/cropped_host_galaxies/20191001A_flux.fits[1:40,1:42] 
Init. par. file : galfit.feedme 
Restart file    : galfit.04 
Output image    : out.fits 

 sersic    : (   33.00,    26.68)   20.92      6.27    0.62    0.72   -47.78
             (    0.10,     0.07)    0.02      0.08    0.02    0.01     2.19
 sky       : [ 20.50,  21.50]  5.69e-04  [0.00e+00]  [0.00e+00]
                                5.74e-05  [0.00e+00]  [0.00e+00]
 Chi^2 = 211.11908,  ndof = 1672
 Chi^2/nu = 0.126 

-----------------------------------------------------------------------------
-----------------------------------------------------------------------------

Input image     : /mnt/c/Users/lenovo/Desktop/Bhardwajetal_2024_nature_inclination_angle-main/cropped_host_galaxies/20191001A_flux.fits[1:40,1:42] 
Init. par. file : galfit.feedme 
Restart file    : galfit.05 
Output image    : out.fits 

 sersic    : (   33.00,    26.68)   20.92      6.27    0.62    0.72   -47.78
             (    0.10,     0.07)    0.02      0.08    0.02    0.01     2.19
 sky       : [ 20.50,  21.50]  5.69e-04  [0.00e+00]  [0.00e+00]
                                5.74e-05  [0.00e+00]  [0.00e+00]
 Chi^2 = 211.11908,  ndof = 1672
 Chi^2/nu = 0.126 

-----------------------------------------------------------------------------
-----------------------------------------------------------------------------

Input image     : /mnt/c/Users/lenovo/Desktop/Bhardwajetal_2024_nature_inclination_angle-main/cropped_host_galaxies/20191001A_flux.fits[1:40,1:42] 
Init. par. file : galfit.feedme 
Restart file    : galfit.06 
Output image    : out.fits 

 sersic    : (   33.18,    26.98)   20.97      5.88   [1.00]   0.77   -57.67
             (    0.09,     0.07)    0.02      0.09   [0.00]   0.01     2.60
 sky       : [ 20.50,  21.50]  1.74e-04  [0.00e+00]  [0.00e+00]
                                5.92e-05  [0.00e+00]  [0.00e+00]
 Chi^2 = 224.56789,  ndof = 1673
 Chi^2/nu = 0.134 

-----------------------------------------------------------------------------
-----------------------------------------------------------------------------

Input image     : /mnt/c/Users/lenovo/Desktop/Bhardwajetal_2024_nature_inclination_angle-main/cropped_host_galaxies/20191001A_flux.fits[1:40,1:42] 
Init. par. file : galfit.feedme 
Restart file    : galfit.07 
Output image    : out.fits 

 sersic    : (   33.18,    26.98)   20.97      5.88   [1.00]   0.77   -57.67
             (    0.09,     0.07)    0.02      0.09   [0.00]   0.01     2.60
 sky       : [ 20.50,  21.50]  1.74e-04  [0.00e+00]  [0.00e+00]
                                5.92e-05  [0.00e+00]  [0.00e+00]
 Chi^2 = 224.56789,  ndof = 1673
 Chi^2/nu = 0.134 

-----------------------------------------------------------------------------
-----------------------------------------------------------------------------

Input image     : /mnt/c/Users/lenovo/Desktop/Bhardwajetal_2024_nature_inclination_angle-main/cropped_host_galaxies/20191001A_flux.fits[1:40,1:42] 
Init. par. file : galfit.feedme 
Restart file    : galfit.08 
Output image    : out.fits 

 sersic    : (   33.18,    26.98)   20.97      5.88   [1.00]   0.77   -57.67
             (    0.09,     0.07)    0.02      0.09   [0.00]   0.01     2.60
 sky       : [ 20.50,  21.50]  1.74e-04  [0.00e+00]  [0.00e+00]
                                5.92e-05  [0.00e+00]  [0.00e+00]
 Chi^2 = 224.56789,  ndof = 1673
 Chi^2/nu = 0.134 

-----------------------------------------------------------------------------
-----------------------------------------------------------------------------

Input image     : /mnt/c/Users/lenovo/Desktop/Bhardwajetal_2024_nature_inclination_angle-main/cropped_host_galaxies/20191001A_flux.fits[1:40,1:42] 
Init. par. file : galfit.feedme 
Restart file    : galfit.09 
Output image    : out.fits 

 sersic    : (   33.18,    26.98)   20.97      5.88   [1.00]   0.77   -57.67
             (    0.09,     0.07)    0.02      0.09   [0.00]   0.01     2.60
 sky       : [ 20.50,  21.50]  1.74e-04  [0.00e+00]  [0.00e+00]
                                5.92e-05  [0.00e+00]  [0.00e+00]
 Chi^2 = 224.56789,  ndof = 1673
 Chi^2/nu = 0.134 

-----------------------------------------------------------------------------
