-----------------------------------------------------------------------------

Input image     : /mnt/c/Users/lenovo/Desktop/Bhardwajetal_2024_nature_inclination_angle-main/cropped_host_galaxies/20180924B_flux.fits[1:165,1:165] 
Init. par. file : galfit.feedme 
Restart file    : galfit.01 
Output image    : out.fits 

 sersic    : (  107.34,    49.27)   24.10    414.90    2.66   *0.05*  -32.23
             (   11.09,    17.74)    5.19   2508.75    6.74   *0.04*    3.23
 sky       : [ 83.00,  83.00]  1.32e-06  [0.00e+00]  [0.00e+00]
                                1.52e-05  [0.00e+00]  [0.00e+00]
 Chi^2 = 17302.97306,  ndof = 27217
 Chi^2/nu = 0.636 

-----------------------------------------------------------------------------
-----------------------------------------------------------------------------

Input image     : /mnt/c/Users/lenovo/Desktop/Bhardwajetal_2024_nature_inclination_angle-main/cropped_host_galaxies/20180924B_flux.fits[1:56,1:56] 
Init. par. file : galfit.feedme 
Restart file    : galfit.02 
Output image    : out.fits 

 sersic    : (   28.43,    28.19)   23.10      4.74    0.76    0.73    45.33
             (    0.35,     0.37)    0.09      0.52    0.17    0.07    12.07
 sky       : [ 28.50,  28.50]  4.12e-04  [0.00e+00]  [0.00e+00]
                                2.91e-05  [0.00e+00]  [0.00e+00]
 Chi^2 = 933.91994,  ndof = 3128
 Chi^2/nu = 0.299 

-----------------------------------------------------------------------------
-----------------------------------------------------------------------------

Input image     : /mnt/c/Users/lenovo/Desktop/Bhardwajetal_2024_nature_inclination_angle-main/cropped_host_galaxies/20180924B_flux.fits[1:56,1:56] 
Init. par. file : galfit.feedme 
Restart file    : galfit.03 
Output image    : out.fits 

 sersic    : (   28.48,    28.20)   23.03      2.43    1.12    0.89    -9.31
             (    0.27,     0.29)    0.08      0.40    0.52    0.14    57.55
 sky       : [ 28.50,  28.50]  4.13e-04  [0.00e+00]  [0.00e+00]
                                2.90e-05  [0.00e+00]  [0.00e+00]
 Chi^2 = 926.32191,  ndof = 3128
 Chi^2/nu = 0.296 

-----------------------------------------------------------------------------
-----------------------------------------------------------------------------

Input image     : /mnt/c/Users/lenovo/Desktop/Bhardwajetal_2024_nature_inclination_angle-main/cropped_host_galaxies/20180924B_flux.fits[1:56,1:56] 
Init. par. file : galfit.feedme 
Restart file    : galfit.04 
Output image    : out.fits 

 sersic    : (   28.48,    28.20)   23.03      2.43    1.12    0.89    -9.31
             (    0.27,     0.29)    0.08      0.40    0.52    0.14    57.55
 sky       : [ 28.50,  28.50]  4.13e-04  [0.00e+00]  [0.00e+00]
                                2.90e-05  [0.00e+00]  [0.00e+00]
 Chi^2 = 926.32191,  ndof = 3128
 Chi^2/nu = 0.296 

-----------------------------------------------------------------------------
-----------------------------------------------------------------------------

Input image     : /mnt/c/Users/lenovo/Desktop/Bhardwajetal_2024_nature_inclination_angle-main/cropped_host_galaxies/20180924B_flux.fits[1:56,1:56] 
Init. par. file : galfit.feedme 
Restart file    : galfit.05 
Output image    : out.fits 

 sersic    : (   28.48,    28.20)   23.03      2.43    1.12    0.89    -9.31
             (    0.27,     0.29)    0.08      0.40    0.52    0.14    57.55
 sky       : [ 28.50,  28.50]  4.13e-04  [0.00e+00]  [0.00e+00]
                                2.90e-05  [0.00e+00]  [0.00e+00]
 Chi^2 = 926.32191,  ndof = 3128
 Chi^2/nu = 0.296 

-----------------------------------------------------------------------------
-----------------------------------------------------------------------------

Input image     : /mnt/c/Users/lenovo/Desktop/Bhardwajetal_2024_nature_inclination_angle-main/cropped_host_galaxies/20180924B_flux.fits[1:56,1:56] 
Init. par. file : galfit.feedme 
Restart file    : galfit.06 
Output image    : out.fits 

 sersic    : (   28.48,    28.20)   23.03      2.43    1.12    0.89    -9.31
             (    0.27,     0.29)    0.08      0.40    0.52    0.14    57.55
 sky       : [ 28.50,  28.50]  4.13e-04  [0.00e+00]  [0.00e+00]
                                2.90e-05  [0.00e+00]  [0.00e+00]
 Chi^2 = 926.32191,  ndof = 3128
 Chi^2/nu = 0.296 

-----------------------------------------------------------------------------
-----------------------------------------------------------------------------

Input image     : /mnt/c/Users/lenovo/Desktop/Bhardwajetal_2024_nature_inclination_angle-main/cropped_host_galaxies/20180924B_flux.fits[1:56,1:56] 
Init. par. file : galfit.feedme 
Restart file    : galfit.07 
Output image    : out.fits 

 sersic    : (   28.48,    28.19)   23.03      2.60   [1.00]   0.84   -14.06
             (    0.26,     0.29)    0.08      0.40   [0.00]   0.14    35.67
 sky       : [ 28.50,  28.50]  4.14e-04  [0.00e+00]  [0.00e+00]
                                2.90e-05  [0.00e+00]  [0.00e+00]
 Chi^2 = 926.34884,  ndof = 3129
 Chi^2/nu = 0.296 

-----------------------------------------------------------------------------
-----------------------------------------------------------------------------

Input image     : /mnt/c/Users/lenovo/Desktop/Bhardwajetal_2024_nature_inclination_angle-main/cropped_host_galaxies/20180924B_flux.fits[1:56,1:56] 
Init. par. file : galfit.feedme 
Restart file    : galfit.08 
Output image    : out.fits 

 sersic    : (   28.48,    28.19)   23.03      2.60   [1.00]   0.84   -14.06
             (    0.26,     0.29)    0.08      0.40   [0.00]   0.14    35.67
 sky       : [ 28.50,  28.50]  4.14e-04  [0.00e+00]  [0.00e+00]
                                2.90e-05  [0.00e+00]  [0.00e+00]
 Chi^2 = 926.34884,  ndof = 3129
 Chi^2/nu = 0.296 

-----------------------------------------------------------------------------
-----------------------------------------------------------------------------

Input image     : /mnt/c/Users/lenovo/Desktop/Bhardwajetal_2024_nature_inclination_angle-main/cropped_host_galaxies/20180924B_flux.fits[1:56,1:56] 
Init. par. file : galfit.feedme 
Restart file    : galfit.09 
Output image    : out.fits 

 sersic    : (   28.48,    28.19)   23.03      2.60   [1.00]   0.84   -14.06
             (    0.26,     0.29)    0.08      0.40   [0.00]   0.14    35.67
 sky       : [ 28.50,  28.50]  4.14e-04  [0.00e+00]  [0.00e+00]
                                2.90e-05  [0.00e+00]  [0.00e+00]
 Chi^2 = 926.34884,  ndof = 3129
 Chi^2/nu = 0.296 

-----------------------------------------------------------------------------
-----------------------------------------------------------------------------

Input image     : /mnt/c/Users/lenovo/Desktop/Bhardwajetal_2024_nature_inclination_angle-main/cropped_host_galaxies/20180924B_flux.fits[1:56,1:56] 
Init. par. file : galfit.feedme 
Restart file    : galfit.10 
Output image    : out.fits 

 sersic    : (   28.48,    28.19)   23.03      2.60   [1.00]   0.84   -14.06
             (    0.26,     0.29)    0.08      0.40   [0.00]   0.14    35.67
 sky       : [ 28.50,  28.50]  4.14e-04  [0.00e+00]  [0.00e+00]
                                2.90e-05  [0.00e+00]  [0.00e+00]
 Chi^2 = 926.34884,  ndof = 3129
 Chi^2/nu = 0.296 

-----------------------------------------------------------------------------
