-----------------------------------------------------------------------------

Input image     : /mnt/c/Users/lenovo/Desktop/Bhardwajetal_2024_nature_inclination_angle-main/cropped_host_galaxies/20220825A_flux.fits[1:80,1:80] 
Init. par. file : galfit.feedme 
Restart file    : galfit.01 
Output image    : out.fits 

 sersic    : (   39.73,    39.73)   19.97      6.61    0.62    0.73    44.00
             (    0.17,     0.17)    0.04      0.37    0.06    0.03     6.08
 sky       : [ 40.50,  40.50]     7.76  [0.00e+00]  [0.00e+00]
                                  1.89  [0.00e+00]  [0.00e+00]
 Chi^2 = 1655509318237.14600,  ndof = 6392
 Chi^2/nu = 258997077.321 

-----------------------------------------------------------------------------
-----------------------------------------------------------------------------

Input image     : /mnt/c/Users/lenovo/Desktop/Bhardwajetal_2024_nature_inclination_angle-main/cropped_host_galaxies/20220825A_flux.fits[1:80,1:80] 
Init. par. file : galfit.feedme 
Restart file    : galfit.02 
Output image    : out.fits 

 sersic    : (   39.73,    39.73)   19.97      6.61    0.62    0.73    44.00
             (    0.17,     0.17)    0.04      0.37    0.06    0.03     6.08
 sky       : [ 40.50,  40.50]     7.76  [0.00e+00]  [0.00e+00]
                                  1.89  [0.00e+00]  [0.00e+00]
 Chi^2 = 2868798.03546,  ndof = 6392
 Chi^2/nu = 448.811 

-----------------------------------------------------------------------------
-----------------------------------------------------------------------------

Input image     : /mnt/c/Users/lenovo/Desktop/Bhardwajetal_2024_nature_inclination_angle-main/cropped_host_galaxies/20220825A_flux.fits[1:80,1:80] 
Init. par. file : galfit.feedme 
Restart file    : galfit.03 
Output image    : out.fits 

 sersic    : (   39.89,    39.72)   19.79      7.96   [1.00]   0.73    43.58
             (    0.16,     0.16)    0.04      0.46   [0.00]   0.04     6.63
 sky       : [ 40.50,  40.50]     5.58  [0.00e+00]  [0.00e+00]
                                  1.96  [0.00e+00]  [0.00e+00]
 Chi^2 = 1659592052057.71436,  ndof = 6393
 Chi^2/nu = 259595190.373 

-----------------------------------------------------------------------------
-----------------------------------------------------------------------------

Input image     : /mnt/c/Users/lenovo/Desktop/Bhardwajetal_2024_nature_inclination_angle-main/cropped_host_galaxies/20220825A_flux.fits[1:80,1:80] 
Init. par. file : galfit.feedme 
Restart file    : galfit.04 
Output image    : out.fits 

 sersic    : (   39.89,    39.72)   19.79      7.96   [1.00]   0.73    43.58
             (    0.16,     0.16)    0.04      0.46   [0.00]   0.04     6.63
 sky       : [ 40.50,  40.50]     5.58  [0.00e+00]  [0.00e+00]
                                  1.96  [0.00e+00]  [0.00e+00]
 Chi^2 = 1659592052057.71436,  ndof = 6393
 Chi^2/nu = 259595190.373 

-----------------------------------------------------------------------------
