-----------------------------------------------------------------------------

Input image     : /mnt/c/Users/lenovo/Desktop/Bhardwajetal_2024_nature_inclination_angle-main/cropped_host_galaxies/20220725A_flux.fits[1:69,1:68] 
Init. par. file : galfit.feedme 
Restart file    : galfit.01 
Output image    : out.fits 

 sersic    : (   36.97,    35.05)   17.82      6.08    1.25    0.57   -62.72
             (    0.01,     0.01)    0.00      0.03    0.02    0.00     0.31
 sky       : [ 35.00,  34.50]  1.04e-03  [0.00e+00]  [0.00e+00]
                                7.49e-05  [0.00e+00]  [0.00e+00]
 Chi^2 = 117285.74165,  ndof = 4684
 Chi^2/nu = 25.040 

-----------------------------------------------------------------------------
-----------------------------------------------------------------------------

Input image     : /mnt/c/Users/lenovo/Desktop/Bhardwajetal_2024_nature_inclination_angle-main/cropped_host_galaxies/20220725A_flux.fits[1:69,1:68] 
Init. par. file : galfit.feedme 
Restart file    : galfit.02 
Output image    : out.fits 

 sersic    : (   36.97,    35.05)   17.82      6.08    1.25    0.57   -62.72
             (    0.01,     0.01)    0.00      0.03    0.02    0.00     0.31
 sky       : [ 35.00,  34.50]  1.04e-03  [0.00e+00]  [0.00e+00]
                                7.49e-05  [0.00e+00]  [0.00e+00]
 Chi^2 = 117285.74165,  ndof = 4684
 Chi^2/nu = 25.040 

-----------------------------------------------------------------------------
-----------------------------------------------------------------------------

Input image     : /mnt/c/Users/lenovo/Desktop/Bhardwajetal_2024_nature_inclination_angle-main/cropped_host_galaxies/20220725A_flux.fits[1:69,1:68] 
Init. par. file : galfit.feedme 
Restart file    : galfit.03 
Output image    : out.fits 

 sersic    : (   36.97,    35.05)   17.82      6.08    1.25    0.57   -62.72
             (    0.01,     0.01)    0.00      0.03    0.02    0.00     0.31
 sky       : [ 35.00,  34.50]  1.04e-03  [0.00e+00]  [0.00e+00]
                                7.49e-05  [0.00e+00]  [0.00e+00]
 Chi^2 = 117285.74165,  ndof = 4684
 Chi^2/nu = 25.040 

-----------------------------------------------------------------------------
-----------------------------------------------------------------------------

Input image     : /mnt/c/Users/lenovo/Desktop/Bhardwajetal_2024_nature_inclination_angle-main/cropped_host_galaxies/20220725A_flux.fits[1:69,1:68] 
Init. par. file : galfit.feedme 
Restart file    : galfit.04 
Output image    : out.fits 

 sersic    : (   36.97,    35.05)   17.82      6.08    1.25    0.57   -62.72
             (    0.01,     0.01)    0.00      0.03    0.02    0.00     0.31
 sky       : [ 35.00,  34.50]  1.04e-03  [0.00e+00]  [0.00e+00]
                                7.49e-05  [0.00e+00]  [0.00e+00]
 Chi^2 = 117285.74165,  ndof = 4684
 Chi^2/nu = 25.040 

-----------------------------------------------------------------------------
-----------------------------------------------------------------------------

Input image     : /mnt/c/Users/lenovo/Desktop/Bhardwajetal_2024_nature_inclination_angle-main/cropped_host_galaxies/20220725A_flux.fits[1:70,1:69] 
Init. par. file : galfit.feedme 
Restart file    : galfit.05 
Output image    : out.fits 

 sersic    : (   36.97,    35.05)   17.82      6.08    1.25    0.57   -62.73
             (    0.01,     0.01)    0.00      0.03    0.02    0.00     0.31
 sky       : [ 35.50,  35.00]  9.94e-04  [0.00e+00]  [0.00e+00]
                                7.28e-05  [0.00e+00]  [0.00e+00]
 Chi^2 = 117527.50949,  ndof = 4822
 Chi^2/nu = 24.373 

-----------------------------------------------------------------------------
