This is pdfTeX, Version 3.141592653-2.6-1.40.28 (MiKTeX 25.12) (preloaded format=pdflatex 2026.3.11)  19 MAY 2026 15:01
entering extended mode
 restricted \write18 enabled.
 %&-line parsing enabled.
**./pipeline_null_report.tex
(pipeline_null_report.tex
LaTeX2e <2025-11-01>
L3 programming layer <2025-12-24>
(C:\Users\lenovo\AppData\Local\Programs\MiKTeX\tex/latex/base\article.cls
Document Class: article 2025/01/22 v1.4n Standard LaTeX document class
(C:\Users\lenovo\AppData\Local\Programs\MiKTeX\tex/latex/base\size11.clo
File: size11.clo 2025/01/22 v1.4n Standard LaTeX file (size option)
)
\c@part=\count275
\c@section=\count276
\c@subsection=\count277
\c@subsubsection=\count278
\c@paragraph=\count279
\c@subparagraph=\count280
\c@figure=\count281
\c@table=\count282
\abovecaptionskip=\skip49
\belowcaptionskip=\skip50
\bibindent=\dimen148
)
(C:\Users\lenovo\AppData\Local\Programs\MiKTeX\tex/latex/geometry\geometry.sty
Package: geometry 2020/01/02 v5.9 Page Geometry

(C:\Users\lenovo\AppData\Local\Programs\MiKTeX\tex/latex/graphics\keyval.sty
Package: keyval 2022/05/29 v1.15 key=value parser (DPC)
\KV@toks@=\toks17
)
(C:\Users\lenovo\AppData\Local\Programs\MiKTeX\tex/generic/iftex\ifvtex.sty
Package: ifvtex 2019/10/25 v1.7 ifvtex legacy package. Use iftex instead.

(C:\Users\lenovo\AppData\Local\Programs\MiKTeX\tex/generic/iftex\iftex.sty
Package: iftex 2024/12/12 v1.0g TeX engine tests
))
\Gm@cnth=\count283
\Gm@cntv=\count284
\c@Gm@tempcnt=\count285
\Gm@bindingoffset=\dimen149
\Gm@wd@mp=\dimen150
\Gm@odd@mp=\dimen151
\Gm@even@mp=\dimen152
\Gm@layoutwidth=\dimen153
\Gm@layoutheight=\dimen154
\Gm@layouthoffset=\dimen155
\Gm@layoutvoffset=\dimen156
\Gm@dimlist=\toks18

(C:\Users\lenovo\AppData\Local\Programs\MiKTeX\tex/latex/geometry\geometry.cfg)
)
(C:\Users\lenovo\AppData\Local\Programs\MiKTeX\tex/latex/graphics\graphicx.sty
Package: graphicx 2024/12/31 v1.2e Enhanced LaTeX Graphics (DPC,SPQR)

(C:\Users\lenovo\AppData\Local\Programs\MiKTeX\tex/latex/graphics\graphics.sty
Package: graphics 2024/08/06 v1.4g Standard LaTeX Graphics (DPC,SPQR)

(C:\Users\lenovo\AppData\Local\Programs\MiKTeX\tex/latex/graphics\trig.sty
Package: trig 2023/12/02 v1.11 sin cos tan (DPC)
)
(C:\Users\lenovo\AppData\Local\Programs\MiKTeX\tex/latex/graphics-cfg\graphics.
cfg
File: graphics.cfg 2016/06/04 v1.11 sample graphics configuration
)
Package graphics Info: Driver file: pdftex.def on input line 106.

(C:\Users\lenovo\AppData\Local\Programs\MiKTeX\tex/latex/graphics-def\pdftex.de
f
File: pdftex.def 2025/09/29 v1.2d Graphics/color driver for pdftex
))
\Gin@req@height=\dimen157
\Gin@req@width=\dimen158
)
(C:\Users\lenovo\AppData\Local\Programs\MiKTeX\tex/latex/caption\subcaption.sty
Package: subcaption 2023/07/28 v1.6b Sub-captions (AR)
(C:\Users\lenovo\AppData\Local\Programs\MiKTeX\tex/latex/caption\caption.sty
Package: caption 2023/08/05 v3.6o Customizing captions (AR)

(C:\Users\lenovo\AppData\Local\Programs\MiKTeX\tex/latex/caption\caption3.sty
Package: caption3 2023/07/31 v2.4d caption3 kernel (AR)
\caption@tempdima=\dimen159
\captionmargin=\dimen160
\caption@leftmargin=\dimen161
\caption@rightmargin=\dimen162
\caption@width=\dimen163
\caption@indent=\dimen164
\caption@parindent=\dimen165
\caption@hangindent=\dimen166
Package caption Info: Standard document class detected.
)
\c@caption@flags=\count286
\c@continuedfloat=\count287
)
Package caption Info: New subtype `subfigure' on input line 238.
\c@subfigure=\count288
Package caption Info: New subtype `subtable' on input line 238.
\c@subtable=\count289
)
(C:\Users\lenovo\AppData\Local\Programs\MiKTeX\tex/latex/l3backend\l3backend-pd
ftex.def
File: l3backend-pdftex.def 2025-10-09 L3 backend support: PDF output (pdfTeX)
\l__color_backend_stack_int=\count290
)
No file pipeline_null_report.aux.
\openout1 = `pipeline_null_report.aux'.

LaTeX Font Info:    Checking defaults for OML/cmm/m/it on input line 34.
LaTeX Font Info:    ... okay on input line 34.
LaTeX Font Info:    Checking defaults for OMS/cmsy/m/n on input line 34.
LaTeX Font Info:    ... okay on input line 34.
LaTeX Font Info:    Checking defaults for OT1/cmr/m/n on input line 34.
LaTeX Font Info:    ... okay on input line 34.
LaTeX Font Info:    Checking defaults for T1/cmr/m/n on input line 34.
LaTeX Font Info:    ... okay on input line 34.
LaTeX Font Info:    Checking defaults for TS1/cmr/m/n on input line 34.
LaTeX Font Info:    ... okay on input line 34.
LaTeX Font Info:    Checking defaults for OMX/cmex/m/n on input line 34.
LaTeX Font Info:    ... okay on input line 34.
LaTeX Font Info:    Checking defaults for U/cmr/m/n on input line 34.
LaTeX Font Info:    ... okay on input line 34.
*geometry* driver: auto-detecting
*geometry* detected driver: pdftex
*geometry* verbose mode - [ preamble ] result:
* driver: pdftex
* paper: a4paper
* layout: <same size as paper>
* layoutoffset:(h,v)=(0.0pt,0.0pt)
* modes: 
* h-part:(L,W,R)=(54.2025pt, 489.10287pt, 54.2025pt)
* v-part:(T,H,B)=(54.2025pt, 736.64185pt, 54.2025pt)
* \paperwidth=597.50787pt
* \paperheight=845.04684pt
* \textwidth=489.10287pt
* \textheight=736.64185pt
* \oddsidemargin=-18.06749pt
* \evensidemargin=-18.06749pt
* \topmargin=-55.06749pt
* \headheight=12.0pt
* \headsep=25.0pt
* \topskip=11.0pt
* \footskip=30.0pt
* \marginparwidth=50.0pt
* \marginparsep=10.0pt
* \columnsep=10.0pt
* \skip\footins=10.0pt plus 4.0pt minus 2.0pt
* \hoffset=0.0pt
* \voffset=0.0pt
* \mag=1000
* \@twocolumnfalse
* \@twosidefalse
* \@mparswitchfalse
* \@reversemarginfalse
* (1in=72.27pt=25.4mm, 1cm=28.453pt)


(C:\Users\lenovo\AppData\Local\Programs\MiKTeX\tex/context/base/mkii\supp-pdf.m
kii
[Loading MPS to PDF converter (version 2006.09.02).]
\scratchcounter=\count291
\scratchdimen=\dimen167
\scratchbox=\box53
\nofMPsegments=\count292
\nofMParguments=\count293
\everyMPshowfont=\toks19
\MPscratchCnt=\count294
\MPscratchDim=\dimen168
\MPnumerator=\count295
\makeMPintoPDFobject=\count296
\everyMPtoPDFconversion=\toks20
)
(C:\Users\lenovo\AppData\Local\Programs\MiKTeX\tex/latex/epstopdf-pkg\epstopdf-
base.sty
Package: epstopdf-base 2020-01-24 v2.11 Base part for package epstopdf
Package epstopdf-base Info: Redefining graphics rule for `.eps' on input line 4
85.

(C:\Users\lenovo\AppData\Local\Programs\MiKTeX\tex/latex/00miktex\epstopdf-sys.
cfg
File: epstopdf-sys.cfg 2021/03/18 v2.0 Configuration of epstopdf for MiKTeX
))
Package caption Info: Begin \AtBeginDocument code.
Package caption Info: End \AtBeginDocument code.
<figures/hist_inclination_frb_vs_sdss_v1_allsky_modelmr_inclusive.png, id=1, 64
3.203pt x 359.6637pt>
File: figures/hist_inclination_frb_vs_sdss_v1_allsky_modelmr_inclusive.png Grap
hic file (type png)
<use figures/hist_inclination_frb_vs_sdss_v1_allsky_modelmr_inclusive.png>
Package pdftex.def Info: figures/hist_inclination_frb_vs_sdss_v1_allsky_modelmr
_inclusive.png  used on input line 41.
(pdftex.def)             Requested size: 415.74042pt x 232.47247pt.
<figures/null_cdf_pipeline_legacy_v1_allsky_modelmr_inclusive.png, id=3, 571.17
39pt x 569.2467pt>
File: figures/null_cdf_pipeline_legacy_v1_allsky_modelmr_inclusive.png Graphic 
file (type png)
<use figures/null_cdf_pipeline_legacy_v1_allsky_modelmr_inclusive.png>
Package pdftex.def Info: figures/null_cdf_pipeline_legacy_v1_allsky_modelmr_inc
lusive.png  used on input line 44.
(pdftex.def)             Requested size: 234.76729pt x 233.97462pt.
<figures/null_cdf_pipeline_sdss_v1_allsky_modelmr_inclusive.png, id=4, 571.1739
pt x 568.7649pt>
File: figures/null_cdf_pipeline_sdss_v1_allsky_modelmr_inclusive.png Graphic fi
le (type png)
<use figures/null_cdf_pipeline_sdss_v1_allsky_modelmr_inclusive.png>
Package pdftex.def Info: figures/null_cdf_pipeline_sdss_v1_allsky_modelmr_inclu
sive.png  used on input line 44.
(pdftex.def)             Requested size: 234.76729pt x 233.77658pt.
<figures/null_cdf_pipeline_legacy_v1_allsky_modelmr_strict.png, id=5, 571.1739p
t x 569.2467pt>
File: figures/null_cdf_pipeline_legacy_v1_allsky_modelmr_strict.png Graphic fil
e (type png)
<use figures/null_cdf_pipeline_legacy_v1_allsky_modelmr_strict.png>
Package pdftex.def Info: figures/null_cdf_pipeline_legacy_v1_allsky_modelmr_str
ict.png  used on input line 47.
(pdftex.def)             Requested size: 234.76729pt x 233.97462pt.
<figures/null_cdf_pipeline_sdss_v1_allsky_modelmr_strict.png, id=6, 571.1739pt 
x 568.7649pt>
File: figures/null_cdf_pipeline_sdss_v1_allsky_modelmr_strict.png Graphic file 
(type png)
<use figures/null_cdf_pipeline_sdss_v1_allsky_modelmr_strict.png>
Package pdftex.def Info: figures/null_cdf_pipeline_sdss_v1_allsky_modelmr_stric
t.png  used on input line 47.
(pdftex.def)             Requested size: 234.76729pt x 233.77658pt.
<figures/random_host_inclination_legacy_v1_allsky_modelmr_inclusive.png, id=7, 
570.933pt x 566.115pt>
File: figures/random_host_inclination_legacy_v1_allsky_modelmr_inclusive.png Gr
aphic file (type png)
<use figures/random_host_inclination_legacy_v1_allsky_modelmr_inclusive.png>
Package pdftex.def Info: figures/random_host_inclination_legacy_v1_allsky_model
mr_inclusive.png  used on input line 50.
(pdftex.def)             Requested size: 234.76729pt x 232.78242pt.
<figures/random_host_inclination_sdss_v1_allsky_modelmr_inclusive.png, id=8, 57
0.933pt x 566.5968pt>
File: figures/random_host_inclination_sdss_v1_allsky_modelmr_inclusive.png Grap
hic file (type png)
<use figures/random_host_inclination_sdss_v1_allsky_modelmr_inclusive.png>
Package pdftex.def Info: figures/random_host_inclination_sdss_v1_allsky_modelmr
_inclusive.png  used on input line 50.
(pdftex.def)             Requested size: 234.76729pt x 232.98055pt.
 [1

{C:/Users/lenovo/AppData/Local/MiKTeX/fonts/map/pdftex/pdftex.map} <./figures/h
ist_inclination_frb_vs_sdss_v1_allsky_modelmr_inclusive.png> <./figures/null_cd
f_pipeline_legacy_v1_allsky_modelmr_inclusive.png> <./figures/null_cdf_pipeline
_sdss_v1_allsky_modelmr_inclusive.png>]
LaTeX Font Info:    External font `cmex10' loaded for size
(Font)              <14.4> on input line 52.
LaTeX Font Info:    External font `cmex10' loaded for size
(Font)              <7> on input line 52.
<figures/null_cdf_pipeline_legacy_re_v1_allsky_modelmr_inclusive.png, id=19, 57
1.1739pt x 567.0786pt>
File: figures/null_cdf_pipeline_legacy_re_v1_allsky_modelmr_inclusive.png Graph
ic file (type png)
<use figures/null_cdf_pipeline_legacy_re_v1_allsky_modelmr_inclusive.png>
Package pdftex.def Info: figures/null_cdf_pipeline_legacy_re_v1_allsky_modelmr_
inclusive.png  used on input line 53.
(pdftex.def)             Requested size: 234.76729pt x 233.08347pt.
<figures/null_cdf_pipeline_sdss_re_v1_allsky_modelmr_inclusive.png, id=20, 571.
1739pt x 566.8377pt>
File: figures/null_cdf_pipeline_sdss_re_v1_allsky_modelmr_inclusive.png Graphic
 file (type png)
<use figures/null_cdf_pipeline_sdss_re_v1_allsky_modelmr_inclusive.png>
Package pdftex.def Info: figures/null_cdf_pipeline_sdss_re_v1_allsky_modelmr_in
clusive.png  used on input line 53.
(pdftex.def)             Requested size: 234.76729pt x 232.98445pt.
<figures/null_cdf_pipeline_legacy_n_v1_allsky_modelmr_inclusive.png, id=21, 571
.1739pt x 569.2467pt>
File: figures/null_cdf_pipeline_legacy_n_v1_allsky_modelmr_inclusive.png Graphi
c file (type png)
<use figures/null_cdf_pipeline_legacy_n_v1_allsky_modelmr_inclusive.png>
Package pdftex.def Info: figures/null_cdf_pipeline_legacy_n_v1_allsky_modelmr_i
nclusive.png  used on input line 56.
(pdftex.def)             Requested size: 234.76729pt x 233.97462pt.
<figures/null_cdf_pipeline_sdss_n_v1_allsky_modelmr_inclusive.png, id=22, 571.1
739pt x 567.3195pt>
File: figures/null_cdf_pipeline_sdss_n_v1_allsky_modelmr_inclusive.png Graphic 
file (type png)
<use figures/null_cdf_pipeline_sdss_n_v1_allsky_modelmr_inclusive.png>
Package pdftex.def Info: figures/null_cdf_pipeline_sdss_n_v1_allsky_modelmr_inc
lusive.png  used on input line 56.
(pdftex.def)             Requested size: 234.76729pt x 233.1825pt.
<figures/delta_inc_pipeline_vs_master.png, id=23, 570.6921pt x 611.886pt>
File: figures/delta_inc_pipeline_vs_master.png Graphic file (type png)
<use figures/delta_inc_pipeline_vs_master.png>
Package pdftex.def Info: figures/delta_inc_pipeline_vs_master.png  used on inpu
t line 59.
(pdftex.def)             Requested size: 234.76729pt x 251.70583pt.
LaTeX Font Info:    External font `cmex10' loaded for size
(Font)              <5> on input line 59.
<figures/delta_re_pipeline_vs_master.png, id=24, 570.6921pt x 608.9952pt>
File: figures/delta_re_pipeline_vs_master.png Graphic file (type png)
<use figures/delta_re_pipeline_vs_master.png>
Package pdftex.def Info: figures/delta_re_pipeline_vs_master.png  used on input
 line 59.
(pdftex.def)             Requested size: 234.76729pt x 250.51668pt.
<figures/delta_n_pipeline_vs_master.png, id=25, 570.6921pt x 611.886pt>
File: figures/delta_n_pipeline_vs_master.png Graphic file (type png)
<use figures/delta_n_pipeline_vs_master.png>
Package pdftex.def Info: figures/delta_n_pipeline_vs_master.png  used on input 
line 60.
(pdftex.def)             Requested size: 415.74042pt x 445.74873pt.
 [2 <./figures/null_cdf_pipeline_legacy_v1_allsky_modelmr_strict.png> <./figure
s/null_cdf_pipeline_sdss_v1_allsky_modelmr_strict.png> <./figures/random_host_i
nclination_legacy_v1_allsky_modelmr_inclusive.png> <./figures/random_host_incli
nation_sdss_v1_allsky_modelmr_inclusive.png>] [3 <./figures/null_cdf_pipeline_l
egacy_re_v1_allsky_modelmr_inclusive.png> <./figures/null_cdf_pipeline_sdss_re_
v1_allsky_modelmr_inclusive.png> <./figures/null_cdf_pipeline_legacy_n_v1_allsk
y_modelmr_inclusive.png> <./figures/null_cdf_pipeline_sdss_n_v1_allsky_modelmr_
inclusive.png>] [4 <./figures/delta_inc_pipeline_vs_master.png> <./figures/delt
a_re_pipeline_vs_master.png>]
[5 <./figures/delta_n_pipeline_vs_master.png>] (pipeline_null_report.aux)
 ***********
LaTeX2e <2025-11-01>
L3 programming layer <2025-12-24>
 ***********
 ) 
Here is how much of TeX's memory you used:
 3418 strings out of 467871
 65184 string characters out of 5417892
 466406 words of memory out of 5000000
 32321 multiletter control sequences out of 15000+600000
 629540 words of font info for 46 fonts, out of 8000000 for 9000
 1141 hyphenation exceptions out of 8191
 67i,8n,77p,315b,558s stack positions out of 10000i,1000n,20000p,200000b,200000s
<C:/Users/lenovo/AppData/Local/Programs/MiKTeX/fonts/type1/public/amsfonts/cm
/cmbx12.pfb><C:/Users/lenovo/AppData/Local/Programs/MiKTeX/fonts/type1/public/a
msfonts/cm/cmmi10.pfb><C:/Users/lenovo/AppData/Local/Programs/MiKTeX/fonts/type
1/public/amsfonts/cm/cmmi12.pfb><C:/Users/lenovo/AppData/Local/Programs/MiKTeX/
fonts/type1/public/amsfonts/cm/cmmi7.pfb><C:/Users/lenovo/AppData/Local/Program
s/MiKTeX/fonts/type1/public/amsfonts/cm/cmr10.pfb><C:/Users/lenovo/AppData/Loca
l/Programs/MiKTeX/fonts/type1/public/amsfonts/cm/cmr17.pfb>
Output written on pipeline_null_report.pdf (5 pages, 3571335 bytes).
PDF statistics:
 77 PDF objects out of 1000 (max. 8388607)
 0 named destinations out of 1000 (max. 500000)
 71 words of extra memory for PDF output out of 10000 (max. 10000000)

