-----------------------------------------------------------------------------

Input image     : /mnt/c/Users/lenovo/Desktop/Bhardwajetal_2024_nature_inclination_angle-main/cropped_host_galaxies/20171020A_flux.fits[1:145,1:145] 
Init. par. file : galfit.feedme 
Restart file    : galfit.01 
Output image    : out.fits 

 sersic    : (   65.49,    68.16)   15.14     46.08    0.54    0.40   -50.91
             (    0.08,     0.07)    0.01      0.17    0.00    0.00     0.11
 sky       : [ 73.00,  73.00]    12.56  [0.00e+00]  [0.00e+00]
                                  1.83  [0.00e+00]  [0.00e+00]
 Chi^2 = 3578336955826.43066,  ndof = 21017
 Chi^2/nu = 170259169.045 

-----------------------------------------------------------------------------
-----------------------------------------------------------------------------

Input image     : /mnt/c/Users/lenovo/Desktop/Bhardwajetal_2024_nature_inclination_angle-main/cropped_host_galaxies/20171020A_flux.fits[1:145,1:145] 
Init. par. file : galfit.feedme 
Restart file    : galfit.02 
Output image    : out.fits 

 sersic    : (   65.49,    68.16)   15.14     46.08    0.54    0.40   -50.91
             (    0.08,     0.07)    0.01      0.17    0.00    0.00     0.11
 sky       : [ 73.00,  73.00]    12.56  [0.00e+00]  [0.00e+00]
                                  1.83  [0.00e+00]  [0.00e+00]
 Chi^2 = 6260590.66726,  ndof = 21017
 Chi^2/nu = 297.882 

-----------------------------------------------------------------------------
-----------------------------------------------------------------------------

Input image     : /mnt/c/Users/lenovo/Desktop/Bhardwajetal_2024_nature_inclination_angle-main/cropped_host_galaxies/20171020A_flux.fits[1:145,1:145] 
Init. par. file : galfit.feedme 
Restart file    : galfit.03 
Output image    : out.fits 

 sersic    : (   65.49,    68.16)   15.14     46.08    0.54    0.40   -50.91
             (    0.08,     0.07)    0.01      0.17    0.00    0.00     0.11
 sky       : [ 73.00,  73.00]    12.56  [0.00e+00]  [0.00e+00]
                                  1.83  [0.00e+00]  [0.00e+00]
 Chi^2 = 3578336955826.43066,  ndof = 21017
 Chi^2/nu = 170259169.045 

-----------------------------------------------------------------------------
-----------------------------------------------------------------------------

Input image     : /mnt/c/Users/lenovo/Desktop/Bhardwajetal_2024_nature_inclination_angle-main/cropped_host_galaxies/20171020A_flux.fits[1:145,1:145] 
Init. par. file : galfit.feedme 
Restart file    : galfit.04 
Output image    : out.fits 

 sersic    : (   65.49,    68.16)   15.14     46.08    0.54    0.40   -50.91
             (    0.08,     0.07)    0.01      0.17    0.00    0.00     0.11
 sky       : [ 73.00,  73.00]    12.56  [0.00e+00]  [0.00e+00]
                                  1.83  [0.00e+00]  [0.00e+00]
 Chi^2 = 3578336955826.43066,  ndof = 21017
 Chi^2/nu = 170259169.045 

-----------------------------------------------------------------------------
