-----------------------------------------------------------------------------

Input image     : /mnt/c/Users/lenovo/Desktop/Bhardwajetal_2024_nature_inclination_angle-main/cropped_host_galaxies/20210320C_flux.fits[1:50,1:50] 
Init. par. file : galfit.feedme 
Restart file    : galfit.01 
Output image    : out.fits 

 sersic    : (   26.55,    26.24)   22.23      4.51    0.81    0.84   -13.34
             (    0.27,     0.30)    0.09      0.33    0.13    0.06    15.61
 sky       : [ 25.50,  25.50]  -2.22e-04  [0.00e+00]  [0.00e+00]
                                1.54e-04  [0.00e+00]  [0.00e+00]
 Chi^2 = 1628.26754,  ndof = 2492
 Chi^2/nu = 0.653 

-----------------------------------------------------------------------------
-----------------------------------------------------------------------------

Input image     : /mnt/c/Users/lenovo/Desktop/Bhardwajetal_2024_nature_inclination_angle-main/cropped_host_galaxies/20210320C_flux.fits[1:50,1:50] 
Init. par. file : galfit.feedme 
Restart file    : galfit.02 
Output image    : out.fits 

 sersic    : (   26.55,    26.24)   22.23      4.51    0.81    0.84   -13.35
             (    0.27,     0.30)    0.09      0.33    0.13    0.06    15.60
 sky       : [ 25.50,  25.50]  -2.22e-04  [0.00e+00]  [0.00e+00]
                                1.54e-04  [0.00e+00]  [0.00e+00]
 Chi^2 = 1628.26754,  ndof = 2492
 Chi^2/nu = 0.653 

-----------------------------------------------------------------------------
-----------------------------------------------------------------------------

Input image     : /mnt/c/Users/lenovo/Desktop/Bhardwajetal_2024_nature_inclination_angle-main/cropped_host_galaxies/20210320C_flux.fits[1:50,1:50] 
Init. par. file : galfit.feedme 
Restart file    : galfit.03 
Output image    : out.fits 

 sersic    : (   26.55,    26.24)   22.23      4.51    0.81    0.84   -13.35
             (    0.27,     0.30)    0.09      0.33    0.13    0.06    15.60
 sky       : [ 25.50,  25.50]  -2.22e-04  [0.00e+00]  [0.00e+00]
                                1.54e-04  [0.00e+00]  [0.00e+00]
 Chi^2 = 1628.26754,  ndof = 2492
 Chi^2/nu = 0.653 

-----------------------------------------------------------------------------
-----------------------------------------------------------------------------

Input image     : /mnt/c/Users/lenovo/Desktop/Bhardwajetal_2024_nature_inclination_angle-main/cropped_host_galaxies/20210320C_flux.fits[1:50,1:50] 
Init. par. file : galfit.feedme 
Restart file    : galfit.04 
Output image    : out.fits 

 sersic    : (   26.55,    26.24)   22.23      4.51    0.81    0.84   -13.35
             (    0.27,     0.30)    0.09      0.33    0.13    0.06    15.60
 sky       : [ 25.50,  25.50]  -2.22e-04  [0.00e+00]  [0.00e+00]
                                1.54e-04  [0.00e+00]  [0.00e+00]
 Chi^2 = 1628.26754,  ndof = 2492
 Chi^2/nu = 0.653 

-----------------------------------------------------------------------------
-----------------------------------------------------------------------------

Input image     : /mnt/c/Users/lenovo/Desktop/Bhardwajetal_2024_nature_inclination_angle-main/cropped_host_galaxies/20210320C_flux.fits[1:50,1:50] 
Init. par. file : galfit.feedme 
Restart file    : galfit.05 
Output image    : out.fits 

 sersic    : (   26.55,    26.24)   22.23      4.51    0.81    0.84   -13.35
             (    0.27,     0.30)    0.09      0.33    0.13    0.06    15.60
 sky       : [ 25.50,  25.50]  -2.22e-04  [0.00e+00]  [0.00e+00]
                                1.54e-04  [0.00e+00]  [0.00e+00]
 Chi^2 = 1628.26754,  ndof = 2492
 Chi^2/nu = 0.653 

-----------------------------------------------------------------------------
-----------------------------------------------------------------------------

Input image     : /mnt/c/Users/lenovo/Desktop/Bhardwajetal_2024_nature_inclination_angle-main/cropped_host_galaxies/20210320C_flux.fits[1:50,1:50] 
Init. par. file : galfit.feedme 
Restart file    : galfit.06 
Output image    : out.fits 

 sersic    : (   26.56,    26.24)   22.24      4.44   [1.00]   0.84   -10.36
             (    0.26,     0.30)    0.09      0.35   [0.00]   0.06    16.77
 sky       : [ 25.50,  25.50]  -3.09e-04  [0.00e+00]  [0.00e+00]
                                1.54e-04  [0.00e+00]  [0.00e+00]
 Chi^2 = 1629.34512,  ndof = 2493
 Chi^2/nu = 0.654 

-----------------------------------------------------------------------------
-----------------------------------------------------------------------------

Input image     : /mnt/c/Users/lenovo/Desktop/Bhardwajetal_2024_nature_inclination_angle-main/cropped_host_galaxies/20210320C_flux.fits[1:50,1:50] 
Init. par. file : galfit.feedme 
Restart file    : galfit.07 
Output image    : out.fits 

 sersic    : (   26.56,    26.24)   22.24      4.44   [1.00]   0.84   -10.36
             (    0.26,     0.30)    0.09      0.35   [0.00]   0.06    16.77
 sky       : [ 25.50,  25.50]  -3.09e-04  [0.00e+00]  [0.00e+00]
                                1.54e-04  [0.00e+00]  [0.00e+00]
 Chi^2 = 1629.34512,  ndof = 2493
 Chi^2/nu = 0.654 

-----------------------------------------------------------------------------
-----------------------------------------------------------------------------

Input image     : /mnt/c/Users/lenovo/Desktop/Bhardwajetal_2024_nature_inclination_angle-main/cropped_host_galaxies/20210320C_flux.fits[1:50,1:50] 
Init. par. file : galfit.feedme 
Restart file    : galfit.08 
Output image    : out.fits 

 sersic    : (   26.56,    26.24)   22.24      4.44   [1.00]   0.84   -10.36
             (    0.26,     0.30)    0.09      0.35   [0.00]   0.06    16.77
 sky       : [ 25.50,  25.50]  -3.09e-04  [0.00e+00]  [0.00e+00]
                                1.54e-04  [0.00e+00]  [0.00e+00]
 Chi^2 = 1629.34512,  ndof = 2493
 Chi^2/nu = 0.654 

-----------------------------------------------------------------------------
-----------------------------------------------------------------------------

Input image     : /mnt/c/Users/lenovo/Desktop/Bhardwajetal_2024_nature_inclination_angle-main/cropped_host_galaxies/20210320C_flux.fits[1:50,1:50] 
Init. par. file : galfit.feedme 
Restart file    : galfit.09 
Output image    : out.fits 

 sersic    : (   26.56,    26.24)   22.24      4.44   [1.00]   0.84   -10.36
             (    0.26,     0.30)    0.09      0.35   [0.00]   0.06    16.77
 sky       : [ 25.50,  25.50]  -3.09e-04  [0.00e+00]  [0.00e+00]
                                1.54e-04  [0.00e+00]  [0.00e+00]
 Chi^2 = 1629.34512,  ndof = 2493
 Chi^2/nu = 0.654 

-----------------------------------------------------------------------------
