-----------------------------------------------------------------------------

Input image     : /mnt/c/Users/lenovo/Desktop/Bhardwajetal_2024_nature_inclination_angle-main/cropped_host_galaxies/20211203C_flux.fits[1:45,1:45] 
Init. par. file : galfit.feedme 
Restart file    : galfit.01 
Output image    : out.fits 

 sersic    : (   25.07,    25.87)   24.72      4.44    6.00   *0.07*  -27.92
             (    1.13,     1.25)    0.31      2.69   12.16   *0.09*    4.40
 sky       : [ 23.00,  23.00]  -5.60e-04  [0.00e+00]  [0.00e+00]
                                8.89e-05  [0.00e+00]  [0.00e+00]
 Chi^2 = 1295.65588,  ndof = 2017
 Chi^2/nu = 0.642 

-----------------------------------------------------------------------------
-----------------------------------------------------------------------------

Input image     : /mnt/c/Users/lenovo/Desktop/Bhardwajetal_2024_nature_inclination_angle-main/cropped_host_galaxies/20211203C_flux.fits[1:45,1:45] 
Init. par. file : galfit.feedme 
Restart file    : galfit.02 
Output image    : out.fits 

 sersic    : (   25.03,    25.53)   24.64      2.96    0.69    0.61   -32.91
             (    0.59,     0.72)    0.24      1.28    1.04    0.32    36.47
 sky       : [ 23.00,  23.00]  -5.37e-04  [0.00e+00]  [0.00e+00]
                                8.89e-05  [0.00e+00]  [0.00e+00]
 Chi^2 = 1294.83184,  ndof = 2017
 Chi^2/nu = 0.642 

-----------------------------------------------------------------------------
-----------------------------------------------------------------------------

Input image     : /mnt/c/Users/lenovo/Desktop/Bhardwajetal_2024_nature_inclination_angle-main/cropped_host_galaxies/20211203C_flux.fits[1:45,1:45] 
Init. par. file : galfit.feedme 
Restart file    : galfit.03 
Output image    : out.fits 

 sersic    : (   25.03,    25.53)   24.64      2.96    0.69    0.61   -32.91
             (    0.59,     0.72)    0.24      1.28    1.04    0.32    36.47
 sky       : [ 23.00,  23.00]  -5.37e-04  [0.00e+00]  [0.00e+00]
                                8.89e-05  [0.00e+00]  [0.00e+00]
 Chi^2 = 1294.83184,  ndof = 2017
 Chi^2/nu = 0.642 

-----------------------------------------------------------------------------
-----------------------------------------------------------------------------

Input image     : /mnt/c/Users/lenovo/Desktop/Bhardwajetal_2024_nature_inclination_angle-main/cropped_host_galaxies/20211203C_flux.fits[1:45,1:45] 
Init. par. file : galfit.feedme 
Restart file    : galfit.04 
Output image    : out.fits 

 sersic    : (   25.03,    25.53)   24.64      2.96    0.69    0.61   -32.91
             (    0.59,     0.72)    0.24      1.28    1.04    0.32    36.47
 sky       : [ 23.00,  23.00]  -5.37e-04  [0.00e+00]  [0.00e+00]
                                8.89e-05  [0.00e+00]  [0.00e+00]
 Chi^2 = 1294.83184,  ndof = 2017
 Chi^2/nu = 0.642 

-----------------------------------------------------------------------------
-----------------------------------------------------------------------------

Input image     : /mnt/c/Users/lenovo/Desktop/Bhardwajetal_2024_nature_inclination_angle-main/cropped_host_galaxies/20211203C_flux.fits[1:45,1:45] 
Init. par. file : galfit.feedme 
Restart file    : galfit.05 
Output image    : out.fits 

 sersic    : (   25.03,    25.53)   24.64      2.96    0.69    0.61   -32.91
             (    0.59,     0.72)    0.24      1.28    1.04    0.32    36.47
 sky       : [ 23.00,  23.00]  -5.37e-04  [0.00e+00]  [0.00e+00]
                                8.89e-05  [0.00e+00]  [0.00e+00]
 Chi^2 = 1294.83184,  ndof = 2017
 Chi^2/nu = 0.642 

-----------------------------------------------------------------------------
-----------------------------------------------------------------------------

Input image     : /mnt/c/Users/lenovo/Desktop/Bhardwajetal_2024_nature_inclination_angle-main/cropped_host_galaxies/20211203C_flux.fits[1:45,1:45] 
Init. par. file : galfit.feedme 
Restart file    : galfit.06 
Output image    : out.fits 

 sersic    : (   25.06,    25.56)   24.66      2.71   [1.00]   0.58   -30.36
             (    0.59,     0.74)    0.24      1.03   [0.00]   0.36    35.09
 sky       : [ 23.00,  23.00]  -5.40e-04  [0.00e+00]  [0.00e+00]
                                8.89e-05  [0.00e+00]  [0.00e+00]
 Chi^2 = 1294.87681,  ndof = 2018
 Chi^2/nu = 0.642 

-----------------------------------------------------------------------------
-----------------------------------------------------------------------------

Input image     : /mnt/c/Users/lenovo/Desktop/Bhardwajetal_2024_nature_inclination_angle-main/cropped_host_galaxies/20211203C_flux.fits[1:45,1:45] 
Init. par. file : galfit.feedme 
Restart file    : galfit.07 
Output image    : out.fits 

 sersic    : (   25.06,    25.56)   24.66      2.71   [1.00]   0.58   -30.36
             (    0.59,     0.74)    0.24      1.03   [0.00]   0.36    35.09
 sky       : [ 23.00,  23.00]  -5.40e-04  [0.00e+00]  [0.00e+00]
                                8.89e-05  [0.00e+00]  [0.00e+00]
 Chi^2 = 1294.87681,  ndof = 2018
 Chi^2/nu = 0.642 

-----------------------------------------------------------------------------
-----------------------------------------------------------------------------

Input image     : /mnt/c/Users/lenovo/Desktop/Bhardwajetal_2024_nature_inclination_angle-main/cropped_host_galaxies/20211203C_flux.fits[1:45,1:45] 
Init. par. file : galfit.feedme 
Restart file    : galfit.08 
Output image    : out.fits 

 sersic    : (   25.06,    25.56)   24.66      2.71   [1.00]   0.58   -30.36
             (    0.59,     0.74)    0.24      1.03   [0.00]   0.36    35.09
 sky       : [ 23.00,  23.00]  -5.40e-04  [0.00e+00]  [0.00e+00]
                                8.89e-05  [0.00e+00]  [0.00e+00]
 Chi^2 = 1294.87681,  ndof = 2018
 Chi^2/nu = 0.642 

-----------------------------------------------------------------------------
-----------------------------------------------------------------------------

Input image     : /mnt/c/Users/lenovo/Desktop/Bhardwajetal_2024_nature_inclination_angle-main/cropped_host_galaxies/20211203C_flux.fits[1:45,1:45] 
Init. par. file : galfit.feedme 
Restart file    : galfit.09 
Output image    : out.fits 

 sersic    : (   25.06,    25.56)   24.66      2.71   [1.00]   0.58   -30.36
             (    0.59,     0.74)    0.24      1.03   [0.00]   0.36    35.09
 sky       : [ 23.00,  23.00]  -5.40e-04  [0.00e+00]  [0.00e+00]
                                8.89e-05  [0.00e+00]  [0.00e+00]
 Chi^2 = 1294.87681,  ndof = 2018
 Chi^2/nu = 0.642 

-----------------------------------------------------------------------------
