-----------------------------------------------------------------------------

Input image     : /mnt/c/Users/lenovo/Desktop/Bhardwajetal_2024_nature_inclination_angle-main/cropped_host_galaxies/20171020A_flux.fits[1:145,1:145] 
Init. par. file : galfit.feedme 
Restart file    : galfit.01 
Output image    : out.fits 

 sersic    : (   65.49,    67.98)   15.14     45.89    0.54    0.39   -50.88
             (    0.08,     0.07)    0.01      0.18    0.00    0.00     0.11
 sky       : [ 73.00,  73.00]    12.79  [0.00e+00]  [0.00e+00]
                                  1.83  [0.00e+00]  [0.00e+00]
 Chi^2 = 3580641833795.37109,  ndof = 21017
 Chi^2/nu = 170368836.361 

-----------------------------------------------------------------------------
-----------------------------------------------------------------------------

Input image     : /mnt/c/Users/lenovo/Desktop/Bhardwajetal_2024_nature_inclination_angle-main/cropped_host_galaxies/20171020A_flux.fits[1:145,1:145] 
Init. par. file : galfit.feedme 
Restart file    : galfit.02 
Output image    : out.fits 

 sersic    : (   65.49,    67.98)   15.14     45.89    0.54    0.39   -50.88
             (    0.08,     0.07)    0.01      0.18    0.00    0.00     0.11
 sky       : [ 73.00,  73.00]    12.79  [0.00e+00]  [0.00e+00]
                                  1.83  [0.00e+00]  [0.00e+00]
 Chi^2 = 6264623.21262,  ndof = 21017
 Chi^2/nu = 298.074 

-----------------------------------------------------------------------------
-----------------------------------------------------------------------------

Input image     : /mnt/c/Users/lenovo/Desktop/Bhardwajetal_2024_nature_inclination_angle-main/cropped_host_galaxies/20171020A_flux.fits[1:145,1:145] 
Init. par. file : galfit.feedme 
Restart file    : galfit.03 
Output image    : out.fits 

 sersic    : (   65.49,    67.98)   15.14     45.89    0.54    0.39   -50.88
             (    0.08,     0.07)    0.01      0.18    0.00    0.00     0.11
 sky       : [ 73.00,  73.00]    12.79  [0.00e+00]  [0.00e+00]
                                  1.83  [0.00e+00]  [0.00e+00]
 Chi^2 = 3580641833795.37109,  ndof = 21017
 Chi^2/nu = 170368836.361 

-----------------------------------------------------------------------------
