-----------------------------------------------------------------------------

Input image     : /mnt/c/Users/lenovo/Desktop/Bhardwajetal_2024_nature_inclination_angle-main/cropped_host_galaxies/20221106A_flux.fits[1:60,1:52] 
Init. par. file : galfit.feedme 
Restart file    : galfit.01 
Output image    : out.fits 

 sersic    : (   34.51,    25.28)   18.30      6.78    1.11    0.77    22.96
             (    0.02,     0.02)    0.01      0.07    0.01    0.00     0.87
 sky       : [ 30.50,  26.50]  1.80e-03  [0.00e+00]  [0.00e+00]
                                1.39e-04  [0.00e+00]  [0.00e+00]
 Chi^2 = 23448.42016,  ndof = 3112
 Chi^2/nu = 7.535 

-----------------------------------------------------------------------------
-----------------------------------------------------------------------------

Input image     : /mnt/c/Users/lenovo/Desktop/Bhardwajetal_2024_nature_inclination_angle-main/cropped_host_galaxies/20221106A_flux.fits[1:61,1:53] 
Init. par. file : galfit.feedme 
Restart file    : galfit.02 
Output image    : out.fits 

 sersic    : (   34.51,    25.28)   18.30      6.79    1.11    0.77    22.95
             (    0.02,     0.02)    0.01      0.07    0.01    0.00     0.86
 sky       : [ 31.00,  27.00]  1.75e-03  [0.00e+00]  [0.00e+00]
                                1.34e-04  [0.00e+00]  [0.00e+00]
 Chi^2 = 23536.06576,  ndof = 3225
 Chi^2/nu = 7.298 

-----------------------------------------------------------------------------
