-----------------------------------------------------------------------------

Input image     : /mnt/c/Users/lenovo/Desktop/Bhardwajetal_2024_nature_inclination_angle-main/cropped_host_galaxies/20220207C_flux.fits[1:160,1:160] 
Init. par. file : galfit.feedme 
Restart file    : galfit.01 
Output image    : out.fits 

 sersic    : (  104.50,   105.20)   18.05     24.29    0.51    0.22    43.81
             (    0.19,     0.20)    0.01      0.35    0.02    0.00     0.30
 sky       : [ 80.50,  80.50]     4.96  [0.00e+00]  [0.00e+00]
                                  0.87  [0.00e+00]  [0.00e+00]
 Chi^2 = 31686.44366,  ndof = 25592
 Chi^2/nu = 1.238 

-----------------------------------------------------------------------------
-----------------------------------------------------------------------------

Input image     : /mnt/c/Users/lenovo/Desktop/Bhardwajetal_2024_nature_inclination_angle-main/cropped_host_galaxies/20220207C_flux.fits[1:160,1:160] 
Init. par. file : galfit.feedme 
Restart file    : galfit.02 
Output image    : out.fits 

 sersic    : (  104.50,   105.20)   18.05     24.29    0.51    0.22    43.81
             (    0.19,     0.20)    0.01      0.35    0.02    0.00     0.30
 sky       : [ 80.50,  80.50]     4.96  [0.00e+00]  [0.00e+00]
                                  0.87  [0.00e+00]  [0.00e+00]
 Chi^2 = 31686.44366,  ndof = 25592
 Chi^2/nu = 1.238 

-----------------------------------------------------------------------------
-----------------------------------------------------------------------------

Input image     : /mnt/c/Users/lenovo/Desktop/Bhardwajetal_2024_nature_inclination_angle-main/cropped_host_galaxies/20220207C_flux.fits[1:160,1:160] 
Init. par. file : galfit.feedme 
Restart file    : galfit.03 
Output image    : out.fits 

 sersic    : (  104.50,   105.20)   18.05     24.29    0.51    0.22    43.81
             (    0.19,     0.20)    0.01      0.35    0.02    0.00     0.30
 sky       : [ 80.50,  80.50]     4.96  [0.00e+00]  [0.00e+00]
                                  0.87  [0.00e+00]  [0.00e+00]
 Chi^2 = 31686.44366,  ndof = 25592
 Chi^2/nu = 1.238 

-----------------------------------------------------------------------------
-----------------------------------------------------------------------------

Input image     : /mnt/c/Users/lenovo/Desktop/Bhardwajetal_2024_nature_inclination_angle-main/cropped_host_galaxies/20220207C_flux.fits[1:90,1:80] 
Init. par. file : galfit.feedme 
Restart file    : galfit.04 
Output image    : out.fits 

 sersic    : (   45.51,    41.19)   18.05     24.29    0.51    0.22    43.74
             (    0.18,     0.18)    0.01      0.34    0.02    0.00     0.28
 sky       : [ 45.50,  40.50]     5.33  [0.00e+00]  [0.00e+00]
                                  1.87  [0.00e+00]  [0.00e+00]
 Chi^2 = 5956.07313,  ndof = 7192
 Chi^2/nu = 0.828 

-----------------------------------------------------------------------------
-----------------------------------------------------------------------------

Input image     : /mnt/c/Users/lenovo/Desktop/Bhardwajetal_2024_nature_inclination_angle-main/cropped_host_galaxies/20220207C_flux.fits[1:90,1:80] 
Init. par. file : galfit.feedme 
Restart file    : galfit.05 
Output image    : out.fits 

 sersic    : (   45.51,    41.19)   18.05     24.29    0.51    0.22    43.74
             (    0.18,     0.18)    0.01      0.34    0.02    0.00     0.28
 sky       : [ 45.50,  40.50]     5.33  [0.00e+00]  [0.00e+00]
                                  1.87  [0.00e+00]  [0.00e+00]
 Chi^2 = 5956.07313,  ndof = 7192
 Chi^2/nu = 0.828 

-----------------------------------------------------------------------------
-----------------------------------------------------------------------------

Input image     : /mnt/c/Users/lenovo/Desktop/Bhardwajetal_2024_nature_inclination_angle-main/cropped_host_galaxies/20220207C_flux.fits[1:90,1:80] 
Init. par. file : galfit.feedme 
Restart file    : galfit.06 
Output image    : out.fits 

 sersic    : (   45.58,    41.01)   17.84     29.74   [1.00]   0.21    43.71
             (    0.17,     0.18)    0.02      0.51   [0.00]   0.00     0.31
 sky       : [ 45.50,  40.50]    -2.70  [0.00e+00]  [0.00e+00]
                                  2.01  [0.00e+00]  [0.00e+00]
 Chi^2 = 6086.28131,  ndof = 7193
 Chi^2/nu = 0.846 

-----------------------------------------------------------------------------
-----------------------------------------------------------------------------

Input image     : /mnt/c/Users/lenovo/Desktop/Bhardwajetal_2024_nature_inclination_angle-main/cropped_host_galaxies/20220207C_flux.fits[1:90,1:80] 
Init. par. file : galfit.feedme 
Restart file    : galfit.07 
Output image    : out.fits 

 sersic    : (   45.58,    41.01)   17.84     29.74   [1.00]   0.21    43.71
             (    0.17,     0.18)    0.02      0.51   [0.00]   0.00     0.31
 sky       : [ 45.50,  40.50]    -2.70  [0.00e+00]  [0.00e+00]
                                  2.01  [0.00e+00]  [0.00e+00]
 Chi^2 = 6086.28131,  ndof = 7193
 Chi^2/nu = 0.846 

-----------------------------------------------------------------------------
-----------------------------------------------------------------------------

Input image     : /mnt/c/Users/lenovo/Desktop/Bhardwajetal_2024_nature_inclination_angle-main/cropped_host_galaxies/20220207C_flux.fits[1:90,1:80] 
Init. par. file : galfit.feedme 
Restart file    : galfit.08 
Output image    : out.fits 

 sersic    : (   45.58,    41.01)   17.84     29.74   [1.00]   0.21    43.71
             (    0.17,     0.18)    0.02      0.51   [0.00]   0.00     0.31
 sky       : [ 45.50,  40.50]    -2.70  [0.00e+00]  [0.00e+00]
                                  2.01  [0.00e+00]  [0.00e+00]
 Chi^2 = 6086.28131,  ndof = 7193
 Chi^2/nu = 0.846 

-----------------------------------------------------------------------------
-----------------------------------------------------------------------------

Input image     : /mnt/c/Users/lenovo/Desktop/Bhardwajetal_2024_nature_inclination_angle-main/cropped_host_galaxies/20220207C_flux.fits[1:90,1:80] 
Init. par. file : galfit.feedme 
Restart file    : galfit.09 
Output image    : out.fits 

 sersic    : (   45.58,    41.01)   17.84     29.74   [1.00]   0.21    43.71
             (    0.17,     0.18)    0.02      0.51   [0.00]   0.00     0.31
 sky       : [ 45.50,  40.50]    -2.70  [0.00e+00]  [0.00e+00]
                                  2.01  [0.00e+00]  [0.00e+00]
 Chi^2 = 6086.28131,  ndof = 7193
 Chi^2/nu = 0.846 

-----------------------------------------------------------------------------
-----------------------------------------------------------------------------

Input image     : /mnt/c/Users/lenovo/Desktop/Bhardwajetal_2024_nature_inclination_angle-main/cropped_host_galaxies/20220207C_flux.fits[1:90,1:80] 
Init. par. file : galfit.feedme 
Restart file    : galfit.10 
Output image    : out.fits 

 sersic    : (   45.58,    41.01)   17.84     29.74   [1.00]   0.21    43.71
             (    0.17,     0.18)    0.02      0.51   [0.00]   0.00     0.31
 sky       : [ 45.50,  40.50]    -2.70  [0.00e+00]  [0.00e+00]
                                  2.01  [0.00e+00]  [0.00e+00]
 Chi^2 = 6086.28131,  ndof = 7193
 Chi^2/nu = 0.846 

-----------------------------------------------------------------------------
-----------------------------------------------------------------------------

Input image     : /mnt/c/Users/lenovo/Desktop/Bhardwajetal_2024_nature_inclination_angle-main/cropped_host_galaxies/20220207C_flux.fits[1:90,1:80] 
Init. par. file : galfit.feedme 
Restart file    : galfit.11 
Output image    : out.fits 

 sersic    : (   45.58,    41.01)   17.84     29.74   [1.00]   0.21    43.71
             (    0.17,     0.18)    0.02      0.51   [0.00]   0.00     0.31
 sky       : [ 45.50,  40.50]    -2.70  [0.00e+00]  [0.00e+00]
                                  2.01  [0.00e+00]  [0.00e+00]
 Chi^2 = 6086.28131,  ndof = 7193
 Chi^2/nu = 0.846 

-----------------------------------------------------------------------------
