-----------------------------------------------------------------------------

Input image     : /mnt/c/Users/lenovo/Desktop/Bhardwajetal_2024_nature_inclination_angle-main/cropped_host_galaxies/20220307B_flux.fits[1:29,1:29] 
Init. par. file : galfit.feedme 
Restart file    : galfit.01 
Output image    : out.fits 

 sersic    : (    7.23,   *-2.50*)  18.62      5.38    6.00    0.59    86.26
             (    0.31,    *1.06*)   0.27      2.86    3.34    0.16    10.07
 sky       : [ 15.00,  15.00]   -10.94  [0.00e+00]  [0.00e+00]
                                  7.58  [0.00e+00]  [0.00e+00]
 Chi^2 = 810.56622,  ndof = 833
 Chi^2/nu = 0.973 

-----------------------------------------------------------------------------
-----------------------------------------------------------------------------

Input image     : /mnt/c/Users/lenovo/Desktop/Bhardwajetal_2024_nature_inclination_angle-main/cropped_host_galaxies/20220307B_flux.fits[1:29,1:29] 
Init. par. file : galfit.feedme 
Restart file    : galfit.02 
Output image    : out.fits 

 sersic    : (    6.90,   *-3.24*)  18.51      2.69    6.00    0.72   -70.39
             (    0.30,    *1.10*)   0.33      1.05    4.96    0.13    26.46
 sky       : [ 15.00,  15.00]    -8.61  [0.00e+00]  [0.00e+00]
                                  9.21  [0.00e+00]  [0.00e+00]
 Chi^2 = 798.37867,  ndof = 833
 Chi^2/nu = 0.958 

-----------------------------------------------------------------------------
-----------------------------------------------------------------------------

Input image     : /mnt/c/Users/lenovo/Desktop/Bhardwajetal_2024_nature_inclination_angle-main/cropped_host_galaxies/20220307B_flux.fits[1:29,1:29] 
Init. par. file : galfit.feedme 
Restart file    : galfit.03 
Output image    : out.fits 

 sersic    : (    8.46,   *-4.91*)  18.07      2.69    0.75    0.54    42.41
             (    0.87,    *2.57*)   1.07      1.69    0.76    0.29    31.64
 sky       : [ 15.00,  15.00]     9.91  [0.00e+00]  [0.00e+00]
                                  4.22  [0.00e+00]  [0.00e+00]
 Chi^2 = 798.66104,  ndof = 833
 Chi^2/nu = 0.959 

-----------------------------------------------------------------------------
-----------------------------------------------------------------------------

Input image     : /mnt/c/Users/lenovo/Desktop/Bhardwajetal_2024_nature_inclination_angle-main/cropped_host_galaxies/20220307B_flux.fits[1:46,1:38] 
Init. par. file : galfit.feedme 
Restart file    : galfit.04 
Output image    : out.fits 

 sersic    : (   25.27,    21.19)   19.81      5.82    0.65    0.65    80.74
             (    0.15,     0.11)    0.04      0.23    0.10    0.03     3.68
 sky       : [ 23.50,  19.50]    -5.67  [0.00e+00]  [0.00e+00]
                                  3.79  [0.00e+00]  [0.00e+00]
 Chi^2 = 1484.16649,  ndof = 1740
 Chi^2/nu = 0.853 

-----------------------------------------------------------------------------
-----------------------------------------------------------------------------

Input image     : /mnt/c/Users/lenovo/Desktop/Bhardwajetal_2024_nature_inclination_angle-main/cropped_host_galaxies/20220307B_flux.fits[1:46,1:38] 
Init. par. file : galfit.feedme 
Restart file    : galfit.05 
Output image    : out.fits 

 sersic    : (   25.27,    21.19)   19.81      5.82    0.65    0.65    80.74
             (    0.15,     0.11)    0.04      0.23    0.10    0.03     3.68
 sky       : [ 23.50,  19.50]    -5.67  [0.00e+00]  [0.00e+00]
                                  3.79  [0.00e+00]  [0.00e+00]
 Chi^2 = 1484.16649,  ndof = 1740
 Chi^2/nu = 0.853 

-----------------------------------------------------------------------------
-----------------------------------------------------------------------------

Input image     : /mnt/c/Users/lenovo/Desktop/Bhardwajetal_2024_nature_inclination_angle-main/cropped_host_galaxies/20220307B_flux.fits[1:46,1:38] 
Init. par. file : galfit.feedme 
Restart file    : galfit.06 
Output image    : out.fits 

 sersic    : (   25.27,    21.21)   19.70      6.30   [1.00]   0.65    80.91
             (    0.14,     0.11)    0.03      0.27   [0.00]   0.03     3.88
 sky       : [ 23.50,  19.50]   -11.38  [0.00e+00]  [0.00e+00]
                                  3.77  [0.00e+00]  [0.00e+00]
 Chi^2 = 1488.49940,  ndof = 1741
 Chi^2/nu = 0.855 

-----------------------------------------------------------------------------
-----------------------------------------------------------------------------

Input image     : /mnt/c/Users/lenovo/Desktop/Bhardwajetal_2024_nature_inclination_angle-main/cropped_host_galaxies/20220307B_flux.fits[1:46,1:38] 
Init. par. file : galfit.feedme 
Restart file    : galfit.07 
Output image    : out.fits 

 sersic    : (   25.27,    21.21)   19.70      6.30   [1.00]   0.65    80.91
             (    0.14,     0.11)    0.03      0.27   [0.00]   0.03     3.88
 sky       : [ 23.50,  19.50]   -11.38  [0.00e+00]  [0.00e+00]
                                  3.77  [0.00e+00]  [0.00e+00]
 Chi^2 = 1488.49940,  ndof = 1741
 Chi^2/nu = 0.855 

-----------------------------------------------------------------------------
-----------------------------------------------------------------------------

Input image     : /mnt/c/Users/lenovo/Desktop/Bhardwajetal_2024_nature_inclination_angle-main/cropped_host_galaxies/20220307B_flux.fits[1:46,1:38] 
Init. par. file : galfit.feedme 
Restart file    : galfit.08 
Output image    : out.fits 

 sersic    : (   25.27,    21.21)   19.70      6.30   [1.00]   0.65    80.91
             (    0.14,     0.11)    0.03      0.27   [0.00]   0.03     3.88
 sky       : [ 23.50,  19.50]   -11.38  [0.00e+00]  [0.00e+00]
                                  3.77  [0.00e+00]  [0.00e+00]
 Chi^2 = 1488.49940,  ndof = 1741
 Chi^2/nu = 0.855 

-----------------------------------------------------------------------------
-----------------------------------------------------------------------------

Input image     : /mnt/c/Users/lenovo/Desktop/Bhardwajetal_2024_nature_inclination_angle-main/cropped_host_galaxies/20220307B_flux.fits[1:46,1:38] 
Init. par. file : galfit.feedme 
Restart file    : galfit.09 
Output image    : out.fits 

 sersic    : (   25.27,    21.21)   19.70      6.30   [1.00]   0.65    80.91
             (    0.14,     0.11)    0.03      0.27   [0.00]   0.03     3.88
 sky       : [ 23.50,  19.50]   -11.38  [0.00e+00]  [0.00e+00]
                                  3.77  [0.00e+00]  [0.00e+00]
 Chi^2 = 1488.49940,  ndof = 1741
 Chi^2/nu = 0.855 

-----------------------------------------------------------------------------
