-----------------------------------------------------------------------------

Input image     : /mnt/c/Users/lenovo/Desktop/Bhardwajetal_2024_nature_inclination_angle-main/cropped_host_galaxies/20180924B_flux.fits[1:165,1:165] 
Init. par. file : galfit.feedme 
Restart file    : galfit.01 
Output image    : out.fits 

 sersic    : (  106.56,    47.35)   24.53    223.82    2.21   *0.07*  -33.31
             (    5.71,     8.78)    2.57    623.58    2.67   *0.03*    2.98
 sky       : [ 83.00,  83.00]  1.71e-06  [0.00e+00]  [0.00e+00]
                                1.29e-05  [0.00e+00]  [0.00e+00]
 Chi^2 = 17302.34658,  ndof = 27217
 Chi^2/nu = 0.636 

-----------------------------------------------------------------------------
-----------------------------------------------------------------------------

Input image     : /mnt/c/Users/lenovo/Desktop/Bhardwajetal_2024_nature_inclination_angle-main/cropped_host_galaxies/20180924B_flux.fits[1:56,1:56] 
Init. par. file : galfit.feedme 
Restart file    : galfit.02 
Output image    : out.fits 

 sersic    : (   28.45,    28.33)   23.03      4.74    0.73    0.85     2.26
             (    0.31,     0.32)    0.09      0.33    0.12    0.06    17.17
 sky       : [ 28.50,  28.50]  4.12e-04  [0.00e+00]  [0.00e+00]
                                2.90e-05  [0.00e+00]  [0.00e+00]
 Chi^2 = 928.26641,  ndof = 3128
 Chi^2/nu = 0.297 

-----------------------------------------------------------------------------
-----------------------------------------------------------------------------

Input image     : /mnt/c/Users/lenovo/Desktop/Bhardwajetal_2024_nature_inclination_angle-main/cropped_host_galaxies/20180924B_flux.fits[1:56,1:56] 
Init. par. file : galfit.feedme 
Restart file    : galfit.03 
Output image    : out.fits 

 sersic    : (   28.49,    28.42)   23.03      3.90    0.83    0.92    -7.64
             (    0.26,     0.28)    0.08      0.33    0.14    0.07    38.70
 sky       : [ 28.50,  28.50]  4.12e-04  [0.00e+00]  [0.00e+00]
                                2.90e-05  [0.00e+00]  [0.00e+00]
 Chi^2 = 926.16723,  ndof = 3128
 Chi^2/nu = 0.296 

-----------------------------------------------------------------------------
-----------------------------------------------------------------------------

Input image     : /mnt/c/Users/lenovo/Desktop/Bhardwajetal_2024_nature_inclination_angle-main/cropped_host_galaxies/20180924B_flux.fits[1:56,1:56] 
Init. par. file : galfit.feedme 
Restart file    : galfit.04 
Output image    : out.fits 

 sersic    : (   28.49,    28.42)   23.03      3.90    0.83    0.92    -7.64
             (    0.26,     0.28)    0.08      0.33    0.14    0.07    38.70
 sky       : [ 28.50,  28.50]  4.12e-04  [0.00e+00]  [0.00e+00]
                                2.90e-05  [0.00e+00]  [0.00e+00]
 Chi^2 = 926.16723,  ndof = 3128
 Chi^2/nu = 0.296 

-----------------------------------------------------------------------------
-----------------------------------------------------------------------------

Input image     : /mnt/c/Users/lenovo/Desktop/Bhardwajetal_2024_nature_inclination_angle-main/cropped_host_galaxies/20180924B_flux.fits[1:56,1:56] 
Init. par. file : galfit.feedme 
Restart file    : galfit.05 
Output image    : out.fits 

 sersic    : (   28.49,    28.42)   23.03      3.90    0.83    0.92    -7.64
             (    0.26,     0.28)    0.08      0.33    0.14    0.07    38.70
 sky       : [ 28.50,  28.50]  4.12e-04  [0.00e+00]  [0.00e+00]
                                2.90e-05  [0.00e+00]  [0.00e+00]
 Chi^2 = 926.16723,  ndof = 3128
 Chi^2/nu = 0.296 

-----------------------------------------------------------------------------
-----------------------------------------------------------------------------

Input image     : /mnt/c/Users/lenovo/Desktop/Bhardwajetal_2024_nature_inclination_angle-main/cropped_host_galaxies/20180924B_flux.fits[1:56,1:56] 
Init. par. file : galfit.feedme 
Restart file    : galfit.06 
Output image    : out.fits 

 sersic    : (   28.49,    28.42)   23.03      3.90    0.83    0.92    -7.64
             (    0.26,     0.28)    0.08      0.33    0.14    0.07    38.70
 sky       : [ 28.50,  28.50]  4.12e-04  [0.00e+00]  [0.00e+00]
                                2.90e-05  [0.00e+00]  [0.00e+00]
 Chi^2 = 926.16723,  ndof = 3128
 Chi^2/nu = 0.296 

-----------------------------------------------------------------------------
-----------------------------------------------------------------------------

Input image     : /mnt/c/Users/lenovo/Desktop/Bhardwajetal_2024_nature_inclination_angle-main/cropped_host_galaxies/20180924B_flux.fits[1:56,1:56] 
Init. par. file : galfit.feedme 
Restart file    : galfit.07 
Output image    : out.fits 

 sersic    : (   28.49,    28.43)   23.05      3.73   [1.00]   0.94    11.46
             (    0.24,     0.26)    0.08      0.33   [0.00]   0.07    56.07
 sky       : [ 28.50,  28.50]  4.04e-04  [0.00e+00]  [0.00e+00]
                                2.90e-05  [0.00e+00]  [0.00e+00]
 Chi^2 = 926.86391,  ndof = 3129
 Chi^2/nu = 0.296 

-----------------------------------------------------------------------------
-----------------------------------------------------------------------------

Input image     : /mnt/c/Users/lenovo/Desktop/Bhardwajetal_2024_nature_inclination_angle-main/cropped_host_galaxies/20180924B_flux.fits[1:56,1:56] 
Init. par. file : galfit.feedme 
Restart file    : galfit.08 
Output image    : out.fits 

 sersic    : (   28.49,    28.43)   23.05      3.73   [1.00]   0.94    11.46
             (    0.24,     0.26)    0.08      0.33   [0.00]   0.07    56.07
 sky       : [ 28.50,  28.50]  4.04e-04  [0.00e+00]  [0.00e+00]
                                2.90e-05  [0.00e+00]  [0.00e+00]
 Chi^2 = 926.86391,  ndof = 3129
 Chi^2/nu = 0.296 

-----------------------------------------------------------------------------
-----------------------------------------------------------------------------

Input image     : /mnt/c/Users/lenovo/Desktop/Bhardwajetal_2024_nature_inclination_angle-main/cropped_host_galaxies/20180924B_flux.fits[1:56,1:56] 
Init. par. file : galfit.feedme 
Restart file    : galfit.09 
Output image    : out.fits 

 sersic    : (   28.49,    28.43)   23.05      3.73   [1.00]   0.94    11.46
             (    0.24,     0.26)    0.08      0.33   [0.00]   0.07    56.07
 sky       : [ 28.50,  28.50]  4.04e-04  [0.00e+00]  [0.00e+00]
                                2.90e-05  [0.00e+00]  [0.00e+00]
 Chi^2 = 926.86391,  ndof = 3129
 Chi^2/nu = 0.296 

-----------------------------------------------------------------------------
-----------------------------------------------------------------------------

Input image     : /mnt/c/Users/lenovo/Desktop/Bhardwajetal_2024_nature_inclination_angle-main/cropped_host_galaxies/20180924B_flux.fits[1:56,1:56] 
Init. par. file : galfit.feedme 
Restart file    : galfit.10 
Output image    : out.fits 

 sersic    : (   28.49,    28.43)   23.05      3.73   [1.00]   0.94    11.46
             (    0.24,     0.26)    0.08      0.33   [0.00]   0.07    56.07
 sky       : [ 28.50,  28.50]  4.04e-04  [0.00e+00]  [0.00e+00]
                                2.90e-05  [0.00e+00]  [0.00e+00]
 Chi^2 = 926.86391,  ndof = 3129
 Chi^2/nu = 0.296 

-----------------------------------------------------------------------------
