-----------------------------------------------------------------------------

Input image     : /mnt/c/Users/lenovo/Desktop/Bhardwajetal_2024_nature_inclination_angle-main/cropped_host_galaxies/20230902A_flux.fits[1:30,1:30] 
Init. par. file : galfit.feedme 
Restart file    : galfit.01 
Output image    : out.fits 

 sersic    : (   16.91,    14.38)   21.53      3.30    0.68    0.83    -3.03
             (    0.02,     0.03)    0.01      0.05    0.01    0.01     2.50
 sky       : [ 15.50,  15.50]  1.22e-04  [0.00e+00]  [0.00e+00]
                                6.52e-05  [0.00e+00]  [0.00e+00]
 Chi^2 = 694.87653,  ndof = 892
 Chi^2/nu = 0.779 

-----------------------------------------------------------------------------
-----------------------------------------------------------------------------

Input image     : /mnt/c/Users/lenovo/Desktop/Bhardwajetal_2024_nature_inclination_angle-main/cropped_host_galaxies/20230902A_flux.fits[1:31,1:31] 
Init. par. file : galfit.feedme 
Restart file    : galfit.02 
Output image    : out.fits 

 sersic    : (   16.91,    14.38)   21.54      3.29    0.68    0.83    -3.03
             (    0.02,     0.03)    0.01      0.05    0.01    0.01     2.49
 sky       : [ 16.00,  16.00]  1.43e-04  [0.00e+00]  [0.00e+00]
                                6.28e-05  [0.00e+00]  [0.00e+00]
 Chi^2 = 736.80131,  ndof = 953
 Chi^2/nu = 0.773 

-----------------------------------------------------------------------------
