-----------------------------------------------------------------------------

Input image     : /mnt/c/Users/lenovo/Desktop/Bhardwajetal_2024_nature_inclination_angle-main/cropped_host_galaxies/20240201A_flux.fits[1:116,1:73] 
Init. par. file : galfit.feedme 
Restart file    : galfit.01 
Output image    : out.fits 

 sersic    : (   67.50,    30.45)   16.99     17.46    0.74    0.18    62.18
             (    0.03,     0.02)    0.00      0.05    0.01    0.00     0.05
 sky       : [ 58.50,  37.00]  4.07e-03  [0.00e+00]  [0.00e+00]
                                8.95e-05  [0.00e+00]  [0.00e+00]
 Chi^2 = 17332.74340,  ndof = 8460
 Chi^2/nu = 2.049 

-----------------------------------------------------------------------------
-----------------------------------------------------------------------------

Input image     : /mnt/c/Users/lenovo/Desktop/Bhardwajetal_2024_nature_inclination_angle-main/cropped_host_galaxies/20240201A_flux.fits[1:116,1:73] 
Init. par. file : galfit.feedme 
Restart file    : galfit.02 
Output image    : out.fits 

 sersic    : (   67.50,    30.45)   16.99     17.46    0.74    0.18    62.18
             (    0.03,     0.02)    0.00      0.05    0.01    0.00     0.05
 sky       : [ 58.50,  37.00]  4.07e-03  [0.00e+00]  [0.00e+00]
                                8.95e-05  [0.00e+00]  [0.00e+00]
 Chi^2 = 17332.74340,  ndof = 8460
 Chi^2/nu = 2.049 

-----------------------------------------------------------------------------
-----------------------------------------------------------------------------

Input image     : /mnt/c/Users/lenovo/Desktop/Bhardwajetal_2024_nature_inclination_angle-main/cropped_host_galaxies/20240201A_flux.fits[1:116,1:73] 
Init. par. file : galfit.feedme 
Restart file    : galfit.03 
Output image    : out.fits 

 sersic    : (   67.50,    30.45)   16.99     17.46    0.74    0.18    62.18
             (    0.03,     0.02)    0.00      0.05    0.01    0.00     0.05
 sky       : [ 58.50,  37.00]  4.07e-03  [0.00e+00]  [0.00e+00]
                                8.95e-05  [0.00e+00]  [0.00e+00]
 Chi^2 = 17332.74340,  ndof = 8460
 Chi^2/nu = 2.049 

-----------------------------------------------------------------------------
-----------------------------------------------------------------------------

Input image     : /mnt/c/Users/lenovo/Desktop/Bhardwajetal_2024_nature_inclination_angle-main/cropped_host_galaxies/20240201A_flux.fits[1:116,1:73] 
Init. par. file : galfit.feedme 
Restart file    : galfit.04 
Output image    : out.fits 

 sersic    : (   67.50,    30.45)   16.99     17.46    0.74    0.18    62.18
             (    0.03,     0.02)    0.00      0.05    0.01    0.00     0.05
 sky       : [ 58.50,  37.00]  4.07e-03  [0.00e+00]  [0.00e+00]
                                8.95e-05  [0.00e+00]  [0.00e+00]
 Chi^2 = 17332.74340,  ndof = 8460
 Chi^2/nu = 2.049 

-----------------------------------------------------------------------------
-----------------------------------------------------------------------------

Input image     : /mnt/c/Users/lenovo/Desktop/Bhardwajetal_2024_nature_inclination_angle-main/cropped_host_galaxies/20240201A_flux.fits[1:117,1:74] 
Init. par. file : galfit.feedme 
Restart file    : galfit.05 
Output image    : out.fits 

 sersic    : (   67.50,    30.45)   16.99     17.46    0.74    0.18    62.18
             (    0.03,     0.02)    0.00      0.05    0.01    0.00     0.05
 sky       : [ 59.00,  37.50]  4.01e-03  [0.00e+00]  [0.00e+00]
                                8.79e-05  [0.00e+00]  [0.00e+00]
 Chi^2 = 17496.02024,  ndof = 8650
 Chi^2/nu = 2.023 

-----------------------------------------------------------------------------
