-----------------------------------------------------------------------------

Input image     : /mnt/c/Users/lenovo/Desktop/Bhardwajetal_2024_nature_inclination_angle-main/cropped_host_galaxies/20200430A_flux.fits[1:35,1:35] 
Init. par. file : galfit.feedme 
Restart file    : galfit.01 
Output image    : out.fits 

 sersic    : (   17.62,    20.16)   20.94      1.50    4.13   *0.04*   17.56
             (    0.14,     0.75)    0.29      0.41    2.30   *0.06*    3.99
 sky       : [ 18.00,  18.00]  -5.11e-04  [0.00e+00]  [0.00e+00]
                                1.65e-04  [0.00e+00]  [0.00e+00]
 Chi^2 = 823.80846,  ndof = 1217
 Chi^2/nu = 0.677 

-----------------------------------------------------------------------------
-----------------------------------------------------------------------------

Input image     : /mnt/c/Users/lenovo/Desktop/Bhardwajetal_2024_nature_inclination_angle-main/cropped_host_galaxies/20200430A_flux.fits[1:35,1:35] 
Init. par. file : galfit.feedme 
Restart file    : galfit.02 
Output image    : out.fits 

 sersic    : (   17.57,    20.26)   20.90      2.00    3.31   *0.04*   11.70
             (    0.08,     0.17)    0.25      1.26    2.96   *0.14*    2.57
 sky       : [ 18.00,  18.00]  -5.17e-04  [0.00e+00]  [0.00e+00]
                                1.66e-04  [0.00e+00]  [0.00e+00]
 Chi^2 = 832.02308,  ndof = 1217
 Chi^2/nu = 0.684 

-----------------------------------------------------------------------------
-----------------------------------------------------------------------------

Input image     : /mnt/c/Users/lenovo/Desktop/Bhardwajetal_2024_nature_inclination_angle-main/cropped_host_galaxies/20200430A_flux.fits[1:35,1:35] 
Init. par. file : galfit.feedme 
Restart file    : galfit.03 
Output image    : out.fits 

 sersic    : (   17.62,    20.16)   20.94      1.50    4.13   *0.04*   17.56
             (    0.14,     0.75)    0.29      0.41    2.30   *0.06*    3.99
 sky       : [ 18.00,  18.00]  -5.11e-04  [0.00e+00]  [0.00e+00]
                                1.65e-04  [0.00e+00]  [0.00e+00]
 Chi^2 = 823.80846,  ndof = 1217
 Chi^2/nu = 0.677 

-----------------------------------------------------------------------------
-----------------------------------------------------------------------------

Input image     : /mnt/c/Users/lenovo/Desktop/Bhardwajetal_2024_nature_inclination_angle-main/cropped_host_galaxies/20200430A_flux.fits[1:35,1:35] 
Init. par. file : galfit.feedme 
Restart file    : galfit.04 
Output image    : out.fits 

 sersic    : (   17.62,    20.16)   20.94      1.50    4.13   *0.04*   17.56
             (    0.14,     0.75)    0.29      0.41    2.30   *0.06*    3.99
 sky       : [ 18.00,  18.00]  -5.11e-04  [0.00e+00]  [0.00e+00]
                                1.65e-04  [0.00e+00]  [0.00e+00]
 Chi^2 = 823.80846,  ndof = 1217
 Chi^2/nu = 0.677 

-----------------------------------------------------------------------------
-----------------------------------------------------------------------------

Input image     : /mnt/c/Users/lenovo/Desktop/Bhardwajetal_2024_nature_inclination_angle-main/cropped_host_galaxies/20200430A_flux.fits[1:36,1:36] 
Init. par. file : galfit.feedme 
Restart file    : galfit.05 
Output image    : out.fits 

 sersic    : (   17.70,    20.16)   20.89      1.50    2.96   *0.04*   22.75
             (    0.11,     0.24)    0.28      0.21    1.11   *0.10*    4.86
 sky       : [ 18.50,  18.50]  -4.63e-04  [0.00e+00]  [0.00e+00]
                                1.58e-04  [0.00e+00]  [0.00e+00]
 Chi^2 = 859.38699,  ndof = 1288
 Chi^2/nu = 0.667 

-----------------------------------------------------------------------------
