-----------------------------------------------------------------------------

Input image     : /mnt/c/Users/lenovo/Desktop/Bhardwajetal_2024_nature_inclination_angle-main/cropped_host_galaxies/20211203C_flux.fits[1:45,1:45] 
Init. par. file : galfit.feedme 
Restart file    : galfit.01 
Output image    : out.fits 

 sersic    : (   25.25,    25.26)   24.61      2.93    2.08    0.46   -14.49
             (    0.11,     0.14)    0.10      0.35    0.97    0.09     6.48
 sky       : [ 23.00,  23.00]  -4.15e-06  [0.00e+00]  [0.00e+00]
                                9.23e-05  [0.00e+00]  [0.00e+00]
 Chi^2 = 1540.32062,  ndof = 2017
 Chi^2/nu = 0.764 

-----------------------------------------------------------------------------
-----------------------------------------------------------------------------

Input image     : /mnt/c/Users/lenovo/Desktop/Bhardwajetal_2024_nature_inclination_angle-main/cropped_host_galaxies/20211203C_flux.fits[1:45,1:45] 
Init. par. file : galfit.feedme 
Restart file    : galfit.02 
Output image    : out.fits 

 sersic    : (   25.25,    25.26)   24.61      2.93    2.08    0.46   -14.49
             (    0.11,     0.14)    0.10      0.35    0.97    0.09     6.48
 sky       : [ 23.00,  23.00]  -4.15e-06  [0.00e+00]  [0.00e+00]
                                9.23e-05  [0.00e+00]  [0.00e+00]
 Chi^2 = 1540.32062,  ndof = 2017
 Chi^2/nu = 0.764 

-----------------------------------------------------------------------------
-----------------------------------------------------------------------------

Input image     : /mnt/c/Users/lenovo/Desktop/Bhardwajetal_2024_nature_inclination_angle-main/cropped_host_galaxies/20211203C_flux.fits[1:45,1:45] 
Init. par. file : galfit.feedme 
Restart file    : galfit.03 
Output image    : out.fits 

 sersic    : (   25.26,    25.26)   24.73      2.76   [1.00]   0.42   -10.17
             (    0.10,     0.14)    0.03      0.26   [0.00]   0.08     5.41
 sky       : [ 23.00,  23.00]  6.57e-05  [0.00e+00]  [0.00e+00]
                                9.23e-05  [0.00e+00]  [0.00e+00]
 Chi^2 = 1541.32157,  ndof = 2018
 Chi^2/nu = 0.764 

-----------------------------------------------------------------------------
