-----------------------------------------------------------------------------

Input image     : /mnt/c/Users/lenovo/Desktop/Bhardwajetal_2024_nature_inclination_angle-main/cropped_host_galaxies/20220207C_flux.fits[1:90,1:80] 
Init. par. file : galfit.feedme 
Restart file    : galfit.01 
Output image    : out.fits 

 sersic    : (   45.51,    41.17)   18.05     24.17    0.51    0.22    43.77
             (    0.18,     0.18)    0.01      0.35    0.02    0.00     0.29
 sky       : [ 45.50,  40.50]     7.71  [0.00e+00]  [0.00e+00]
                                  1.88  [0.00e+00]  [0.00e+00]
 Chi^2 = 917044976205.70435,  ndof = 7192
 Chi^2/nu = 127509034.511 

-----------------------------------------------------------------------------
-----------------------------------------------------------------------------

Input image     : /mnt/c/Users/lenovo/Desktop/Bhardwajetal_2024_nature_inclination_angle-main/cropped_host_galaxies/20220207C_flux.fits[1:90,1:80] 
Init. par. file : galfit.feedme 
Restart file    : galfit.02 
Output image    : out.fits 

 sersic    : (   45.51,    41.17)   18.05     24.17    0.51    0.22    43.77
             (    0.18,     0.18)    0.01      0.35    0.02    0.00     0.29
 sky       : [ 45.50,  40.50]     7.71  [0.00e+00]  [0.00e+00]
                                  1.88  [0.00e+00]  [0.00e+00]
 Chi^2 = 1097978.63688,  ndof = 7192
 Chi^2/nu = 152.667 

-----------------------------------------------------------------------------
-----------------------------------------------------------------------------

Input image     : /mnt/c/Users/lenovo/Desktop/Bhardwajetal_2024_nature_inclination_angle-main/cropped_host_galaxies/20220207C_flux.fits[1:90,1:80] 
Init. par. file : galfit.feedme 
Restart file    : galfit.03 
Output image    : out.fits 

 sersic    : (   45.58,    40.98)   17.84     29.79   [1.00]   0.21    43.74
             (    0.17,     0.18)    0.02      0.52   [0.00]   0.00     0.31
 sky       : [ 45.50,  40.50]  -1.41e-01  [0.00e+00]  [0.00e+00]
                                2.01e+00  [0.00e+00]  [0.00e+00]
 Chi^2 = 937931344786.68555,  ndof = 7193
 Chi^2/nu = 130395015.263 

-----------------------------------------------------------------------------
