-----------------------------------------------------------------------------

Input image     : /mnt/c/Users/lenovo/Desktop/Bhardwajetal_2024_nature_inclination_angle-main/cropped_host_galaxies/20220207C_flux.fits[1:160,1:160] 
Init. par. file : galfit.feedme 
Restart file    : galfit.01 
Output image    : out.fits 

 sersic    : (  105.15,   105.01)   18.05     24.65    0.51    0.26    43.82
             (    0.19,     0.20)    0.01      0.35    0.02    0.00     0.30
 sky       : [ 80.50,  80.50]     5.10  [0.00e+00]  [0.00e+00]
                                  0.87  [0.00e+00]  [0.00e+00]
 Chi^2 = 31681.29783,  ndof = 25592
 Chi^2/nu = 1.238 

-----------------------------------------------------------------------------
-----------------------------------------------------------------------------

Input image     : /mnt/c/Users/lenovo/Desktop/Bhardwajetal_2024_nature_inclination_angle-main/cropped_host_galaxies/20220207C_flux.fits[1:160,1:160] 
Init. par. file : galfit.feedme 
Restart file    : galfit.02 
Output image    : out.fits 

 sersic    : (  105.15,   105.01)   18.05     24.65    0.51    0.26    43.82
             (    0.19,     0.20)    0.01      0.35    0.02    0.00     0.30
 sky       : [ 80.50,  80.50]     5.10  [0.00e+00]  [0.00e+00]
                                  0.87  [0.00e+00]  [0.00e+00]
 Chi^2 = 31681.29783,  ndof = 25592
 Chi^2/nu = 1.238 

-----------------------------------------------------------------------------
-----------------------------------------------------------------------------

Input image     : /mnt/c/Users/lenovo/Desktop/Bhardwajetal_2024_nature_inclination_angle-main/cropped_host_galaxies/20220207C_flux.fits[1:160,1:160] 
Init. par. file : galfit.feedme 
Restart file    : galfit.03 
Output image    : out.fits 

 sersic    : (  105.15,   105.01)   18.05     24.65    0.51    0.26    43.82
             (    0.19,     0.20)    0.01      0.35    0.02    0.00     0.30
 sky       : [ 80.50,  80.50]     5.10  [0.00e+00]  [0.00e+00]
                                  0.87  [0.00e+00]  [0.00e+00]
 Chi^2 = 31681.29780,  ndof = 25592
 Chi^2/nu = 1.238 

-----------------------------------------------------------------------------
-----------------------------------------------------------------------------

Input image     : /mnt/c/Users/lenovo/Desktop/Bhardwajetal_2024_nature_inclination_angle-main/cropped_host_galaxies/20220207C_flux.fits[1:90,1:80] 
Init. par. file : galfit.feedme 
Restart file    : galfit.04 
Output image    : out.fits 

 sersic    : (   45.73,    40.71)   18.54     10.32    1.46    0.78   -43.37
             (    0.05,     0.05)    0.04      0.44    0.05    0.02     3.72
 sky       : [ 45.50,  40.50]    34.92  [0.00e+00]  [0.00e+00]
                                  2.91  [0.00e+00]  [0.00e+00]
 Chi^2 = 11916.95193,  ndof = 7192
 Chi^2/nu = 1.657 

-----------------------------------------------------------------------------
-----------------------------------------------------------------------------

Input image     : /mnt/c/Users/lenovo/Desktop/Bhardwajetal_2024_nature_inclination_angle-main/cropped_host_galaxies/20220207C_flux.fits[1:90,1:80] 
Init. par. file : galfit.feedme 
Restart file    : galfit.05 
Output image    : out.fits 

 sersic    : (   46.18,    40.85)   17.73     32.78   [1.00]   0.26    43.71
             (    0.17,     0.17)    0.02      0.56   [0.00]   0.00     0.33
 sky       : [ 45.50,  40.50]    -8.32  [0.00e+00]  [0.00e+00]
                                  2.16  [0.00e+00]  [0.00e+00]
 Chi^2 = 6232.15689,  ndof = 7193
 Chi^2/nu = 0.866 

-----------------------------------------------------------------------------
-----------------------------------------------------------------------------

Input image     : /mnt/c/Users/lenovo/Desktop/Bhardwajetal_2024_nature_inclination_angle-main/cropped_host_galaxies/20220207C_flux.fits[1:90,1:80] 
Init. par. file : galfit.feedme 
Restart file    : galfit.06 
Output image    : out.fits 

 sersic    : (   46.18,    40.85)   17.73     32.78   [1.00]   0.26    43.71
             (    0.17,     0.17)    0.02      0.56   [0.00]   0.00     0.33
 sky       : [ 45.50,  40.50]    -8.32  [0.00e+00]  [0.00e+00]
                                  2.16  [0.00e+00]  [0.00e+00]
 Chi^2 = 6232.15689,  ndof = 7193
 Chi^2/nu = 0.866 

-----------------------------------------------------------------------------
-----------------------------------------------------------------------------

Input image     : /mnt/c/Users/lenovo/Desktop/Bhardwajetal_2024_nature_inclination_angle-main/cropped_host_galaxies/20220207C_flux.fits[1:90,1:80] 
Init. par. file : galfit.feedme 
Restart file    : galfit.07 
Output image    : out.fits 

 sersic    : (   46.18,    40.85)   17.73     32.78   [1.00]   0.26    43.71
             (    0.17,     0.17)    0.02      0.56   [0.00]   0.00     0.33
 sky       : [ 45.50,  40.50]    -8.32  [0.00e+00]  [0.00e+00]
                                  2.16  [0.00e+00]  [0.00e+00]
 Chi^2 = 6232.15689,  ndof = 7193
 Chi^2/nu = 0.866 

-----------------------------------------------------------------------------
-----------------------------------------------------------------------------

Input image     : /mnt/c/Users/lenovo/Desktop/Bhardwajetal_2024_nature_inclination_angle-main/cropped_host_galaxies/20220207C_flux.fits[1:90,1:80] 
Init. par. file : galfit.feedme 
Restart file    : galfit.08 
Output image    : out.fits 

 sersic    : (   46.18,    40.85)   17.73     32.78   [1.00]   0.26    43.71
             (    0.17,     0.17)    0.02      0.56   [0.00]   0.00     0.33
 sky       : [ 45.50,  40.50]    -8.32  [0.00e+00]  [0.00e+00]
                                  2.16  [0.00e+00]  [0.00e+00]
 Chi^2 = 6232.15689,  ndof = 7193
 Chi^2/nu = 0.866 

-----------------------------------------------------------------------------
-----------------------------------------------------------------------------

Input image     : /mnt/c/Users/lenovo/Desktop/Bhardwajetal_2024_nature_inclination_angle-main/cropped_host_galaxies/20220207C_flux.fits[1:90,1:80] 
Init. par. file : galfit.feedme 
Restart file    : galfit.09 
Output image    : out.fits 

 sersic    : (   46.18,    40.85)   17.73     32.78   [1.00]   0.26    43.71
             (    0.17,     0.17)    0.02      0.56   [0.00]   0.00     0.33
 sky       : [ 45.50,  40.50]    -8.32  [0.00e+00]  [0.00e+00]
                                  2.16  [0.00e+00]  [0.00e+00]
 Chi^2 = 6232.15689,  ndof = 7193
 Chi^2/nu = 0.866 

-----------------------------------------------------------------------------
-----------------------------------------------------------------------------

Input image     : /mnt/c/Users/lenovo/Desktop/Bhardwajetal_2024_nature_inclination_angle-main/cropped_host_galaxies/20220207C_flux.fits[1:90,1:80] 
Init. par. file : galfit.feedme 
Restart file    : galfit.10 
Output image    : out.fits 

 sersic    : (   46.18,    40.85)   17.73     32.78   [1.00]   0.26    43.71
             (    0.17,     0.17)    0.02      0.56   [0.00]   0.00     0.33
 sky       : [ 45.50,  40.50]    -8.32  [0.00e+00]  [0.00e+00]
                                  2.16  [0.00e+00]  [0.00e+00]
 Chi^2 = 6232.15689,  ndof = 7193
 Chi^2/nu = 0.866 

-----------------------------------------------------------------------------
