-----------------------------------------------------------------------------

Input image     : /mnt/c/Users/lenovo/Desktop/Bhardwajetal_2024_nature_inclination_angle-main/cropped_host_galaxies/20220912A_flux.fits[1:50,1:50] 
Init. par. file : galfit.feedme 
Restart file    : galfit.01 
Output image    : out.fits 

 sersic    : (   39.23,     9.22)   20.35      4.78    6.00    0.18   -83.41
             (    0.19,     0.22)    0.32      4.03    4.75    0.11     5.68
 sky       : [ 25.50,  25.50]   -13.55  [0.00e+00]  [0.00e+00]
                                  3.48  [0.00e+00]  [0.00e+00]
 Chi^2 = 4378.63214,  ndof = 2492
 Chi^2/nu = 1.757 

-----------------------------------------------------------------------------
-----------------------------------------------------------------------------

Input image     : /mnt/c/Users/lenovo/Desktop/Bhardwajetal_2024_nature_inclination_angle-main/cropped_host_galaxies/20220912A_flux.fits[1:50,1:50] 
Init. par. file : galfit.feedme 
Restart file    : galfit.02 
Output image    : out.fits 

 sersic    : (   39.20,     9.18)   20.93      2.39    1.06   *0.10*  -76.66
             (    0.20,     0.15)    0.14      0.35    1.11   *0.40*    8.25
 sky       : [ 25.50,  25.50]    -8.57  [0.00e+00]  [0.00e+00]
                                  3.98  [0.00e+00]  [0.00e+00]
 Chi^2 = 4364.63052,  ndof = 2492
 Chi^2/nu = 1.751 

-----------------------------------------------------------------------------
-----------------------------------------------------------------------------

Input image     : /mnt/c/Users/lenovo/Desktop/Bhardwajetal_2024_nature_inclination_angle-main/cropped_host_galaxies/20220912A_flux.fits[1:46,1:40] 
Init. par. file : galfit.feedme 
Restart file    : galfit.03 
Output image    : out.fits 

 sersic    : (   24.85,    20.90)   19.55      5.13    0.77    0.65    37.14
             (    0.07,     0.09)    0.03      0.20    0.09    0.03     3.52
 sky       : [ 23.50,  20.50]   -13.84  [0.00e+00]  [0.00e+00]
                                  4.36  [0.00e+00]  [0.00e+00]
 Chi^2 = 1723.61174,  ndof = 1832
 Chi^2/nu = 0.941 

-----------------------------------------------------------------------------
-----------------------------------------------------------------------------

Input image     : /mnt/c/Users/lenovo/Desktop/Bhardwajetal_2024_nature_inclination_angle-main/cropped_host_galaxies/20220912A_flux.fits[1:46,1:40] 
Init. par. file : galfit.feedme 
Restart file    : galfit.04 
Output image    : out.fits 

 sersic    : (   24.85,    20.90)   19.55      5.13    0.77    0.65    37.14
             (    0.07,     0.09)    0.03      0.20    0.09    0.03     3.52
 sky       : [ 23.50,  20.50]   -13.84  [0.00e+00]  [0.00e+00]
                                  4.36  [0.00e+00]  [0.00e+00]
 Chi^2 = 1723.61174,  ndof = 1832
 Chi^2/nu = 0.941 

-----------------------------------------------------------------------------
-----------------------------------------------------------------------------

Input image     : /mnt/c/Users/lenovo/Desktop/Bhardwajetal_2024_nature_inclination_angle-main/cropped_host_galaxies/20220912A_flux.fits[1:46,1:40] 
Init. par. file : galfit.feedme 
Restart file    : galfit.05 
Output image    : out.fits 

 sersic    : (   24.84,    20.89)   19.48      5.38   [1.00]   0.65    36.74
             (    0.07,     0.09)    0.02      0.21   [0.00]   0.03     3.69
 sky       : [ 23.50,  20.50]   -17.89  [0.00e+00]  [0.00e+00]
                                  4.15  [0.00e+00]  [0.00e+00]
 Chi^2 = 1725.97877,  ndof = 1833
 Chi^2/nu = 0.942 

-----------------------------------------------------------------------------
-----------------------------------------------------------------------------

Input image     : /mnt/c/Users/lenovo/Desktop/Bhardwajetal_2024_nature_inclination_angle-main/cropped_host_galaxies/20220912A_flux.fits[1:46,1:40] 
Init. par. file : galfit.feedme 
Restart file    : galfit.06 
Output image    : out.fits 

 sersic    : (   24.84,    20.89)   19.48      5.38   [1.00]   0.65    36.74
             (    0.07,     0.09)    0.02      0.21   [0.00]   0.03     3.69
 sky       : [ 23.50,  20.50]   -17.89  [0.00e+00]  [0.00e+00]
                                  4.15  [0.00e+00]  [0.00e+00]
 Chi^2 = 1725.97877,  ndof = 1833
 Chi^2/nu = 0.942 

-----------------------------------------------------------------------------
-----------------------------------------------------------------------------

Input image     : /mnt/c/Users/lenovo/Desktop/Bhardwajetal_2024_nature_inclination_angle-main/cropped_host_galaxies/20220912A_flux.fits[1:46,1:40] 
Init. par. file : galfit.feedme 
Restart file    : galfit.07 
Output image    : out.fits 

 sersic    : (   24.84,    20.89)   19.48      5.38   [1.00]   0.65    36.74
             (    0.07,     0.09)    0.02      0.21   [0.00]   0.03     3.69
 sky       : [ 23.50,  20.50]   -17.89  [0.00e+00]  [0.00e+00]
                                  4.15  [0.00e+00]  [0.00e+00]
 Chi^2 = 1725.97877,  ndof = 1833
 Chi^2/nu = 0.942 

-----------------------------------------------------------------------------
-----------------------------------------------------------------------------

Input image     : /mnt/c/Users/lenovo/Desktop/Bhardwajetal_2024_nature_inclination_angle-main/cropped_host_galaxies/20220912A_flux.fits[1:46,1:40] 
Init. par. file : galfit.feedme 
Restart file    : galfit.08 
Output image    : out.fits 

 sersic    : (   24.84,    20.89)   19.48      5.38   [1.00]   0.65    36.74
             (    0.07,     0.09)    0.02      0.21   [0.00]   0.03     3.69
 sky       : [ 23.50,  20.50]   -17.89  [0.00e+00]  [0.00e+00]
                                  4.15  [0.00e+00]  [0.00e+00]
 Chi^2 = 1725.97877,  ndof = 1833
 Chi^2/nu = 0.942 

-----------------------------------------------------------------------------
