-----------------------------------------------------------------------------

Input image     : /mnt/c/Users/lenovo/Desktop/Bhardwajetal_2024_nature_inclination_angle-main/cropped_host_galaxies/20240318A_flux.fits[1:53,1:64] 
Init. par. file : galfit.feedme 
Restart file    : galfit.01 
Output image    : out.fits 

 sersic    : (   28.12,    31.24)   18.85     10.24    0.70    0.57    -8.00
             (    0.02,     0.03)    0.01      0.06    0.01    0.00     0.27
 sky       : [ 27.00,  32.50]  4.19e-04  [0.00e+00]  [0.00e+00]
                                5.38e-05  [0.00e+00]  [0.00e+00]
 Chi^2 = 2578.71899,  ndof = 3384
 Chi^2/nu = 0.762 

-----------------------------------------------------------------------------
-----------------------------------------------------------------------------

Input image     : /mnt/c/Users/lenovo/Desktop/Bhardwajetal_2024_nature_inclination_angle-main/cropped_host_galaxies/20240318A_flux.fits[1:54,1:65] 
Init. par. file : galfit.feedme 
Restart file    : galfit.02 
Output image    : out.fits 

 sersic    : (   28.12,    31.24)   18.85     10.25    0.70    0.57    -8.00
             (    0.02,     0.03)    0.01      0.06    0.01    0.00     0.27
 sky       : [ 27.50,  33.00]  4.00e-04  [0.00e+00]  [0.00e+00]
                                5.33e-05  [0.00e+00]  [0.00e+00]
 Chi^2 = 2714.60031,  ndof = 3502
 Chi^2/nu = 0.775 

-----------------------------------------------------------------------------
