-----------------------------------------------------------------------------

Input image     : /mnt/c/Users/lenovo/Desktop/Bhardwajetal_2024_nature_inclination_angle-main/cropped_host_galaxies/20230708A_flux.fits[1:22,1:18] 
Init. par. file : galfit.feedme 
Restart file    : galfit.01 
Output image    : out.fits 

 sersic    : (   13.63,     8.68)   22.61      1.50    1.89   *0.09*   73.77
             (    0.14,     0.22)    0.06      0.64    3.26   *0.99*   11.00
 sky       : [ 11.50,   9.50]  -6.54e-05  [0.00e+00]  [0.00e+00]
                                1.32e-04  [0.00e+00]  [0.00e+00]
 Chi^2 = 351.70938,  ndof = 388
 Chi^2/nu = 0.906 

-----------------------------------------------------------------------------
-----------------------------------------------------------------------------

Input image     : /mnt/c/Users/lenovo/Desktop/Bhardwajetal_2024_nature_inclination_angle-main/cropped_host_galaxies/20230708A_flux.fits[1:22,1:18] 
Init. par. file : galfit.feedme 
Restart file    : galfit.02 
Output image    : out.fits 

 sersic    : (   13.52,     8.61)   22.36      2.00    6.00   *0.05*   73.02
             (    1.25,     0.07)    0.32      1.60    9.14   *0.21*    7.29
 sky       : [ 11.50,   9.50]  5.62e-05  [0.00e+00]  [0.00e+00]
                                1.54e-04  [0.00e+00]  [0.00e+00]
 Chi^2 = 357.73691,  ndof = 388
 Chi^2/nu = 0.922 

-----------------------------------------------------------------------------
-----------------------------------------------------------------------------

Input image     : /mnt/c/Users/lenovo/Desktop/Bhardwajetal_2024_nature_inclination_angle-main/cropped_host_galaxies/20230708A_flux.fits[1:22,1:18] 
Init. par. file : galfit.feedme 
Restart file    : galfit.03 
Output image    : out.fits 

 sersic    : (   13.63,     8.68)   22.61      1.50    1.89   *0.09*   73.77
             (    0.14,     0.22)    0.06      0.64    3.26   *0.99*   11.00
 sky       : [ 11.50,   9.50]  -6.54e-05  [0.00e+00]  [0.00e+00]
                                1.32e-04  [0.00e+00]  [0.00e+00]
 Chi^2 = 351.70938,  ndof = 388
 Chi^2/nu = 0.906 

-----------------------------------------------------------------------------
-----------------------------------------------------------------------------

Input image     : /mnt/c/Users/lenovo/Desktop/Bhardwajetal_2024_nature_inclination_angle-main/cropped_host_galaxies/20230708A_flux.fits[1:22,1:18] 
Init. par. file : galfit.feedme 
Restart file    : galfit.04 
Output image    : out.fits 

 sersic    : (   13.63,     8.68)   22.61      1.50    1.89   *0.09*   73.77
             (    0.14,     0.22)    0.06      0.64    3.26   *0.99*   11.00
 sky       : [ 11.50,   9.50]  -6.54e-05  [0.00e+00]  [0.00e+00]
                                1.32e-04  [0.00e+00]  [0.00e+00]
 Chi^2 = 351.70938,  ndof = 388
 Chi^2/nu = 0.906 

-----------------------------------------------------------------------------
-----------------------------------------------------------------------------

Input image     : /mnt/c/Users/lenovo/Desktop/Bhardwajetal_2024_nature_inclination_angle-main/cropped_host_galaxies/20230708A_flux.fits[1:23,1:19] 
Init. par. file : galfit.feedme 
Restart file    : galfit.05 
Output image    : out.fits 

 sersic    : (   13.50,     8.72)   22.63      1.50    3.22   *0.04*   72.91
             (    1.61,     0.33)    1.45      1.99    6.11   *0.36*   13.09
 sky       : [ 12.00,  10.00]  1.29e-05  [0.00e+00]  [0.00e+00]
                                1.27e-04  [0.00e+00]  [0.00e+00]
 Chi^2 = 398.00296,  ndof = 429
 Chi^2/nu = 0.928 

-----------------------------------------------------------------------------
