-----------------------------------------------------------------------------

Input image     : /mnt/c/Users/lenovo/Desktop/Bhardwajetal_2024_nature_inclination_angle-main/cropped_host_galaxies/20210320C_flux.fits[1:50,1:50] 
Init. par. file : galfit.feedme 
Restart file    : galfit.01 
Output image    : out.fits 

 sersic    : (   26.57,    25.92)   22.23      4.42    1.17    0.73   -11.99
             (    0.31,     0.36)    0.09      0.45    0.24    0.08    10.62
 sky       : [ 25.50,  25.50]  -2.52e-04  [0.00e+00]  [0.00e+00]
                                1.54e-04  [0.00e+00]  [0.00e+00]
 Chi^2 = 1633.51488,  ndof = 2492
 Chi^2/nu = 0.656 

-----------------------------------------------------------------------------
-----------------------------------------------------------------------------

Input image     : /mnt/c/Users/lenovo/Desktop/Bhardwajetal_2024_nature_inclination_angle-main/cropped_host_galaxies/20210320C_flux.fits[1:50,1:50] 
Init. par. file : galfit.feedme 
Restart file    : galfit.02 
Output image    : out.fits 

 sersic    : (   26.51,    26.01)   22.22      3.61    1.06    0.72   -16.76
             (    0.27,     0.32)    0.07      0.42    0.25    0.08    13.10
 sky       : [ 25.50,  25.50]  -2.41e-04  [0.00e+00]  [0.00e+00]
                                1.54e-04  [0.00e+00]  [0.00e+00]
 Chi^2 = 1627.93102,  ndof = 2492
 Chi^2/nu = 0.653 

-----------------------------------------------------------------------------
-----------------------------------------------------------------------------

Input image     : /mnt/c/Users/lenovo/Desktop/Bhardwajetal_2024_nature_inclination_angle-main/cropped_host_galaxies/20210320C_flux.fits[1:50,1:50] 
Init. par. file : galfit.feedme 
Restart file    : galfit.03 
Output image    : out.fits 

 sersic    : (   26.51,    26.01)   22.22      3.61    1.06    0.72   -16.76
             (    0.27,     0.32)    0.07      0.42    0.25    0.08    13.10
 sky       : [ 25.50,  25.50]  -2.41e-04  [0.00e+00]  [0.00e+00]
                                1.54e-04  [0.00e+00]  [0.00e+00]
 Chi^2 = 1627.93102,  ndof = 2492
 Chi^2/nu = 0.653 

-----------------------------------------------------------------------------
-----------------------------------------------------------------------------

Input image     : /mnt/c/Users/lenovo/Desktop/Bhardwajetal_2024_nature_inclination_angle-main/cropped_host_galaxies/20210320C_flux.fits[1:50,1:50] 
Init. par. file : galfit.feedme 
Restart file    : galfit.04 
Output image    : out.fits 

 sersic    : (   26.51,    26.01)   22.22      3.61    1.06    0.72   -16.76
             (    0.27,     0.32)    0.07      0.42    0.25    0.08    13.10
 sky       : [ 25.50,  25.50]  -2.41e-04  [0.00e+00]  [0.00e+00]
                                1.54e-04  [0.00e+00]  [0.00e+00]
 Chi^2 = 1627.93102,  ndof = 2492
 Chi^2/nu = 0.653 

-----------------------------------------------------------------------------
-----------------------------------------------------------------------------

Input image     : /mnt/c/Users/lenovo/Desktop/Bhardwajetal_2024_nature_inclination_angle-main/cropped_host_galaxies/20210320C_flux.fits[1:50,1:50] 
Init. par. file : galfit.feedme 
Restart file    : galfit.05 
Output image    : out.fits 

 sersic    : (   26.51,    26.01)   22.22      3.61    1.06    0.72   -16.76
             (    0.27,     0.32)    0.07      0.42    0.25    0.08    13.10
 sky       : [ 25.50,  25.50]  -2.41e-04  [0.00e+00]  [0.00e+00]
                                1.54e-04  [0.00e+00]  [0.00e+00]
 Chi^2 = 1627.93102,  ndof = 2492
 Chi^2/nu = 0.653 

-----------------------------------------------------------------------------
-----------------------------------------------------------------------------

Input image     : /mnt/c/Users/lenovo/Desktop/Bhardwajetal_2024_nature_inclination_angle-main/cropped_host_galaxies/20210320C_flux.fits[1:50,1:50] 
Init. par. file : galfit.feedme 
Restart file    : galfit.06 
Output image    : out.fits 

 sersic    : (   26.51,    26.01)   22.22      3.65   [1.00]   0.72   -17.21
             (    0.28,     0.31)    0.07      0.38   [0.00]   0.08    12.96
 sky       : [ 25.50,  25.50]  -2.29e-04  [0.00e+00]  [0.00e+00]
                                1.54e-04  [0.00e+00]  [0.00e+00]
 Chi^2 = 1627.94919,  ndof = 2493
 Chi^2/nu = 0.653 

-----------------------------------------------------------------------------
-----------------------------------------------------------------------------

Input image     : /mnt/c/Users/lenovo/Desktop/Bhardwajetal_2024_nature_inclination_angle-main/cropped_host_galaxies/20210320C_flux.fits[1:50,1:50] 
Init. par. file : galfit.feedme 
Restart file    : galfit.07 
Output image    : out.fits 

 sersic    : (   26.51,    26.01)   22.22      3.65   [1.00]   0.72   -17.21
             (    0.28,     0.31)    0.07      0.38   [0.00]   0.08    12.96
 sky       : [ 25.50,  25.50]  -2.29e-04  [0.00e+00]  [0.00e+00]
                                1.54e-04  [0.00e+00]  [0.00e+00]
 Chi^2 = 1627.94919,  ndof = 2493
 Chi^2/nu = 0.653 

-----------------------------------------------------------------------------
-----------------------------------------------------------------------------

Input image     : /mnt/c/Users/lenovo/Desktop/Bhardwajetal_2024_nature_inclination_angle-main/cropped_host_galaxies/20210320C_flux.fits[1:50,1:50] 
Init. par. file : galfit.feedme 
Restart file    : galfit.08 
Output image    : out.fits 

 sersic    : (   26.51,    26.01)   22.22      3.65   [1.00]   0.72   -17.21
             (    0.28,     0.31)    0.07      0.38   [0.00]   0.08    12.96
 sky       : [ 25.50,  25.50]  -2.29e-04  [0.00e+00]  [0.00e+00]
                                1.54e-04  [0.00e+00]  [0.00e+00]
 Chi^2 = 1627.94919,  ndof = 2493
 Chi^2/nu = 0.653 

-----------------------------------------------------------------------------
-----------------------------------------------------------------------------

Input image     : /mnt/c/Users/lenovo/Desktop/Bhardwajetal_2024_nature_inclination_angle-main/cropped_host_galaxies/20210320C_flux.fits[1:50,1:50] 
Init. par. file : galfit.feedme 
Restart file    : galfit.09 
Output image    : out.fits 

 sersic    : (   26.51,    26.01)   22.22      3.65   [1.00]   0.72   -17.21
             (    0.28,     0.31)    0.07      0.38   [0.00]   0.08    12.96
 sky       : [ 25.50,  25.50]  -2.29e-04  [0.00e+00]  [0.00e+00]
                                1.54e-04  [0.00e+00]  [0.00e+00]
 Chi^2 = 1627.94919,  ndof = 2493
 Chi^2/nu = 0.653 

-----------------------------------------------------------------------------
