-----------------------------------------------------------------------------

Input image     : /mnt/c/Users/lenovo/Desktop/Bhardwajetal_2024_nature_inclination_angle-main/cropped_host_galaxies/20240210A_flux.fits[1:228,1:201] 
Init. par. file : galfit.feedme 
Restart file    : galfit.01 
Output image    : out.fits 

 sersic    : (  115.01,   102.34)   14.85     29.36    1.16    0.60    56.17
             (    0.04,     0.03)    0.00      0.16    0.01    0.00     0.23
 sky       : [114.50, 101.00]  9.09e-04  [0.00e+00]  [0.00e+00]
                                1.10e-04  [0.00e+00]  [0.00e+00]
 Chi^2 = 4127879.68215,  ndof = 45820
 Chi^2/nu = 90.089 

-----------------------------------------------------------------------------
-----------------------------------------------------------------------------

Input image     : /mnt/c/Users/lenovo/Desktop/Bhardwajetal_2024_nature_inclination_angle-main/cropped_host_galaxies/20240210A_flux.fits[1:228,1:201] 
Init. par. file : galfit.feedme 
Restart file    : galfit.02 
Output image    : out.fits 

 sersic    : (  115.01,   102.34)   14.85     29.36    1.16    0.60    56.17
             (    0.04,     0.03)    0.00      0.16    0.01    0.00     0.23
 sky       : [114.50, 101.00]  9.09e-04  [0.00e+00]  [0.00e+00]
                                1.10e-04  [0.00e+00]  [0.00e+00]
 Chi^2 = 4127879.68215,  ndof = 45820
 Chi^2/nu = 90.089 

-----------------------------------------------------------------------------
-----------------------------------------------------------------------------

Input image     : /mnt/c/Users/lenovo/Desktop/Bhardwajetal_2024_nature_inclination_angle-main/cropped_host_galaxies/20240210A_flux.fits[1:228,1:201] 
Init. par. file : galfit.feedme 
Restart file    : galfit.03 
Output image    : out.fits 

 sersic    : (  115.01,   102.34)   14.85     29.36    1.16    0.60    56.17
             (    0.04,     0.03)    0.00      0.16    0.01    0.00     0.23
 sky       : [114.50, 101.00]  9.09e-04  [0.00e+00]  [0.00e+00]
                                1.10e-04  [0.00e+00]  [0.00e+00]
 Chi^2 = 4127879.68215,  ndof = 45820
 Chi^2/nu = 90.089 

-----------------------------------------------------------------------------
-----------------------------------------------------------------------------

Input image     : /mnt/c/Users/lenovo/Desktop/Bhardwajetal_2024_nature_inclination_angle-main/cropped_host_galaxies/20240210A_flux.fits[1:228,1:201] 
Init. par. file : galfit.feedme 
Restart file    : galfit.04 
Output image    : out.fits 

 sersic    : (  115.01,   102.34)   14.85     29.36    1.16    0.60    56.17
             (    0.04,     0.03)    0.00      0.16    0.01    0.00     0.23
 sky       : [114.50, 101.00]  9.09e-04  [0.00e+00]  [0.00e+00]
                                1.10e-04  [0.00e+00]  [0.00e+00]
 Chi^2 = 4127879.68215,  ndof = 45820
 Chi^2/nu = 90.089 

-----------------------------------------------------------------------------
-----------------------------------------------------------------------------

Input image     : /mnt/c/Users/lenovo/Desktop/Bhardwajetal_2024_nature_inclination_angle-main/cropped_host_galaxies/20240210A_flux.fits[1:229,1:202] 
Init. par. file : galfit.feedme 
Restart file    : galfit.05 
Output image    : out.fits 

 sersic    : (  115.01,   102.34)   14.85     29.36    1.16    0.60    56.17
             (    0.04,     0.03)    0.00      0.16    0.01    0.00     0.23
 sky       : [115.00, 101.50]  9.02e-04  [0.00e+00]  [0.00e+00]
                                1.09e-04  [0.00e+00]  [0.00e+00]
 Chi^2 = 4128343.30549,  ndof = 46250
 Chi^2/nu = 89.261 

-----------------------------------------------------------------------------
