-----------------------------------------------------------------------------

Input image     : /mnt/c/Users/lenovo/Desktop/Bhardwajetal_2024_nature_inclination_angle-main/cropped_host_galaxies/20220725A_flux.fits[1:69,1:68] 
Init. par. file : galfit.feedme 
Restart file    : galfit.01 
Output image    : out.fits 

 sersic    : (   36.97,    35.06)   17.83      7.52    0.80    0.71   -61.59
             (    0.01,     0.01)    0.00      0.02    0.00    0.00     0.27
 sky       : [ 35.00,  34.50]  1.10e-03  [0.00e+00]  [0.00e+00]
                                6.80e-05  [0.00e+00]  [0.00e+00]
 Chi^2 = 96724.36742,  ndof = 4684
 Chi^2/nu = 20.650 

-----------------------------------------------------------------------------
-----------------------------------------------------------------------------

Input image     : /mnt/c/Users/lenovo/Desktop/Bhardwajetal_2024_nature_inclination_angle-main/cropped_host_galaxies/20220725A_flux.fits[1:70,1:69] 
Init. par. file : galfit.feedme 
Restart file    : galfit.02 
Output image    : out.fits 

 sersic    : (   36.97,    35.06)   17.83      7.53    0.80    0.71   -61.59
             (    0.01,     0.01)    0.00      0.02    0.00    0.00     0.27
 sky       : [ 35.50,  35.00]  1.06e-03  [0.00e+00]  [0.00e+00]
                                6.61e-05  [0.00e+00]  [0.00e+00]
 Chi^2 = 96967.81022,  ndof = 4822
 Chi^2/nu = 20.109 

-----------------------------------------------------------------------------
