-----------------------------------------------------------------------------

Input image     : /mnt/c/Users/lenovo/Desktop/Bhardwajetal_2024_nature_inclination_angle-main/cropped_host_galaxies/20220319D_flux.fits[1:143,1:139] 
Init. par. file : galfit.feedme 
Restart file    : galfit.01 
Output image    : out.fits 

 sersic    : (   76.72,    69.52)   16.39     13.76    2.18    0.97   -47.49
             (    0.01,     0.01)    0.01      0.16    0.02    0.00     6.15
 sky       : [ 72.00,  70.00]   163.49  [0.00e+00]  [0.00e+00]
                                  1.37  [0.00e+00]  [0.00e+00]
 Chi^2 = 19823.57946,  ndof = 19869
 Chi^2/nu = 0.998 

-----------------------------------------------------------------------------
-----------------------------------------------------------------------------

Input image     : /mnt/c/Users/lenovo/Desktop/Bhardwajetal_2024_nature_inclination_angle-main/cropped_host_galaxies/20220319D_flux.fits[1:143,1:139] 
Init. par. file : galfit.feedme 
Restart file    : galfit.02 
Output image    : out.fits 

 sersic    : (   76.72,    69.52)   16.39     13.76    2.18    0.97   -47.49
             (    0.01,     0.01)    0.01      0.16    0.02    0.00     6.15
 sky       : [ 72.00,  70.00]   163.49  [0.00e+00]  [0.00e+00]
                                  1.37  [0.00e+00]  [0.00e+00]
 Chi^2 = 19823.57946,  ndof = 19869
 Chi^2/nu = 0.998 

-----------------------------------------------------------------------------
-----------------------------------------------------------------------------

Input image     : /mnt/c/Users/lenovo/Desktop/Bhardwajetal_2024_nature_inclination_angle-main/cropped_host_galaxies/20220319D_flux.fits[1:143,1:139] 
Init. par. file : galfit.feedme 
Restart file    : galfit.03 
Output image    : out.fits 

 sersic    : (   76.72,    69.52)   16.24     17.36    2.37    0.87    63.73
             (    0.01,     0.01)    0.01      0.23    0.02    0.00     1.32
 sky       : [ 72.00,  70.00]   152.71  [0.00e+00]  [0.00e+00]
                                  1.48  [0.00e+00]  [0.00e+00]
 Chi^2 = 19180.07340,  ndof = 19869
 Chi^2/nu = 0.965 

-----------------------------------------------------------------------------
-----------------------------------------------------------------------------

Input image     : /mnt/c/Users/lenovo/Desktop/Bhardwajetal_2024_nature_inclination_angle-main/cropped_host_galaxies/20220319D_flux.fits[1:145,1:144] 
Init. par. file : galfit.feedme 
Restart file    : galfit.04 
Output image    : out.fits 

 sersic    : (   75.71,    75.52)   16.18     18.51    2.44    0.87    63.83
             (    0.01,     0.01)    0.01      0.26    0.02    0.00     1.29
 sky       : [ 73.00,  72.50]   145.44  [0.00e+00]  [0.00e+00]
                                  1.46  [0.00e+00]  [0.00e+00]
 Chi^2 = 20069.70677,  ndof = 20872
 Chi^2/nu = 0.962 

-----------------------------------------------------------------------------
-----------------------------------------------------------------------------

Input image     : /mnt/c/Users/lenovo/Desktop/Bhardwajetal_2024_nature_inclination_angle-main/cropped_host_galaxies/20220319D_flux.fits[1:145,1:144] 
Init. par. file : galfit.feedme 
Restart file    : galfit.05 
Output image    : out.fits 

 sersic    : (   75.71,    75.52)   16.18     18.51    2.44    0.87    63.83
             (    0.01,     0.01)    0.01      0.26    0.02    0.00     1.29
 sky       : [ 73.00,  72.50]   145.44  [0.00e+00]  [0.00e+00]
                                  1.46  [0.00e+00]  [0.00e+00]
 Chi^2 = 20069.70677,  ndof = 20872
 Chi^2/nu = 0.962 

-----------------------------------------------------------------------------
-----------------------------------------------------------------------------

Input image     : /mnt/c/Users/lenovo/Desktop/Bhardwajetal_2024_nature_inclination_angle-main/cropped_host_galaxies/20220319D_flux.fits[1:145,1:144] 
Init. par. file : galfit.feedme 
Restart file    : galfit.06 
Output image    : out.fits 

 sersic    : (   75.72,    75.50)   17.11      6.38   [1.00]   0.93    62.54
             (    0.02,     0.01)    0.00      0.04   [0.00]   0.00     2.57
 sky       : [ 73.00,  72.50]   200.99  [0.00e+00]  [0.00e+00]
                                  1.12  [0.00e+00]  [0.00e+00]
 Chi^2 = 27264.35335,  ndof = 20873
 Chi^2/nu = 1.306 

-----------------------------------------------------------------------------
-----------------------------------------------------------------------------

Input image     : /mnt/c/Users/lenovo/Desktop/Bhardwajetal_2024_nature_inclination_angle-main/cropped_host_galaxies/20220319D_flux.fits[1:145,1:144] 
Init. par. file : galfit.feedme 
Restart file    : galfit.07 
Output image    : out.fits 

 sersic    : (   74.19,    75.32)   15.74     47.69   [1.00]   0.65    64.86
             (    0.15,     0.10)    0.02      0.67   [0.00]   0.00     0.62
 sersic    : (   75.79,    75.52)   17.82      3.91    0.89    1.00    33.97
             (    0.01,     0.01)    0.01      0.03    0.01    0.00  3486.68
 sky       : [ 73.00,  72.50]    83.93  [0.00e+00]  [0.00e+00]
                                  2.36  [0.00e+00]  [0.00e+00]
 Chi^2 = 14519.74978,  ndof = 20866
 Chi^2/nu = 0.696 

-----------------------------------------------------------------------------
-----------------------------------------------------------------------------

Input image     : /mnt/c/Users/lenovo/Desktop/Bhardwajetal_2024_nature_inclination_angle-main/cropped_host_galaxies/20220319D_flux.fits[1:145,1:144] 
Init. par. file : galfit.feedme 
Restart file    : galfit.08 
Output image    : out.fits 

 sersic    : (   74.19,    75.32)   15.74     47.69   [1.00]   0.65    64.86
             (    0.15,     0.10)    0.02      0.67   [0.00]   0.00     0.62
 sersic    : (   75.79,    75.52)   17.82      3.91    0.89    1.00    33.97
             (    0.01,     0.01)    0.01      0.03    0.01    0.00  3486.68
 sky       : [ 73.00,  72.50]    83.93  [0.00e+00]  [0.00e+00]
                                  2.36  [0.00e+00]  [0.00e+00]
 Chi^2 = 14519.74978,  ndof = 20866
 Chi^2/nu = 0.696 

-----------------------------------------------------------------------------
-----------------------------------------------------------------------------

Input image     : /mnt/c/Users/lenovo/Desktop/Bhardwajetal_2024_nature_inclination_angle-main/cropped_host_galaxies/20220319D_flux.fits[1:145,1:144] 
Init. par. file : galfit.feedme 
Restart file    : galfit.09 
Output image    : out.fits 

 sersic    : (   74.19,    75.32)   15.74     47.69   [1.00]   0.65    64.86
             (    0.15,     0.10)    0.02      0.67   [0.00]   0.00     0.62
 sersic    : (   75.79,    75.52)   17.82      3.91    0.89    1.00    33.97
             (    0.01,     0.01)    0.01      0.03    0.01    0.00  3486.68
 sky       : [ 73.00,  72.50]    83.93  [0.00e+00]  [0.00e+00]
                                  2.36  [0.00e+00]  [0.00e+00]
 Chi^2 = 14519.74978,  ndof = 20866
 Chi^2/nu = 0.696 

-----------------------------------------------------------------------------
-----------------------------------------------------------------------------

Input image     : /mnt/c/Users/lenovo/Desktop/Bhardwajetal_2024_nature_inclination_angle-main/cropped_host_galaxies/20220319D_flux.fits[1:145,1:144] 
Init. par. file : galfit.feedme 
Restart file    : galfit.10 
Output image    : out.fits 

 sersic    : (   74.19,    75.32)   15.74     47.69   [1.00]   0.65    64.86
             (    0.15,     0.10)    0.02      0.67   [0.00]   0.00     0.62
 sersic    : (   75.79,    75.52)   17.82      3.91    0.89    1.00    33.97
             (    0.01,     0.01)    0.01      0.03    0.01    0.00  3486.68
 sky       : [ 73.00,  72.50]    83.93  [0.00e+00]  [0.00e+00]
                                  2.36  [0.00e+00]  [0.00e+00]
 Chi^2 = 14519.74978,  ndof = 20866
 Chi^2/nu = 0.696 

-----------------------------------------------------------------------------
