-----------------------------------------------------------------------------

Input image     : /mnt/c/Users/lenovo/Desktop/Bhardwajetal_2024_nature_inclination_angle-main/cropped_host_galaxies/20190714A_flux.fits[1:34,1:34] 
Init. par. file : galfit.feedme 
Restart file    : galfit.01 
Output image    : out.fits 

 sersic    : (   15.46,    17.67)   22.66      4.64    0.54    0.59   -46.65
             (    0.04,     0.03)    0.01      0.07    0.02    0.01     0.94
 sky       : [ 17.50,  17.50]  2.16e-04  [0.00e+00]  [0.00e+00]
                                1.86e-04  [0.00e+00]  [0.00e+00]
 Chi^2 = 802.14856,  ndof = 1148
 Chi^2/nu = 0.699 

-----------------------------------------------------------------------------
-----------------------------------------------------------------------------

Input image     : /mnt/c/Users/lenovo/Desktop/Bhardwajetal_2024_nature_inclination_angle-main/cropped_host_galaxies/20190714A_flux.fits[1:34,1:34] 
Init. par. file : galfit.feedme 
Restart file    : galfit.02 
Output image    : out.fits 

 sersic    : (   15.46,    17.67)   22.66      4.64    0.54    0.59   -46.65
             (    0.04,     0.03)    0.01      0.07    0.02    0.01     0.94
 sky       : [ 17.50,  17.50]  2.16e-04  [0.00e+00]  [0.00e+00]
                                1.86e-04  [0.00e+00]  [0.00e+00]
 Chi^2 = 802.14856,  ndof = 1148
 Chi^2/nu = 0.699 

-----------------------------------------------------------------------------
-----------------------------------------------------------------------------

Input image     : /mnt/c/Users/lenovo/Desktop/Bhardwajetal_2024_nature_inclination_angle-main/cropped_host_galaxies/20190714A_flux.fits[1:34,1:34] 
Init. par. file : galfit.feedme 
Restart file    : galfit.03 
Output image    : out.fits 

 sersic    : (   15.52,    17.69)   22.42      5.74   [1.00]   0.60   -46.70
             (    0.04,     0.03)    0.02      0.11   [0.00]   0.01     1.19
 sky       : [ 17.50,  17.50]  -1.51e-03  [0.00e+00]  [0.00e+00]
                                2.07e-04  [0.00e+00]  [0.00e+00]
 Chi^2 = 991.85701,  ndof = 1149
 Chi^2/nu = 0.863 

-----------------------------------------------------------------------------
-----------------------------------------------------------------------------

Input image     : /mnt/c/Users/lenovo/Desktop/Bhardwajetal_2024_nature_inclination_angle-main/cropped_host_galaxies/20190714A_flux.fits[1:34,1:34] 
Init. par. file : galfit.feedme 
Restart file    : galfit.04 
Output image    : out.fits 

 sersic    : (   15.52,    17.69)   22.42      5.74   [1.00]   0.60   -46.70
             (    0.04,     0.03)    0.02      0.11   [0.00]   0.01     1.19
 sky       : [ 17.50,  17.50]  -1.51e-03  [0.00e+00]  [0.00e+00]
                                2.07e-04  [0.00e+00]  [0.00e+00]
 Chi^2 = 991.85701,  ndof = 1149
 Chi^2/nu = 0.863 

-----------------------------------------------------------------------------
