-----------------------------------------------------------------------------

Input image     : /mnt/c/Users/lenovo/Desktop/Bhardwajetal_2024_nature_inclination_angle-main/cropped_host_galaxies/20240210A_flux.fits[1:228,1:201] 
Init. par. file : galfit.feedme 
Restart file    : galfit.01 
Output image    : out.fits 

 sersic    : (  115.05,   102.26)   14.86     29.15    1.09    0.61    56.23
             (    0.04,     0.03)    0.00      0.15    0.01    0.00     0.23
 sky       : [114.50, 101.00]  1.15e-03  [0.00e+00]  [0.00e+00]
                                1.10e-04  [0.00e+00]  [0.00e+00]
 Chi^2 = 4107130.79123,  ndof = 45820
 Chi^2/nu = 89.636 

-----------------------------------------------------------------------------
-----------------------------------------------------------------------------

Input image     : /mnt/c/Users/lenovo/Desktop/Bhardwajetal_2024_nature_inclination_angle-main/cropped_host_galaxies/20240210A_flux.fits[1:229,1:202] 
Init. par. file : galfit.feedme 
Restart file    : galfit.02 
Output image    : out.fits 

 sersic    : (  115.05,   102.26)   14.86     29.15    1.09    0.61    56.23
             (    0.04,     0.03)    0.00      0.15    0.01    0.00     0.23
 sky       : [115.00, 101.50]  1.14e-03  [0.00e+00]  [0.00e+00]
                                1.09e-04  [0.00e+00]  [0.00e+00]
 Chi^2 = 4107602.70289,  ndof = 46250
 Chi^2/nu = 88.813 

-----------------------------------------------------------------------------
