-----------------------------------------------------------------------------

Input image     : /mnt/c/Users/lenovo/Desktop/Bhardwajetal_2024_nature_inclination_angle-main/cropped_host_galaxies/20220914A_flux.fits[1:36,1:36] 
Init. par. file : galfit.feedme 
Restart file    : galfit.01 
Output image    : out.fits 

 sersic    : (   19.52,    19.71)   22.16      4.17    2.00    0.48   -62.70
             (    0.02,     0.02)    0.02      0.08    0.15    0.01     0.77
 sky       : [ 18.50,  18.50]  1.43e-03  [0.00e+00]  [0.00e+00]
                                1.13e-04  [0.00e+00]  [0.00e+00]
 Chi^2 = 1082.63820,  ndof = 1288
 Chi^2/nu = 0.841 

-----------------------------------------------------------------------------
-----------------------------------------------------------------------------

Input image     : /mnt/c/Users/lenovo/Desktop/Bhardwajetal_2024_nature_inclination_angle-main/cropped_host_galaxies/20220914A_flux.fits[1:36,1:36] 
Init. par. file : galfit.feedme 
Restart file    : galfit.02 
Output image    : out.fits 

 sersic    : (   19.52,    19.71)   22.16      4.17    2.00    0.48   -62.70
             (    0.02,     0.02)    0.02      0.08    0.15    0.01     0.77
 sky       : [ 18.50,  18.50]  1.43e-03  [0.00e+00]  [0.00e+00]
                                1.13e-04  [0.00e+00]  [0.00e+00]
 Chi^2 = 1082.63820,  ndof = 1288
 Chi^2/nu = 0.841 

-----------------------------------------------------------------------------
-----------------------------------------------------------------------------

Input image     : /mnt/c/Users/lenovo/Desktop/Bhardwajetal_2024_nature_inclination_angle-main/cropped_host_galaxies/20220914A_flux.fits[1:36,1:36] 
Init. par. file : galfit.feedme 
Restart file    : galfit.03 
Output image    : out.fits 

 sersic    : (   19.52,    19.72)   22.27      3.92   [1.00]   0.49   -61.84
             (    0.02,     0.02)    0.01      0.05   [0.00]   0.01     0.81
 sky       : [ 18.50,  18.50]  2.19e-03  [0.00e+00]  [0.00e+00]
                                7.37e-05  [0.00e+00]  [0.00e+00]
 Chi^2 = 1161.79336,  ndof = 1289
 Chi^2/nu = 0.901 

-----------------------------------------------------------------------------
