-----------------------------------------------------------------------------

Input image     : /mnt/c/Users/lenovo/Desktop/Bhardwajetal_2024_nature_inclination_angle-main/cropped_host_galaxies/20240310A_flux.fits[1:46,1:42] 
Init. par. file : galfit.feedme 
Restart file    : galfit.01 
Output image    : out.fits 

 sersic    : (   32.77,    19.69)   20.12      3.01    0.79   *0.10*  -13.16
             (    0.02,     0.03)    0.02      0.04    0.09   *0.05*    0.76
 sky       : [ 23.50,  21.50]  1.88e-03  [0.00e+00]  [0.00e+00]
                                1.13e-04  [0.00e+00]  [0.00e+00]
 Chi^2 = 7542.83699,  ndof = 1924
 Chi^2/nu = 3.920 

-----------------------------------------------------------------------------
-----------------------------------------------------------------------------

Input image     : /mnt/c/Users/lenovo/Desktop/Bhardwajetal_2024_nature_inclination_angle-main/cropped_host_galaxies/20240310A_flux.fits[1:46,1:42] 
Init. par. file : galfit.feedme 
Restart file    : galfit.02 
Output image    : out.fits 

 sersic    : (   32.77,    19.69)   20.14      3.05    0.54   *0.09*  -13.31
             (    0.02,     0.03)    0.03      0.04    0.08   *0.04*    0.85
 sky       : [ 23.50,  21.50]  1.99e-03  [0.00e+00]  [0.00e+00]
                                1.14e-04  [0.00e+00]  [0.00e+00]
 Chi^2 = 7585.23333,  ndof = 1924
 Chi^2/nu = 3.942 

-----------------------------------------------------------------------------
-----------------------------------------------------------------------------

Input image     : /mnt/c/Users/lenovo/Desktop/Bhardwajetal_2024_nature_inclination_angle-main/cropped_host_galaxies/20240310A_flux.fits[1:46,1:42] 
Init. par. file : galfit.feedme 
Restart file    : galfit.03 
Output image    : out.fits 

 sersic    : (   32.77,    19.69)   20.12      3.01    0.79   *0.10*  -13.16
             (    0.02,     0.03)    0.02      0.04    0.09   *0.05*    0.76
 sky       : [ 23.50,  21.50]  1.88e-03  [0.00e+00]  [0.00e+00]
                                1.13e-04  [0.00e+00]  [0.00e+00]
 Chi^2 = 7542.83699,  ndof = 1924
 Chi^2/nu = 3.920 

-----------------------------------------------------------------------------
-----------------------------------------------------------------------------

Input image     : /mnt/c/Users/lenovo/Desktop/Bhardwajetal_2024_nature_inclination_angle-main/cropped_host_galaxies/20240310A_flux.fits[1:46,1:42] 
Init. par. file : galfit.feedme 
Restart file    : galfit.04 
Output image    : out.fits 

 sersic    : (   32.77,    19.69)   20.12      3.01    0.79   *0.10*  -13.16
             (    0.02,     0.03)    0.02      0.04    0.09   *0.05*    0.76
 sky       : [ 23.50,  21.50]  1.88e-03  [0.00e+00]  [0.00e+00]
                                1.13e-04  [0.00e+00]  [0.00e+00]
 Chi^2 = 7542.83699,  ndof = 1924
 Chi^2/nu = 3.920 

-----------------------------------------------------------------------------
-----------------------------------------------------------------------------

Input image     : /mnt/c/Users/lenovo/Desktop/Bhardwajetal_2024_nature_inclination_angle-main/cropped_host_galaxies/20240310A_flux.fits[1:47,1:43] 
Init. par. file : galfit.feedme 
Restart file    : galfit.05 
Output image    : out.fits 

 sersic    : (   32.73,    19.73)   18.86     23.19    6.00    0.45    -8.02
             (    0.04,     0.06)    0.26     11.24    1.32    0.02     1.30
 sky       : [ 24.00,  22.00]  -1.86e-03  [0.00e+00]  [0.00e+00]
                                3.16e-04  [0.00e+00]  [0.00e+00]
 Chi^2 = 14373.43344,  ndof = 2013
 Chi^2/nu = 7.140 

-----------------------------------------------------------------------------
