-----------------------------------------------------------------------------

Input image     : /mnt/c/Users/lenovo/Desktop/Bhardwajetal_2024_nature_inclination_angle-main/cropped_host_galaxies/20211203C_flux.fits[1:45,1:45] 
Init. par. file : galfit.feedme 
Restart file    : galfit.01 
Output image    : out.fits 

 sersic    : (   25.42,    25.38)   24.61      4.33    0.97    0.71   -14.08
             (    0.08,     0.12)    0.07      0.37    0.09    0.03     6.28
 sky       : [ 23.00,  23.00]  -9.53e-06  [0.00e+00]  [0.00e+00]
                                9.21e-05  [0.00e+00]  [0.00e+00]
 Chi^2 = 1533.57923,  ndof = 2017
 Chi^2/nu = 0.760 

-----------------------------------------------------------------------------
-----------------------------------------------------------------------------

Input image     : /mnt/c/Users/lenovo/Desktop/Bhardwajetal_2024_nature_inclination_angle-main/cropped_host_galaxies/20211203C_flux.fits[1:45,1:45] 
Init. par. file : galfit.feedme 
Restart file    : galfit.02 
Output image    : out.fits 

 sersic    : (   25.42,    25.38)   24.61      4.33    0.97    0.71   -14.08
             (    0.08,     0.12)    0.07      0.37    0.09    0.03     6.28
 sky       : [ 23.00,  23.00]  -9.53e-06  [0.00e+00]  [0.00e+00]
                                9.21e-05  [0.00e+00]  [0.00e+00]
 Chi^2 = 1533.57923,  ndof = 2017
 Chi^2/nu = 0.760 

-----------------------------------------------------------------------------
-----------------------------------------------------------------------------

Input image     : /mnt/c/Users/lenovo/Desktop/Bhardwajetal_2024_nature_inclination_angle-main/cropped_host_galaxies/20211203C_flux.fits[1:45,1:45] 
Init. par. file : galfit.feedme 
Restart file    : galfit.03 
Output image    : out.fits 

 sersic    : (   25.42,    25.38)   24.59      4.38   [1.00]   0.71   -14.18
             (    0.09,     0.12)    0.05      0.27   [0.00]   0.04     6.33
 sky       : [ 23.00,  23.00]  -1.72e-05  [0.00e+00]  [0.00e+00]
                                9.20e-05  [0.00e+00]  [0.00e+00]
 Chi^2 = 1533.60802,  ndof = 2018
 Chi^2/nu = 0.760 

-----------------------------------------------------------------------------
-----------------------------------------------------------------------------

Input image     : /mnt/c/Users/lenovo/Desktop/Bhardwajetal_2024_nature_inclination_angle-main/cropped_host_galaxies/20211203C_flux.fits[1:45,1:45] 
Init. par. file : galfit.feedme 
Restart file    : galfit.04 
Output image    : out.fits 

 sersic    : (   25.42,    25.38)   24.59      4.38   [1.00]   0.71   -14.18
             (    0.09,     0.12)    0.05      0.27   [0.00]   0.04     6.33
 sky       : [ 23.00,  23.00]  -1.72e-05  [0.00e+00]  [0.00e+00]
                                9.20e-05  [0.00e+00]  [0.00e+00]
 Chi^2 = 1533.60802,  ndof = 2018
 Chi^2/nu = 0.760 

-----------------------------------------------------------------------------
