-----------------------------------------------------------------------------

Input image     : /mnt/c/Users/lenovo/Desktop/Bhardwajetal_2024_nature_inclination_angle-main/cropped_host_galaxies/20240304A_flux.fits[1:32,1:32] 
Init. par. file : galfit.feedme 
Restart file    : galfit.01 
Output image    : out.fits 

 sersic    : (   17.49,    16.88)   20.73      3.68    1.51    0.68    29.83
             (    0.04,     0.05)    0.05      0.21    0.22    0.03     3.30
 sky       : [ 16.50,  16.50]  -1.25e-04  [0.00e+00]  [0.00e+00]
                                1.84e-04  [0.00e+00]  [0.00e+00]
 Chi^2 = 756.45067,  ndof = 1016
 Chi^2/nu = 0.745 

-----------------------------------------------------------------------------
-----------------------------------------------------------------------------

Input image     : /mnt/c/Users/lenovo/Desktop/Bhardwajetal_2024_nature_inclination_angle-main/cropped_host_galaxies/20240304A_flux.fits[1:32,1:32] 
Init. par. file : galfit.feedme 
Restart file    : galfit.02 
Output image    : out.fits 

 sersic    : (   17.49,    16.88)   20.73      3.68    1.51    0.68    29.83
             (    0.04,     0.05)    0.05      0.21    0.22    0.03     3.30
 sky       : [ 16.50,  16.50]  -1.25e-04  [0.00e+00]  [0.00e+00]
                                1.84e-04  [0.00e+00]  [0.00e+00]
 Chi^2 = 756.45067,  ndof = 1016
 Chi^2/nu = 0.745 

-----------------------------------------------------------------------------
-----------------------------------------------------------------------------

Input image     : /mnt/c/Users/lenovo/Desktop/Bhardwajetal_2024_nature_inclination_angle-main/cropped_host_galaxies/20240304A_flux.fits[1:32,1:32] 
Init. par. file : galfit.feedme 
Restart file    : galfit.03 
Output image    : out.fits 

 sersic    : (   17.49,    16.88)   20.73      3.68    1.51    0.68    29.83
             (    0.04,     0.05)    0.05      0.21    0.22    0.03     3.30
 sky       : [ 16.50,  16.50]  -1.25e-04  [0.00e+00]  [0.00e+00]
                                1.84e-04  [0.00e+00]  [0.00e+00]
 Chi^2 = 756.45067,  ndof = 1016
 Chi^2/nu = 0.745 

-----------------------------------------------------------------------------
-----------------------------------------------------------------------------

Input image     : /mnt/c/Users/lenovo/Desktop/Bhardwajetal_2024_nature_inclination_angle-main/cropped_host_galaxies/20240304A_flux.fits[1:32,1:32] 
Init. par. file : galfit.feedme 
Restart file    : galfit.04 
Output image    : out.fits 

 sersic    : (   17.49,    16.88)   20.73      3.68    1.51    0.68    29.83
             (    0.04,     0.05)    0.05      0.21    0.22    0.03     3.30
 sky       : [ 16.50,  16.50]  -1.25e-04  [0.00e+00]  [0.00e+00]
                                1.84e-04  [0.00e+00]  [0.00e+00]
 Chi^2 = 756.45067,  ndof = 1016
 Chi^2/nu = 0.745 

-----------------------------------------------------------------------------
-----------------------------------------------------------------------------

Input image     : /mnt/c/Users/lenovo/Desktop/Bhardwajetal_2024_nature_inclination_angle-main/cropped_host_galaxies/20240304A_flux.fits[1:33,1:33] 
Init. par. file : galfit.feedme 
Restart file    : galfit.05 
Output image    : out.fits 

 sersic    : (   17.49,    16.87)   20.74      3.64    1.48    0.68    29.95
             (    0.04,     0.05)    0.05      0.19    0.21    0.03     3.29
 sky       : [ 17.00,  17.00]  -5.25e-05  [0.00e+00]  [0.00e+00]
                                1.64e-04  [0.00e+00]  [0.00e+00]
 Chi^2 = 801.97271,  ndof = 1081
 Chi^2/nu = 0.742 

-----------------------------------------------------------------------------
