2026-03-12 20:06:12,680:WARNING: FITSFixedWarning: PC001001= -1. 
this form of the PCi_ja keyword is deprecated, use PCi_ja.
2026-03-12 20:06:12,688:WARNING: FITSFixedWarning: PC001002= 0. 
this form of the PCi_ja keyword is deprecated, use PCi_ja.
2026-03-12 20:06:12,695:WARNING: FITSFixedWarning: PC002001= 0. 
this form of the PCi_ja keyword is deprecated, use PCi_ja.
2026-03-12 20:06:12,701:WARNING: FITSFixedWarning: PC002002= 1. 
this form of the PCi_ja keyword is deprecated, use PCi_ja.
2026-03-12 20:06:12,709:WARNING: FITSFixedWarning: 'datfix' made the change 'Set DATE-OBS to '2011-11-28T00:32:16.585' from MJD-OBS'.
2026-03-12 20:06:13,370:INFO: Chi^2/DoF: 303201422.27212536, L: 1.0
2026-03-12 20:06:15,714:INFO: Chi^2/DoF: 217324327.89260653, L: 0.1111111111111111
2026-03-12 20:06:15,839:INFO: Chi^2/DoF: 181867020.22681162, L: 0.012345679012345678
2026-03-12 20:06:15,991:INFO: Chi^2/DoF: 171346290.33404854, L: 0.0013717421124828531
2026-03-12 20:06:16,145:INFO: Chi^2/DoF: 170131254.44798303, L: 0.00015241579027587256
2026-03-12 20:06:16,373:INFO: Chi^2/DoF: 170040833.89397204, L: 2.5811747917131966e-09
2026-03-12 20:06:16,497:INFO: Chi^2/DoF: 170040036.92675212, L: 1e-09
2026-03-12 20:06:16,611:INFO: Final Chi^2/DoF: 170040023.8276944, L: 1e-09. Converged: success
2026-03-12 20:06:17,845:INFO: Chi^2/DoF: 2.8023414777965026, L: 1.0
2026-03-12 20:06:17,964:INFO: Chi^2/DoF: 1.675315945050659, L: 0.1111111111111111
2026-03-12 20:06:18,081:INFO: Chi^2/DoF: 1.0820874095979869, L: 0.012345679012345678
2026-03-12 20:06:18,193:INFO: Chi^2/DoF: 0.9656121012639198, L: 0.0013717421124828531
2026-03-12 20:06:18,317:INFO: Chi^2/DoF: 0.8589028853671298, L: 0.00015241579027587256
2026-03-12 20:06:18,560:INFO: Chi^2/DoF: 0.8459831512287045, L: 2.5811747917131966e-09
2026-03-12 20:06:18,704:INFO: Chi^2/DoF: 0.8457846888379847, L: 1e-09
2026-03-12 20:06:18,824:INFO: Chi^2/DoF: 0.8457750467148056, L: 1e-09
2026-03-12 20:06:18,953:INFO: Chi^2/DoF: 0.8457747387962645, L: 1e-09
2026-03-12 20:06:19,093:INFO: Final Chi^2/DoF: 0.8457746311893459, L: 1e-09. Converged: success
2026-03-12 20:06:20,195:INFO: Chi^2/DoF: 0.9401222813327244, L: 1.0
2026-03-12 20:06:20,365:INFO: Chi^2/DoF: 0.8091019497558475, L: 0.0013717421124828531
2026-03-12 20:06:20,510:INFO: Chi^2/DoF: 0.7644582934828786, L: 0.00015241579027587256
2026-03-12 20:06:20,661:INFO: Chi^2/DoF: 0.7414778399508595, L: 1.6935087808430286e-05
2026-03-12 20:06:20,810:INFO: Chi^2/DoF: 0.7395743010114675, L: 1.8816764231589206e-06
2026-03-12 20:06:20,985:INFO: Chi^2/DoF: 0.7395163969287197, L: 2.5811747917131966e-09
2026-03-12 20:06:21,102:INFO: Chi^2/DoF: 0.7395161323943987, L: 1e-09
2026-03-12 20:06:21,220:INFO: Final Chi^2/DoF: 0.7395161281215609, L: 1e-09. Converged: success
2026-03-12 20:06:22,171:INFO: Chi^2/DoF: 3.84088078745708, L: 1.0
2026-03-12 20:06:22,295:INFO: Chi^2/DoF: 2.2469266895649307, L: 0.1111111111111111
2026-03-12 20:06:22,410:INFO: Chi^2/DoF: 1.5791200004376775, L: 0.012345679012345678
2026-03-12 20:06:22,705:INFO: Chi^2/DoF: 1.4697421332900709, L: 2.323057312541877e-08
2026-03-12 20:06:22,826:INFO: Chi^2/DoF: 1.469430352867584, L: 2.5811747917131966e-09
2026-03-12 20:06:22,961:INFO: Chi^2/DoF: 1.4694267545799167, L: 1e-09
2026-03-12 20:06:23,096:INFO: Final Chi^2/DoF: 1.469426609043299, L: 1e-09. Converged: success
2026-03-12 20:06:24,297:INFO: Chi^2/DoF: 1.7418834152252307, L: 1.0
2026-03-12 20:06:24,412:INFO: Chi^2/DoF: 1.315691253817207, L: 0.1111111111111111
2026-03-12 20:06:24,521:INFO: Chi^2/DoF: 1.072067609466684, L: 0.012345679012345678
2026-03-12 20:06:24,635:INFO: Chi^2/DoF: 0.8282724754272031, L: 0.0013717421124828531
2026-03-12 20:06:24,742:INFO: Chi^2/DoF: 0.7437809062312968, L: 0.00015241579027587256
2026-03-12 20:06:24,879:INFO: Chi^2/DoF: 0.7025436832718052, L: 1.6935087808430286e-05
2026-03-12 20:06:25,069:INFO: Chi^2/DoF: 0.6996226081136373, L: 2.5811747917131966e-09
2026-03-12 20:06:25,187:INFO: Chi^2/DoF: 0.6995466255029177, L: 1e-09
2026-03-12 20:06:25,295:INFO: Chi^2/DoF: 0.6995456631538282, L: 1e-09
2026-03-12 20:06:25,415:INFO: Final Chi^2/DoF: 0.6995456422500808, L: 1e-09. Converged: success
2026-03-12 20:06:26,292:INFO: Chi^2/DoF: 335.9991699979234, L: 1.0
2026-03-12 20:06:26,424:INFO: Chi^2/DoF: 303.1441060279123, L: 1.2222222222222223
2026-03-12 20:06:26,544:INFO: Chi^2/DoF: 213.76611093250494, L: 1.4938271604938274
2026-03-12 20:06:26,649:INFO: Chi^2/DoF: 133.25663408392458, L: 0.16598079561042525
2026-03-12 20:06:26,759:INFO: Chi^2/DoF: 113.20176174842162, L: 0.018442310623380583
2026-03-12 20:06:26,936:INFO: Chi^2/DoF: 112.66689339353296, L: 2.727412826635506
2026-03-12 20:06:27,061:INFO: Chi^2/DoF: 112.17950239224463, L: 3.3335045658878406
2026-03-12 20:06:27,185:INFO: Chi^2/DoF: 111.77510822809373, L: 4.074283358307361
2026-03-12 20:06:27,293:INFO: Chi^2/DoF: 109.04745047297354, L: 0.4526981509230401
2026-03-12 20:06:27,412:INFO: Chi^2/DoF: 106.17645187071169, L: 0.553297740017049
2026-03-12 20:06:27,540:INFO: Chi^2/DoF: 103.59791188457085, L: 0.6762527933541711
2026-03-12 20:06:27,668:INFO: Chi^2/DoF: 101.34573115110607, L: 0.8265311918773202
2026-03-12 20:06:27,795:INFO: Chi^2/DoF: 99.22127704462083, L: 1.0102047900722804
2026-03-12 20:06:27,931:INFO: Chi^2/DoF: 98.02228814174562, L: 1.2346947434216762
2026-03-12 20:06:28,065:INFO: Chi^2/DoF: 96.77327905670198, L: 1.5090713530709374
2026-03-12 20:06:28,182:INFO: Chi^2/DoF: 95.89451407733175, L: 1.8444205426422569
2026-03-12 20:06:28,296:INFO: Chi^2/DoF: 94.802635818183, L: 2.254291774340536
2026-03-12 20:06:28,422:INFO: Chi^2/DoF: 94.4165379899695, L: 2.755245501971766
2026-03-12 20:06:28,541:INFO: Chi^2/DoF: 93.89542649153897, L: 3.367522280187714
2026-03-12 20:06:28,669:INFO: Chi^2/DoF: 91.22299445015331, L: 0.37416914224307934
2026-03-12 20:06:28,801:INFO: Chi^2/DoF: 89.31851917056142, L: 0.4573178405193192
2026-03-12 20:06:28,923:INFO: Chi^2/DoF: 87.81494413908393, L: 0.5589440273013901
2026-03-12 20:06:29,051:INFO: Chi^2/DoF: 87.06881123318945, L: 0.6831538111461435
2026-03-12 20:06:29,177:INFO: Chi^2/DoF: 86.1297847146958, L: 0.8349657691786199
2026-03-12 20:06:29,307:INFO: Chi^2/DoF: 85.32761830353071, L: 1.02051371788498
2026-03-12 20:06:29,457:INFO: Chi^2/DoF: 80.87641967370863, L: 0.012598934788703456
2026-03-12 20:06:29,603:INFO: Chi^2/DoF: 76.7019127687956, L: 0.16938567882590203
2026-03-12 20:06:29,731:INFO: Chi^2/DoF: 70.16431707090756, L: 0.01882063098065578
2026-03-12 20:06:29,909:INFO: Chi^2/DoF: 70.00276194820898, L: 2.7833622039169827
2026-03-12 20:06:30,039:INFO: Chi^2/DoF: 69.64087135003176, L: 3.401887138120757
2026-03-12 20:06:30,167:INFO: Chi^2/DoF: 68.63034023830656, L: 0.3779874597911952
2026-03-12 20:06:30,293:INFO: Chi^2/DoF: 68.07983112334615, L: 0.4619846730781274
2026-03-12 20:06:30,450:INFO: Chi^2/DoF: 63.63496053527097, L: 0.005703514482446017
2026-03-12 20:06:30,638:INFO: Chi^2/DoF: 63.62246322874821, L: 9.278350615276903
2026-03-12 20:06:30,803:INFO: Chi^2/DoF: 54.03709143931098, L: 0.0014141671414840576
2026-03-12 20:06:31,013:INFO: Chi^2/DoF: 52.631553411973194, L: 2.300535679829787
2026-03-12 20:06:31,151:INFO: Chi^2/DoF: 52.493665874558225, L: 0.25561507553664303
2026-03-12 20:06:31,279:INFO: Chi^2/DoF: 49.198296120948406, L: 0.31241842565589706
2026-03-12 20:06:31,434:INFO: Chi^2/DoF: 48.75834712901935, L: 4.200292167151505
2026-03-12 20:06:31,562:INFO: Chi^2/DoF: 48.54583405259419, L: 5.133690426518506
2026-03-12 20:06:31,686:INFO: Chi^2/DoF: 47.46434544697691, L: 0.5704100473909451
2026-03-12 20:06:31,812:INFO: Chi^2/DoF: 46.14468678413183, L: 0.6971678357000441
2026-03-12 20:06:31,935:INFO: Chi^2/DoF: 45.28585424483554, L: 0.852094021411165
2026-03-12 20:06:32,057:INFO: Chi^2/DoF: 43.281488008695135, L: 0.09467711349012944
2026-03-12 20:06:32,160:INFO: Chi^2/DoF: 27.634613565437384, L: 0.01051967927668105
2026-03-12 20:06:32,273:INFO: Chi^2/DoF: 17.812144039078063, L: 0.001168853252964561
2026-03-12 20:06:32,385:INFO: Chi^2/DoF: 10.912096729682707, L: 0.000129872583662729
2026-03-12 20:06:32,498:INFO: Chi^2/DoF: 7.05666300728417, L: 1.4430287073636554e-05
2026-03-12 20:06:32,709:INFO: Chi^2/DoF: 6.563833150695275, L: 2.1994036082360243e-09
2026-03-12 20:06:32,825:INFO: Chi^2/DoF: 6.511932649117378, L: 1e-09
2026-03-12 20:06:32,940:INFO: Chi^2/DoF: 6.5085091046465156, L: 1e-09
2026-03-12 20:06:33,052:INFO: Chi^2/DoF: 6.508302080612237, L: 1e-09
2026-03-12 20:06:33,161:INFO: Chi^2/DoF: 6.508288211382665, L: 1e-09
2026-03-12 20:06:33,268:INFO: Final Chi^2/DoF: 6.508287332874823, L: 1e-09. Converged: success
2026-03-12 20:06:34,186:INFO: Chi^2/DoF: 1.8034824943713614, L: 1.0
2026-03-12 20:06:34,319:INFO: Chi^2/DoF: 1.4732172420693916, L: 0.1111111111111111
2026-03-12 20:06:34,450:INFO: Chi^2/DoF: 1.3016470983064163, L: 0.012345679012345678
2026-03-12 20:06:34,583:INFO: Chi^2/DoF: 1.0678021287705894, L: 0.0013717421124828531
2026-03-12 20:06:34,759:INFO: Chi^2/DoF: 0.9688743975021605, L: 0.00015241579027587256
2026-03-12 20:06:35,025:INFO: Chi^2/DoF: 0.8899201602826102, L: 2.5811747917131966e-09
2026-03-12 20:06:35,161:INFO: Chi^2/DoF: 0.8826241956789539, L: 1e-09
2026-03-12 20:06:35,299:INFO: Chi^2/DoF: 0.8820343249030486, L: 1e-09
2026-03-12 20:06:35,426:INFO: Chi^2/DoF: 0.8819953213767517, L: 1e-09
2026-03-12 20:06:35,561:INFO: Chi^2/DoF: 0.8819927428895642, L: 1e-09
2026-03-12 20:06:35,696:INFO: Final Chi^2/DoF: 0.881992576686753, L: 1e-09. Converged: success
2026-03-12 20:06:36,659:INFO: Chi^2/DoF: 0.9100484666108318, L: 1.0
2026-03-12 20:06:36,771:INFO: Chi^2/DoF: 0.8154096734794902, L: 0.1111111111111111
2026-03-12 20:06:36,966:INFO: Chi^2/DoF: 0.7388346499753794, L: 0.00015241579027587256
2026-03-12 20:06:37,104:INFO: Chi^2/DoF: 0.7351442955695424, L: 1.6935087808430286e-05
2026-03-12 20:06:37,310:INFO: Chi^2/DoF: 0.7350498293393146, L: 2.5811747917131966e-09
2026-03-12 20:06:37,443:INFO: Chi^2/DoF: 0.7350491220146746, L: 1e-09
2026-03-12 20:06:37,827:WARNING: Could not find step to improve Chi^2, stopping
2026-03-12 20:06:37,829:INFO: Final Chi^2/DoF: 0.7350491220146746, L: 2.5811747917131966e-09. Converged: fail. Could not find step to improve Chi^2
2026-03-12 20:06:38,660:INFO: Chi^2/DoF: 8.453855600770241, L: 1.0
2026-03-12 20:06:38,772:INFO: Chi^2/DoF: 4.644762586821202, L: 0.1111111111111111
2026-03-12 20:06:38,896:INFO: Chi^2/DoF: 4.159151115784808, L: 0.13580246913580246
2026-03-12 20:06:39,031:INFO: Chi^2/DoF: 3.657318606909161, L: 0.16598079561042522
2026-03-12 20:06:39,124:INFO: Chi^2/DoF: 2.401739094718144, L: 0.01844231062338058
2026-03-12 20:06:39,229:INFO: Chi^2/DoF: 1.6747950255360022, L: 0.0020491456248200642
2026-03-12 20:06:39,343:INFO: Chi^2/DoF: 1.4235756396089083, L: 0.00022768284720222937
2026-03-12 20:06:39,571:INFO: Chi^2/DoF: 1.3951671039491975, L: 3.4702461088588536e-08
2026-03-12 20:06:39,739:INFO: Chi^2/DoF: 1.3888729336880914, L: 4.665553101910237e-07
2026-03-12 20:06:39,881:INFO: Chi^2/DoF: 1.3597323899050922, L: 5.702342680112512e-07
2026-03-12 20:06:40,073:INFO: Chi^2/DoF: 1.289983134551516, L: 8.433131230255283e-05
2026-03-12 20:06:40,257:INFO: Chi^2/DoF: 1.2741871487366796, L: 0.012471664074966422
2026-03-12 20:06:40,392:INFO: Chi^2/DoF: 1.2548306347477343, L: 0.015243144980514517
2026-03-12 20:06:40,521:INFO: Chi^2/DoF: 1.2273175911699619, L: 0.018630510531739964
2026-03-12 20:06:40,662:INFO: Chi^2/DoF: 1.1856744282773553, L: 0.022770623983237735
2026-03-12 20:06:40,787:INFO: Chi^2/DoF: 1.1283562698832095, L: 0.027830762646179452
2026-03-12 20:06:40,933:INFO: Chi^2/DoF: 1.0839424950794585, L: 0.034015376567552665
2026-03-12 20:06:41,067:INFO: Chi^2/DoF: 1.0598923826392015, L: 0.04157434913811992
2026-03-12 20:06:41,200:INFO: Chi^2/DoF: 1.009568515343699, L: 0.004619372126457769
2026-03-12 20:06:41,354:INFO: Chi^2/DoF: 0.9503408109603555, L: 5.702928551182431e-05
2026-03-12 20:06:41,523:INFO: Chi^2/DoF: 0.9423122628147969, L: 8.692163620153073e-09
2026-03-12 20:06:41,627:INFO: Chi^2/DoF: 0.9417188991041483, L: 1e-09
2026-03-12 20:06:41,728:INFO: Chi^2/DoF: 0.9416536579240673, L: 1e-09
2026-03-12 20:06:41,833:INFO: Chi^2/DoF: 0.9416391789602412, L: 1e-09
2026-03-12 20:06:41,935:INFO: Chi^2/DoF: 0.9416385691118956, L: 1e-09
2026-03-12 20:06:42,041:INFO: Final Chi^2/DoF: 0.9416385120096943, L: 1e-09. Converged: success
2026-03-12 20:06:42,596:WARNING: FITSFixedWarning: PC001001= -1. 
this form of the PCi_ja keyword is deprecated, use PCi_ja.
2026-03-12 20:06:42,606:WARNING: FITSFixedWarning: PC001002= 0. 
this form of the PCi_ja keyword is deprecated, use PCi_ja.
2026-03-12 20:06:42,612:WARNING: FITSFixedWarning: PC002001= 0. 
this form of the PCi_ja keyword is deprecated, use PCi_ja.
2026-03-12 20:06:42,621:WARNING: FITSFixedWarning: PC002002= 1. 
this form of the PCi_ja keyword is deprecated, use PCi_ja.
2026-03-12 20:06:42,629:WARNING: FITSFixedWarning: 'datfix' made the change 'Set DATE-OBS to '2011-12-26T00:08:36.462' from MJD-OBS'.
2026-03-12 20:06:43,240:INFO: Chi^2/DoF: 275533113.2536491, L: 1.0
2026-03-12 20:06:43,348:INFO: Chi^2/DoF: 184023354.591819, L: 0.1111111111111111
2026-03-12 20:06:43,497:INFO: Chi^2/DoF: 166283572.06692263, L: 0.0013717421124828531
2026-03-12 20:06:43,712:INFO: Chi^2/DoF: 165764044.62913904, L: 2.5811747917131966e-09
2026-03-12 20:06:43,805:INFO: Chi^2/DoF: 165759658.5237363, L: 1e-09
2026-03-12 20:06:43,904:INFO: Chi^2/DoF: 165759615.47473776, L: 1e-09
2026-03-12 20:06:44,006:INFO: Final Chi^2/DoF: 165759613.74348834, L: 1e-09. Converged: success
2026-03-12 20:06:44,542:WARNING: FITSFixedWarning: PC001001= -1. 
this form of the PCi_ja keyword is deprecated, use PCi_ja.
2026-03-12 20:06:44,549:WARNING: FITSFixedWarning: PC001002= 0. 
this form of the PCi_ja keyword is deprecated, use PCi_ja.
2026-03-12 20:06:44,557:WARNING: FITSFixedWarning: PC002001= 0. 
this form of the PCi_ja keyword is deprecated, use PCi_ja.
2026-03-12 20:06:44,565:WARNING: FITSFixedWarning: PC002002= 1. 
this form of the PCi_ja keyword is deprecated, use PCi_ja.
2026-03-12 20:06:44,577:WARNING: FITSFixedWarning: 'datfix' made the change 'Set DATE-OBS to '2013-01-29T20:17:01.965' from MJD-OBS'.
2026-03-12 20:06:45,062:INFO: Chi^2/DoF: 2073469728.3462064, L: 1.0
2026-03-12 20:06:45,160:INFO: Chi^2/DoF: 1086517326.04337, L: 0.1111111111111111
2026-03-12 20:06:45,276:INFO: Chi^2/DoF: 967241168.9676588, L: 0.13580246913580246
2026-03-12 20:06:45,409:INFO: Chi^2/DoF: 930158824.1503993, L: 0.16598079561042522
2026-03-12 20:06:45,536:INFO: Chi^2/DoF: 763021446.1541854, L: 0.0020491456248200642
2026-03-12 20:06:45,707:INFO: Chi^2/DoF: 754443828.3510076, L: 0.30304586962616725
2026-03-12 20:06:45,839:INFO: Chi^2/DoF: 749480308.241335, L: 0.37038939620975997
2026-03-12 20:06:45,978:INFO: Chi^2/DoF: 734151450.5876292, L: 0.041154377356639994
2026-03-12 20:06:46,160:INFO: Chi^2/DoF: 734017433.8423336, L: 6.086275140187537
2026-03-12 20:06:46,288:INFO: Chi^2/DoF: 733908197.3779215, L: 7.438780726895879
2026-03-12 20:06:46,415:INFO: Chi^2/DoF: 733819369.0077972, L: 9.091843110650519
2026-03-12 20:06:46,548:INFO: Chi^2/DoF: 733101969.934879, L: 1.01020479007228
2026-03-12 20:06:46,683:INFO: Chi^2/DoF: 732537377.2700902, L: 1.2346947434216755
2026-03-12 20:06:46,819:INFO: Chi^2/DoF: 732088363.1751956, L: 1.5090713530709368
2026-03-12 20:06:46,939:INFO: Chi^2/DoF: 731730906.6022543, L: 1.8444205426422562
2026-03-12 20:06:47,071:INFO: Chi^2/DoF: 731442502.2705913, L: 2.254291774340535
2026-03-12 20:06:47,198:INFO: Chi^2/DoF: 731210405.668182, L: 2.755245501971765
2026-03-12 20:06:47,333:INFO: Chi^2/DoF: 731023102.4585396, L: 3.3675222801877127
2026-03-12 20:06:47,457:INFO: Chi^2/DoF: 730871076.4964839, L: 4.115860564673871
2026-03-12 20:06:47,588:INFO: Chi^2/DoF: 730747202.3929898, L: 5.030496245712509
2026-03-12 20:06:47,721:INFO: Chi^2/DoF: 730646034.847518, L: 6.148384300315289
2026-03-12 20:06:47,856:INFO: Chi^2/DoF: 730563802.3174746, L: 7.514691922607576
2026-03-12 20:06:47,991:INFO: Chi^2/DoF: 730497778.1985589, L: 9.184623460964815
2026-03-12 20:06:48,116:INFO: Chi^2/DoF: 729954051.0569128, L: 1.0205137178849795
2026-03-12 20:06:48,249:INFO: Chi^2/DoF: 729519400.7823284, L: 1.2472945440816414
2026-03-12 20:06:48,374:INFO: Chi^2/DoF: 729171549.428371, L: 1.5244711094331174
2026-03-12 20:06:48,508:INFO: Chi^2/DoF: 728891191.0261965, L: 1.8632424670849213
2026-03-12 20:06:48,629:INFO: Chi^2/DoF: 728665219.3561245, L: 2.2772963486593483
2026-03-12 20:06:48,756:INFO: Chi^2/DoF: 728480739.6730009, L: 2.7833622039169814
2026-03-12 20:06:48,888:INFO: Chi^2/DoF: 728331291.4989008, L: 3.401887138120755
2026-03-12 20:06:49,021:INFO: Chi^2/DoF: 728210332.2916306, L: 4.157862057703145
2026-03-12 20:06:49,152:INFO: Chi^2/DoF: 728111601.6765085, L: 5.0818314038594
2026-03-12 20:06:49,275:INFO: Chi^2/DoF: 728030354.2407231, L: 6.211127271383712
2026-03-12 20:06:49,400:INFO: Chi^2/DoF: 727964626.4541017, L: 7.591377776135649
2026-03-12 20:06:49,525:INFO: Chi^2/DoF: 727911144.586451, L: 9.278350615276903
2026-03-12 20:06:49,659:INFO: Chi^2/DoF: 727469533.1753551, L: 1.030927846141878
2026-03-12 20:06:49,785:INFO: Chi^2/DoF: 727115721.0235779, L: 1.2600229230622952
2026-03-12 20:06:49,916:INFO: Chi^2/DoF: 726828534.1884302, L: 1.5400280170761387
2026-03-12 20:06:50,040:INFO: Chi^2/DoF: 726594660.4659392, L: 1.8822564653152807
2026-03-12 20:06:50,172:INFO: Chi^2/DoF: 726405206.3469253, L: 2.300535679829787
2026-03-12 20:06:50,307:INFO: Chi^2/DoF: 726251334.6267987, L: 2.8117658309030733
2026-03-12 20:06:50,427:INFO: Chi^2/DoF: 726125423.1057632, L: 3.4366026822148674
2026-03-12 20:06:50,543:INFO: Chi^2/DoF: 726023305.5919111, L: 4.200292167151505
2026-03-12 20:06:50,665:INFO: Chi^2/DoF: 725938915.8418854, L: 5.133690426518506
2026-03-12 20:06:50,799:INFO: Chi^2/DoF: 725870379.7370087, L: 6.274510521300396
2026-03-12 20:06:50,929:INFO: Chi^2/DoF: 725814398.2728152, L: 7.668846192700483
2026-03-12 20:06:51,061:INFO: Chi^2/DoF: 725769139.7242049, L: 9.373034235522814
2026-03-12 20:06:51,190:INFO: Chi^2/DoF: 725391871.2503289, L: 1.0414482483914238
2026-03-12 20:06:51,328:INFO: Chi^2/DoF: 725086635.7392446, L: 1.272881192478407
2026-03-12 20:06:51,456:INFO: Chi^2/DoF: 724836784.6338998, L: 1.5557436796958308
2026-03-12 20:06:51,586:INFO: Chi^2/DoF: 724634104.7790368, L: 1.9014644974060155
2026-03-12 20:06:51,718:INFO: Chi^2/DoF: 724467897.8522048, L: 2.324012163496241
2026-03-12 20:06:51,853:INFO: Chi^2/DoF: 724332366.427593, L: 2.8404593109398504
2026-03-12 20:06:51,986:INFO: Chi^2/DoF: 724221758.4744056, L: 3.471672491148706
2026-03-12 20:06:52,124:INFO: Chi^2/DoF: 724130919.8975456, L: 4.24315526695953
2026-03-12 20:06:52,251:INFO: Chi^2/DoF: 724056834.4186984, L: 5.186078659617203
2026-03-12 20:06:52,379:INFO: Chi^2/DoF: 723996332.3879862, L: 6.338540583976581
2026-03-12 20:06:52,514:INFO: Chi^2/DoF: 723946769.0048752, L: 7.747105158193599
2026-03-12 20:06:52,652:INFO: Chi^2/DoF: 723906336.8381015, L: 9.46868408223662
2026-03-12 20:06:52,781:INFO: Chi^2/DoF: 723570659.1601806, L: 1.0520760091374024
2026-03-12 20:06:52,916:INFO: Chi^2/DoF: 723296613.0388379, L: 1.285870677834603
2026-03-12 20:06:53,047:INFO: Chi^2/DoF: 723072229.5437232, L: 1.5716197173534037
2026-03-12 20:06:53,181:INFO: Chi^2/DoF: 722887875.8968488, L: 1.920868543431938
2026-03-12 20:06:53,314:INFO: Chi^2/DoF: 722738046.9857193, L: 2.3477282197501466
2026-03-12 20:06:53,435:INFO: Chi^2/DoF: 722614541.1703722, L: 2.869445601916846
2026-03-12 20:06:53,560:INFO: Chi^2/DoF: 722513599.1352582, L: 3.50710018012059
2026-03-12 20:06:53,692:INFO: Chi^2/DoF: 722431193.0714704, L: 4.286455775702944
2026-03-12 20:06:53,826:INFO: Chi^2/DoF: 722363470.6686065, L: 5.239001503636931
2026-03-12 20:06:53,951:INFO: Chi^2/DoF: 722307533.2961456, L: 6.403224060000694
2026-03-12 20:06:54,080:INFO: Chi^2/DoF: 722261902.6594602, L: 7.826162740000849
2026-03-12 20:06:54,209:INFO: Chi^2/DoF: 722224974.0107988, L: 9.565310015556594
2026-03-12 20:06:54,343:INFO: Chi^2/DoF: 721917093.7898822, L: 1.0628122239507327
2026-03-12 20:06:54,473:INFO: Chi^2/DoF: 721664325.5285933, L: 1.2989927181620067
2026-03-12 20:06:54,593:INFO: Chi^2/DoF: 721456240.9667095, L: 1.5876577666424525
2026-03-12 20:06:54,717:INFO: Chi^2/DoF: 721285848.8058668, L: 1.9404706036741086
2026-03-12 20:06:54,837:INFO: Chi^2/DoF: 721146242.5506567, L: 2.371686293379466
2026-03-12 20:06:54,976:INFO: Chi^2/DoF: 721031247.3790741, L: 2.8987276919082365
2026-03-12 20:06:55,106:INFO: Chi^2/DoF: 720937842.4969857, L: 3.5428894012211782
2026-03-12 20:06:55,238:INFO: Chi^2/DoF: 720860974.4176213, L: 4.330198157048106
2026-03-12 20:06:55,372:INFO: Chi^2/DoF: 720796809.9742278, L: 5.292464414169908
2026-03-12 20:06:55,499:INFO: Chi^2/DoF: 720744990.4997582, L: 6.468567617318777
2026-03-12 20:06:55,631:INFO: Chi^2/DoF: 720703248.0600092, L: 7.90602708783406
2026-03-12 20:06:55,754:INFO: Chi^2/DoF: 720668412.8409173, L: 9.662921996241629
2026-03-12 20:06:55,865:INFO: Chi^2/DoF: 720379248.5780267, L: 1.0736579995824032
2026-03-12 20:06:55,989:INFO: Chi^2/DoF: 720141509.4640126, L: 1.3122486661562707
2026-03-12 20:06:56,125:INFO: Chi^2/DoF: 719946532.4942904, L: 1.603859480857664
2026-03-12 20:06:56,264:INFO: Chi^2/DoF: 719785256.0305941, L: 1.960272698826034
2026-03-12 20:06:56,387:INFO: Chi^2/DoF: 719653801.1017674, L: 2.395888854120708
2026-03-12 20:06:56,513:INFO: Chi^2/DoF: 719545516.0788814, L: 2.9283085994808657
2026-03-12 20:06:56,638:INFO: Chi^2/DoF: 719455898.9704509, L: 3.579043843809947
2026-03-12 20:06:56,773:INFO: Chi^2/DoF: 719382775.7884302, L: 4.374386920212157
2026-03-12 20:06:56,908:INFO: Chi^2/DoF: 719323400.0000095, L: 5.3464729024815245
2026-03-12 20:06:57,033:INFO: Chi^2/DoF: 719273599.6404454, L: 6.534577991921863
2026-03-12 20:06:57,168:INFO: Chi^2/DoF: 719233124.7983662, L: 7.986706434571166
2026-03-12 20:06:57,300:INFO: Chi^2/DoF: 719200471.5430331, L: 9.761530086698091
2026-03-12 20:06:57,439:INFO: Chi^2/DoF: 718925944.6821482, L: 1.0846144540775657
2026-03-12 20:06:57,566:INFO: Chi^2/DoF: 718699696.6676377, L: 1.3256398883170248
2026-03-12 20:06:57,704:INFO: Chi^2/DoF: 718513872.7108029, L: 1.6202265301652525
2026-03-12 20:06:57,831:INFO: Chi^2/DoF: 718360319.8948841, L: 1.9802768702019753
2026-03-12 20:06:57,960:INFO: Chi^2/DoF: 718233701.4082979, L: 2.4203383969135253
2026-03-12 20:06:58,089:INFO: Final Chi^2/DoF: 718130776.29983, L: 26.623722366048778. Converged: fail. Maximum iterations
2026-03-12 20:06:59,279:INFO: Chi^2/DoF: 0.854392103263772, L: 1.0
2026-03-12 20:06:59,421:INFO: Chi^2/DoF: 0.801894302146013, L: 0.1111111111111111
2026-03-12 20:06:59,562:INFO: Chi^2/DoF: 0.7652400091598024, L: 0.012345679012345678
2026-03-12 20:06:59,729:INFO: Chi^2/DoF: 0.7570182713025664, L: 0.00015241579027587256
2026-03-12 20:06:59,881:INFO: Chi^2/DoF: 0.7565779198551728, L: 1.6935087808430286e-05
2026-03-12 20:07:00,076:INFO: Chi^2/DoF: 0.7565665145067245, L: 2.5811747917131966e-09
2026-03-12 20:07:00,183:INFO: Chi^2/DoF: 0.7565660798806225, L: 1e-09
2026-03-12 20:07:00,301:INFO: Final Chi^2/DoF: 0.7565660510354156, L: 1e-09. Converged: success
2026-03-12 20:07:01,339:INFO: Chi^2/DoF: 43.524143152790984, L: 1.0
2026-03-12 20:07:01,447:INFO: Chi^2/DoF: 22.865137019768294, L: 0.1111111111111111
2026-03-12 20:07:01,561:INFO: Chi^2/DoF: 15.914193248874868, L: 0.012345679012345678
2026-03-12 20:07:01,673:INFO: Chi^2/DoF: 13.594168416180972, L: 0.0013717421124828531
2026-03-12 20:07:01,804:INFO: Chi^2/DoF: 13.434646978382222, L: 0.00015241579027587256
2026-03-12 20:07:01,935:INFO: Chi^2/DoF: 13.43264438414707, L: 1.6935087808430286e-05
2026-03-12 20:07:02,112:INFO: Chi^2/DoF: 13.432570687451644, L: 2.5811747917131966e-09
2026-03-12 20:07:02,224:INFO: Final Chi^2/DoF: 13.4325614294812, L: 2.5811747917131966e-09. Converged: success
2026-03-12 20:07:02,806:WARNING: FITSFixedWarning: PC001001= -1. 
this form of the PCi_ja keyword is deprecated, use PCi_ja.
2026-03-12 20:07:02,813:WARNING: FITSFixedWarning: PC001002= 0. 
this form of the PCi_ja keyword is deprecated, use PCi_ja.
2026-03-12 20:07:02,819:WARNING: FITSFixedWarning: PC002001= 0. 
this form of the PCi_ja keyword is deprecated, use PCi_ja.
2026-03-12 20:07:02,826:WARNING: FITSFixedWarning: PC002002= 1. 
this form of the PCi_ja keyword is deprecated, use PCi_ja.
2026-03-12 20:07:02,835:WARNING: FITSFixedWarning: 'datfix' made the change 'Set DATE-OBS to '2012-01-14T06:49:29.319' from MJD-OBS'.
2026-03-12 20:07:03,458:INFO: Chi^2/DoF: 131472264.16063435, L: 1.0
2026-03-12 20:07:03,703:INFO: Chi^2/DoF: 127848943.82891305, L: 0.0013717421124828531
2026-03-12 20:07:03,869:INFO: Chi^2/DoF: 127669927.26858363, L: 0.00015241579027587256
2026-03-12 20:07:04,113:INFO: Chi^2/DoF: 127641299.62563485, L: 2.5811747917131966e-09
2026-03-12 20:07:04,235:INFO: Chi^2/DoF: 127640680.80862637, L: 1e-09
2026-03-12 20:07:04,363:INFO: Final Chi^2/DoF: 127640679.64743696, L: 1e-09. Converged: success
2026-03-12 20:07:04,851:WARNING: FITSFixedWarning: PC001001= -1. 
this form of the PCi_ja keyword is deprecated, use PCi_ja.
2026-03-12 20:07:04,862:WARNING: FITSFixedWarning: PC001002= 0. 
this form of the PCi_ja keyword is deprecated, use PCi_ja.
2026-03-12 20:07:04,868:WARNING: FITSFixedWarning: PC002001= 0. 
this form of the PCi_ja keyword is deprecated, use PCi_ja.
2026-03-12 20:07:04,873:WARNING: FITSFixedWarning: PC002002= 1. 
this form of the PCi_ja keyword is deprecated, use PCi_ja.
2026-03-12 20:07:04,879:WARNING: FITSFixedWarning: 'datfix' made the change 'Set DATE-OBS to '2012-06-12T03:05:51.713' from MJD-OBS'.
2026-03-12 20:07:05,397:INFO: Chi^2/DoF: 142549619.81405464, L: 1.0
2026-03-12 20:07:05,579:INFO: Chi^2/DoF: 140413495.59178382, L: 1.2222222222222223
2026-03-12 20:07:05,721:INFO: Chi^2/DoF: 138895669.22675768, L: 1.4938271604938274
2026-03-12 20:07:05,874:INFO: Chi^2/DoF: 131134844.81275533, L: 0.16598079561042525
2026-03-12 20:07:06,031:INFO: Chi^2/DoF: 118825823.02389017, L: 0.0020491456248200647
2026-03-12 20:07:06,161:INFO: Chi^2/DoF: 116532374.55918184, L: 0.0002276828472022294
2026-03-12 20:07:06,295:INFO: Chi^2/DoF: 116395359.1510487, L: 2.5298094133581044e-05
2026-03-12 20:07:06,433:INFO: Chi^2/DoF: 116390930.7791122, L: 2.8108993481756715e-06
2026-03-12 20:07:06,566:INFO: Chi^2/DoF: 116390891.93742731, L: 3.123221497972968e-07
2026-03-12 20:07:06,694:INFO: Final Chi^2/DoF: 116390891.26110661, L: 3.123221497972968e-07. Converged: success
2026-03-12 20:07:07,801:INFO: Chi^2/DoF: 0.7913827582956752, L: 1.0
2026-03-12 20:07:08,029:INFO: Chi^2/DoF: 0.7622887990559309, L: 0.0013717421124828531
2026-03-12 20:07:08,260:INFO: Chi^2/DoF: 0.7590523958124457, L: 0.01844231062338058
2026-03-12 20:07:08,472:INFO: Chi^2/DoF: 0.7561849833875703, L: 0.00022768284720222937
2026-03-12 20:07:08,740:INFO: Chi^2/DoF: 0.7554193993039269, L: 3.8558290098431705e-09
2026-03-12 20:07:08,905:INFO: Chi^2/DoF: 0.7553724514882063, L: 1e-09
2026-03-12 20:07:09,055:INFO: Chi^2/DoF: 0.7553716885755122, L: 1e-09
2026-03-12 20:07:09,205:INFO: Final Chi^2/DoF: 0.7553716817909686, L: 1e-09. Converged: success
2026-03-12 20:07:09,960:WARNING: FITSFixedWarning: PC001001= -1. 
this form of the PCi_ja keyword is deprecated, use PCi_ja.
2026-03-12 20:07:09,967:WARNING: FITSFixedWarning: PC001002= 0. 
this form of the PCi_ja keyword is deprecated, use PCi_ja.
2026-03-12 20:07:09,977:WARNING: FITSFixedWarning: PC002001= 0. 
this form of the PCi_ja keyword is deprecated, use PCi_ja.
2026-03-12 20:07:09,986:WARNING: FITSFixedWarning: PC002002= 1. 
this form of the PCi_ja keyword is deprecated, use PCi_ja.
2026-03-12 20:07:09,993:WARNING: FITSFixedWarning: 'datfix' made the change 'Set DATE-OBS to '2012-08-19T16:19:54.833' from MJD-OBS'.
2026-03-12 20:07:10,496:INFO: Chi^2/DoF: 540187522.7165198, L: 1.0
2026-03-12 20:07:10,704:INFO: Chi^2/DoF: 338926594.07289165, L: 0.1111111111111111
2026-03-12 20:07:10,834:INFO: Chi^2/DoF: 295933900.3275692, L: 0.012345679012345678
2026-03-12 20:07:10,994:INFO: Chi^2/DoF: 267698284.6037617, L: 0.0013717421124828531
2026-03-12 20:07:11,145:INFO: Chi^2/DoF: 257838026.01526082, L: 0.00015241579027587256
2026-03-12 20:07:11,304:INFO: Chi^2/DoF: 248425582.2767871, L: 1.6935087808430286e-05
2026-03-12 20:07:11,437:INFO: Chi^2/DoF: 234545350.8770212, L: 1.8816764231589206e-06
2026-03-12 20:07:11,583:INFO: Chi^2/DoF: 232451590.03346238, L: 2.0907515812876894e-07
2026-03-12 20:07:11,724:INFO: Chi^2/DoF: 232293034.37323934, L: 2.323057312541877e-08
2026-03-12 20:07:11,851:INFO: Chi^2/DoF: 232286784.80739796, L: 2.5811747917131966e-09
2026-03-12 20:07:11,981:INFO: Chi^2/DoF: 232285122.34022748, L: 1e-09
2026-03-12 20:07:12,096:INFO: Final Chi^2/DoF: 232284666.641348, L: 1e-09. Converged: success
2026-03-12 20:07:13,029:INFO: Chi^2/DoF: 412.5812099565707, L: 1.0
2026-03-12 20:07:13,179:INFO: Chi^2/DoF: 364.7982724609721, L: 0.1111111111111111
2026-03-12 20:07:13,293:INFO: Chi^2/DoF: 318.1367505405059, L: 0.012345679012345678
2026-03-12 20:07:13,425:INFO: Chi^2/DoF: 313.2715460858829, L: 0.0013717421124828531
2026-03-12 20:07:13,576:INFO: Chi^2/DoF: 259.1905570759461, L: 0.0016765736930345982
2026-03-12 20:07:13,729:INFO: Chi^2/DoF: 204.80268887948392, L: 0.0020491456248200642
2026-03-12 20:07:13,853:INFO: Chi^2/DoF: 177.49282084728588, L: 0.00022768284720222937
2026-03-12 20:07:14,018:INFO: Chi^2/DoF: 170.3278200480181, L: 2.529809413358104e-05
2026-03-12 20:07:14,272:INFO: Chi^2/DoF: 168.85563335940353, L: 0.04115437735664
2026-03-12 20:07:14,594:INFO: Chi^2/DoF: 168.3014927038888, L: 7.743922158177483e-08
2026-03-12 20:07:14,721:INFO: Chi^2/DoF: 168.22776572679473, L: 8.604357953530537e-09
2026-03-12 20:07:14,857:INFO: Chi^2/DoF: 168.1780316919403, L: 1e-09
2026-03-12 20:07:14,985:INFO: Chi^2/DoF: 168.13214976267818, L: 1e-09
2026-03-12 20:07:15,107:INFO: Chi^2/DoF: 168.08546059687822, L: 1e-09
2026-03-12 20:07:15,235:INFO: Chi^2/DoF: 168.0359520284448, L: 1e-09
2026-03-12 20:07:15,367:INFO: Chi^2/DoF: 167.97979506049938, L: 1e-09
2026-03-12 20:07:15,502:INFO: Chi^2/DoF: 167.9135295127549, L: 1e-09
2026-03-12 20:07:15,647:INFO: Chi^2/DoF: 167.82954299340685, L: 1e-09
2026-03-12 20:07:15,761:INFO: Chi^2/DoF: 167.71906244128988, L: 1e-09
2026-03-12 20:07:15,874:INFO: Chi^2/DoF: 167.56046872047105, L: 1e-09
2026-03-12 20:07:16,002:INFO: Chi^2/DoF: 167.3235243604503, L: 1e-09
2026-03-12 20:07:16,138:INFO: Chi^2/DoF: 166.92591227083128, L: 1e-09
2026-03-12 20:07:16,266:INFO: Chi^2/DoF: 166.23966951065265, L: 1e-09
2026-03-12 20:07:16,395:INFO: Chi^2/DoF: 164.8682789172686, L: 1e-09
2026-03-12 20:07:16,515:INFO: Chi^2/DoF: 162.28534550963286, L: 1e-09
2026-03-12 20:07:16,640:INFO: Chi^2/DoF: 156.78399467413766, L: 1e-09
2026-03-12 20:07:16,791:INFO: Chi^2/DoF: 149.62856887482934, L: 1e-09
2026-03-12 20:07:16,921:INFO: Chi^2/DoF: 143.48656819454402, L: 1e-09
2026-03-12 20:07:17,040:INFO: Chi^2/DoF: 139.63847655726246, L: 1e-09
2026-03-12 20:07:17,161:INFO: Chi^2/DoF: 138.1578001183532, L: 1e-09
2026-03-12 20:07:17,285:INFO: Chi^2/DoF: 137.62182078029727, L: 1e-09
2026-03-12 20:07:17,414:INFO: Chi^2/DoF: 137.46831992015046, L: 1e-09
2026-03-12 20:07:17,526:INFO: Chi^2/DoF: 137.43046451884433, L: 1e-09
2026-03-12 20:07:17,648:INFO: Chi^2/DoF: 137.41921626185422, L: 1e-09
2026-03-12 20:07:17,768:INFO: Chi^2/DoF: 137.4176517508892, L: 1e-09
2026-03-12 20:07:17,898:INFO: Chi^2/DoF: 137.4174604063028, L: 1e-09
2026-03-12 20:07:18,036:INFO: Final Chi^2/DoF: 137.41738204348528, L: 1e-09. Converged: success
2026-03-12 20:07:18,612:WARNING: FITSFixedWarning: PC001001= -1. 
this form of the PCi_ja keyword is deprecated, use PCi_ja.
2026-03-12 20:07:18,618:WARNING: FITSFixedWarning: PC001002= 0. 
this form of the PCi_ja keyword is deprecated, use PCi_ja.
2026-03-12 20:07:18,624:WARNING: FITSFixedWarning: PC002001= 0. 
this form of the PCi_ja keyword is deprecated, use PCi_ja.
2026-03-12 20:07:18,629:WARNING: FITSFixedWarning: PC002002= 1. 
this form of the PCi_ja keyword is deprecated, use PCi_ja.
2026-03-12 20:07:18,636:WARNING: FITSFixedWarning: 'datfix' made the change 'Set DATE-OBS to '2012-04-06T20:22:18.389' from MJD-OBS'.
2026-03-12 20:07:19,061:INFO: Chi^2/DoF: 259561712.2262096, L: 1.0
2026-03-12 20:07:19,400:INFO: Chi^2/DoF: 258701404.0195641, L: 0.00015241579027587256
2026-03-12 20:07:19,551:INFO: Chi^2/DoF: 258306295.49766216, L: 1.6935087808430286e-05
2026-03-12 20:07:19,729:INFO: Chi^2/DoF: 258233420.47070602, L: 2.0907515812876894e-07
2026-03-12 20:07:19,881:INFO: Chi^2/DoF: 258228710.90623194, L: 2.5811747917131966e-09
2026-03-12 20:07:20,011:INFO: Chi^2/DoF: 258228317.31893286, L: 1e-09
2026-03-12 20:07:20,138:INFO: Final Chi^2/DoF: 258228280.88927925, L: 1e-09. Converged: success
2026-03-12 20:07:20,676:WARNING: FITSFixedWarning: PC001001= -1. 
this form of the PCi_ja keyword is deprecated, use PCi_ja.
2026-03-12 20:07:20,685:WARNING: FITSFixedWarning: PC001002= 0. 
this form of the PCi_ja keyword is deprecated, use PCi_ja.
2026-03-12 20:07:20,691:WARNING: FITSFixedWarning: PC002001= 0. 
this form of the PCi_ja keyword is deprecated, use PCi_ja.
2026-03-12 20:07:20,696:WARNING: FITSFixedWarning: PC002002= 1. 
this form of the PCi_ja keyword is deprecated, use PCi_ja.
2026-03-12 20:07:20,703:WARNING: FITSFixedWarning: 'datfix' made the change 'Set DATE-OBS to '2012-07-20T08:11:00.357' from MJD-OBS'.
2026-03-12 20:07:21,223:INFO: Chi^2/DoF: 506858253.2890391, L: 1.0
2026-03-12 20:07:21,395:INFO: Chi^2/DoF: 408464370.4723789, L: 0.012345679012345678
2026-03-12 20:07:21,523:INFO: Chi^2/DoF: 384000834.0094375, L: 0.015089163237311385
2026-03-12 20:07:21,667:INFO: Chi^2/DoF: 372263842.6945644, L: 0.0016765736930345982
2026-03-12 20:07:21,796:INFO: Chi^2/DoF: 343324626.6711143, L: 0.0020491456248200642
2026-03-12 20:07:21,916:INFO: Chi^2/DoF: 326592249.5137614, L: 0.0025045113192245227
2026-03-12 20:07:22,057:INFO: Chi^2/DoF: 312993301.9743353, L: 0.0030610693901633058
2026-03-12 20:07:22,197:INFO: Chi^2/DoF: 311293694.68128276, L: 0.0003401188211292562
2026-03-12 20:07:22,336:INFO: Chi^2/DoF: 299284890.2085438, L: 3.779098012547291e-05
2026-03-12 20:07:22,474:INFO: Chi^2/DoF: 298668277.7933077, L: 4.198997791719212e-06
2026-03-12 20:07:22,618:INFO: Chi^2/DoF: 298578873.95598084, L: 4.665553101910236e-07
2026-03-12 20:07:22,764:INFO: Chi^2/DoF: 298576264.7628405, L: 5.759942101123748e-09
2026-03-12 20:07:22,912:INFO: Final Chi^2/DoF: 298576165.9789371, L: 5.759942101123748e-09. Converged: success
2026-03-12 20:07:24,131:INFO: Chi^2/DoF: 3.304463565757392, L: 1.0
2026-03-12 20:07:24,249:INFO: Chi^2/DoF: 1.6901298385841068, L: 0.1111111111111111
2026-03-12 20:07:24,349:INFO: Chi^2/DoF: 1.1619699611651109, L: 0.012345679012345678
2026-03-12 20:07:24,596:INFO: Chi^2/DoF: 1.144019282067051, L: 2.323057312541877e-08
2026-03-12 20:07:24,705:INFO: Chi^2/DoF: 1.1438319924126112, L: 2.5811747917131966e-09
2026-03-12 20:07:24,807:INFO: Chi^2/DoF: 1.143827356578701, L: 1e-09
2026-03-12 20:07:24,910:INFO: Final Chi^2/DoF: 1.143827198281236, L: 1e-09. Converged: success
2026-03-12 20:07:26,400:INFO: Chi^2/DoF: 27.06223371626149, L: 1.0
2026-03-12 20:07:26,529:INFO: Chi^2/DoF: 11.48202189336027, L: 0.1111111111111111
2026-03-12 20:07:26,676:INFO: Chi^2/DoF: 4.450775292992584, L: 0.13580246913580246
2026-03-12 20:07:26,793:INFO: Chi^2/DoF: 2.2375826253019766, L: 0.015089163237311385
2026-03-12 20:07:26,928:INFO: Chi^2/DoF: 1.8339822068725613, L: 0.01844231062338058
2026-03-12 20:07:27,055:INFO: Chi^2/DoF: 1.590363499108693, L: 0.022540601873020708
2026-03-12 20:07:27,212:INFO: Chi^2/DoF: 1.477885461391397, L: 0.3030458696261673
2026-03-12 20:07:27,347:INFO: Chi^2/DoF: 1.4574844900784174, L: 0.37038939620976
2026-03-12 20:07:27,485:INFO: Chi^2/DoF: 1.4448823141132872, L: 0.45269815092304
2026-03-12 20:07:27,632:INFO: Chi^2/DoF: 1.378492617380625, L: 0.050299794547004444
2026-03-12 20:07:27,750:INFO: Chi^2/DoF: 1.2256858966973698, L: 0.005588866060778272
2026-03-12 20:07:28,019:INFO: Chi^2/DoF: 1.2067405610523774, L: 1.0516437498759549e-08
2026-03-12 20:07:28,132:INFO: Chi^2/DoF: 1.2064081872108705, L: 1.1684930554177277e-09
2026-03-12 20:07:28,242:INFO: Chi^2/DoF: 1.206404035852987, L: 1e-09
2026-03-12 20:07:28,354:INFO: Final Chi^2/DoF: 1.206403974416372, L: 1e-09. Converged: success
2026-03-12 20:07:29,488:INFO: Chi^2/DoF: 6.584431127999104, L: 1.0
2026-03-12 20:07:29,638:INFO: Chi^2/DoF: 2.796904405996807, L: 0.1111111111111111
2026-03-12 20:07:29,791:INFO: Chi^2/DoF: 1.708010727365388, L: 0.012345679012345678
2026-03-12 20:07:29,929:INFO: Chi^2/DoF: 0.9662129014098618, L: 0.0013717421124828531
2026-03-12 20:07:30,076:INFO: Chi^2/DoF: 0.7945048350867335, L: 0.00015241579027587256
2026-03-12 20:07:30,324:INFO: Chi^2/DoF: 0.7576099461873917, L: 2.5811747917131966e-09
2026-03-12 20:07:30,470:INFO: Chi^2/DoF: 0.7570953051098296, L: 1e-09
2026-03-12 20:07:30,607:INFO: Chi^2/DoF: 0.7570940820202723, L: 1e-09
2026-03-12 20:07:30,742:INFO: Final Chi^2/DoF: 0.7570940747410718, L: 1e-09. Converged: success
2026-03-12 20:35:33,629:INFO: Chi^2/DoF: 400010809.2210774, L: 1.0
2026-03-12 20:35:35,152:INFO: Chi^2/DoF: 216961558.29953274, L: 0.1111111111111111
2026-03-12 20:35:35,301:INFO: Chi^2/DoF: 172339532.1637401, L: 0.012345679012345678
2026-03-12 20:35:35,506:INFO: Chi^2/DoF: 171734167.96049953, L: 2.323057312541877e-08
2026-03-12 20:35:35,592:INFO: Chi^2/DoF: 171734067.35003003, L: 2.5811747917131966e-09
2026-03-12 20:35:35,853:INFO: Final Chi^2/DoF: 171734067.33773926, L: 0.5532977400170489. Converged: success
2026-03-12 20:35:36,165:INFO: Chi^2/DoF: 9.40462116844358, L: 1.0
2026-03-12 20:35:36,257:INFO: Chi^2/DoF: 8.398051340124608, L: 0.1111111111111111
2026-03-12 20:35:36,488:INFO: Chi^2/DoF: 8.005652526423543, L: 2.0907515812876894e-07
2026-03-12 20:35:36,595:INFO: Chi^2/DoF: 8.002737868189419, L: 2.5811747917131966e-09
2026-03-12 20:35:36,673:INFO: Chi^2/DoF: 8.001988503688581, L: 1e-09
2026-03-12 20:35:36,759:INFO: Chi^2/DoF: 8.001823240288575, L: 1e-09
2026-03-12 20:35:36,852:INFO: Chi^2/DoF: 8.00181547102777, L: 1e-09
2026-03-12 20:35:36,945:INFO: Final Chi^2/DoF: 8.001813171791891, L: 1e-09. Converged: success
2026-03-12 20:35:37,269:INFO: Chi^2/DoF: 2.2029820412791827, L: 1.0
2026-03-12 20:35:37,361:INFO: Chi^2/DoF: 1.273747891971431, L: 0.1111111111111111
2026-03-12 20:35:37,586:INFO: Chi^2/DoF: 1.2588716559685067, L: 2.0907515812876894e-07
2026-03-12 20:35:37,701:INFO: Chi^2/DoF: 1.2582697877159896, L: 2.5811747917131966e-09
2026-03-12 20:35:37,788:INFO: Chi^2/DoF: 1.2582159409517073, L: 1e-09
2026-03-12 20:35:37,863:INFO: Chi^2/DoF: 1.2582066642352694, L: 1e-09
2026-03-12 20:35:37,946:INFO: Final Chi^2/DoF: 1.2582039963285039, L: 1e-09. Converged: success
2026-03-12 20:35:38,347:INFO: Chi^2/DoF: 55.15037592505242, L: 1.0
2026-03-12 20:35:38,441:INFO: Chi^2/DoF: 33.365357281589006, L: 0.1111111111111111
2026-03-12 20:35:38,521:INFO: Chi^2/DoF: 24.219684488208944, L: 0.012345679012345678
2026-03-12 20:35:38,751:INFO: Chi^2/DoF: 23.727941094783656, L: 2.323057312541877e-08
2026-03-12 20:35:38,852:INFO: Chi^2/DoF: 23.602081594937196, L: 2.5811747917131966e-09
2026-03-12 20:35:38,949:INFO: Chi^2/DoF: 22.867384009715973, L: 1e-09
2026-03-12 20:35:39,031:INFO: Chi^2/DoF: 21.37910789275382, L: 1e-09
2026-03-12 20:35:39,122:INFO: Chi^2/DoF: 20.968149392729806, L: 1e-09
2026-03-12 20:35:39,217:INFO: Chi^2/DoF: 20.465731568577546, L: 1e-09
2026-03-12 20:35:39,317:INFO: Chi^2/DoF: 19.71797646136068, L: 1e-09
2026-03-12 20:35:39,412:INFO: Chi^2/DoF: 19.415397998654193, L: 1e-09
2026-03-12 20:35:39,498:INFO: Chi^2/DoF: 19.372384815323457, L: 1e-09
2026-03-12 20:35:39,590:INFO: Chi^2/DoF: 19.368909691930263, L: 1e-09
2026-03-12 20:35:39,678:INFO: Chi^2/DoF: 19.368542325007684, L: 1e-09
2026-03-12 20:35:39,765:INFO: Chi^2/DoF: 19.368397665327876, L: 1e-09
2026-03-12 20:35:39,855:INFO: Chi^2/DoF: 19.36820766292251, L: 1e-09
2026-03-12 20:35:39,942:INFO: Chi^2/DoF: 19.36779778815188, L: 1e-09
2026-03-12 20:35:40,035:INFO: Chi^2/DoF: 19.366953372816717, L: 1e-09
2026-03-12 20:35:40,133:INFO: Chi^2/DoF: 19.365950189977877, L: 1e-09
2026-03-12 20:35:40,223:INFO: Chi^2/DoF: 19.365013422983562, L: 1e-09
2026-03-12 20:35:40,306:INFO: Chi^2/DoF: 19.36277461823705, L: 1e-09
2026-03-12 20:35:40,398:INFO: Chi^2/DoF: 19.358708466226748, L: 1e-09
2026-03-12 20:35:40,497:INFO: Chi^2/DoF: 19.358637060603144, L: 1e-09
2026-03-12 20:35:40,593:INFO: Final Chi^2/DoF: 19.35861547544784, L: 1e-09. Converged: success
2026-03-12 20:35:40,922:INFO: Chi^2/DoF: 4.758965762286167, L: 1.0
2026-03-12 20:35:41,014:INFO: Chi^2/DoF: 1.701403857116523, L: 0.1111111111111111
2026-03-12 20:35:41,226:INFO: Chi^2/DoF: 1.6048766486012556, L: 2.0907515812876894e-07
2026-03-12 20:35:41,336:INFO: Chi^2/DoF: 1.603331888004152, L: 2.5811747917131966e-09
2026-03-12 20:35:41,418:INFO: Chi^2/DoF: 1.6033040845314417, L: 1e-09
2026-03-12 20:35:41,500:INFO: Chi^2/DoF: 1.6033018308440599, L: 1e-09
2026-03-12 20:35:41,576:INFO: Final Chi^2/DoF: 1.6033013857095233, L: 1e-09. Converged: success
2026-03-12 20:35:41,959:INFO: Chi^2/DoF: 345.90562697150824, L: 1.0
2026-03-12 20:35:42,051:INFO: Chi^2/DoF: 275.4566995416685, L: 0.1111111111111111
2026-03-12 20:35:42,161:INFO: Chi^2/DoF: 113.29377879382795, L: 0.13580246913580246
2026-03-12 20:35:42,251:INFO: Chi^2/DoF: 31.023586905433206, L: 0.015089163237311385
2026-03-12 20:35:42,340:INFO: Chi^2/DoF: 19.960719486553693, L: 0.0016765736930345982
2026-03-12 20:35:42,557:INFO: Chi^2/DoF: 19.591457466765025, L: 3.1547691898716846e-09
2026-03-12 20:35:42,642:INFO: Chi^2/DoF: 19.572459113929124, L: 1e-09
2026-03-12 20:35:42,729:INFO: Chi^2/DoF: 19.57144246192845, L: 1e-09
2026-03-12 20:35:42,819:INFO: Chi^2/DoF: 19.571390501173987, L: 1e-09
2026-03-12 20:35:42,912:INFO: Final Chi^2/DoF: 19.571387824260675, L: 1e-09. Converged: success
2026-03-12 20:35:43,269:INFO: Chi^2/DoF: 5.096279075163124, L: 1.0
2026-03-12 20:35:43,371:INFO: Chi^2/DoF: 1.6224566331596098, L: 0.1111111111111111
2026-03-12 20:35:43,635:INFO: Chi^2/DoF: 1.5689184221120043, L: 2.0907515812876894e-07
2026-03-12 20:35:43,766:INFO: Chi^2/DoF: 1.566106462610155, L: 2.5811747917131966e-09
2026-03-12 20:35:43,851:INFO: Chi^2/DoF: 1.5656754797846677, L: 1e-09
2026-03-12 20:35:43,946:INFO: Chi^2/DoF: 1.565598096336929, L: 1e-09
2026-03-12 20:35:44,045:INFO: Chi^2/DoF: 1.5655833028331507, L: 1e-09
2026-03-12 20:35:44,146:INFO: Chi^2/DoF: 1.5655807648724842, L: 1e-09
2026-03-12 20:35:44,243:INFO: Final Chi^2/DoF: 1.565580303192247, L: 1e-09. Converged: success
2026-03-12 20:35:44,566:INFO: Chi^2/DoF: 1.5952336848770947, L: 1.0
2026-03-12 20:35:44,654:INFO: Chi^2/DoF: 1.2942194059890173, L: 0.1111111111111111
2026-03-12 20:35:44,743:INFO: Chi^2/DoF: 1.1576599779195154, L: 0.012345679012345678
2026-03-12 20:35:44,980:INFO: Chi^2/DoF: 1.1415793867813393, L: 2.323057312541877e-08
2026-03-12 20:35:45,065:INFO: Chi^2/DoF: 1.139641370403849, L: 2.5811747917131966e-09
2026-03-12 20:35:45,148:INFO: Chi^2/DoF: 1.139390480977795, L: 1e-09
2026-03-12 20:35:45,278:INFO: Chi^2/DoF: 1.1393620212647642, L: 1e-09
2026-03-12 20:35:45,371:INFO: Chi^2/DoF: 1.1393573684084446, L: 1e-09
2026-03-12 20:35:45,459:INFO: Final Chi^2/DoF: 1.1393564367852123, L: 1e-09. Converged: success
2026-03-12 20:35:45,702:INFO: Chi^2/DoF: 10.538042476051364, L: 1.0
2026-03-12 20:35:45,929:INFO: Chi^2/DoF: 10.523706338391936, L: 1.8816764231589206e-06
2026-03-12 20:35:46,062:INFO: Chi^2/DoF: 10.520768618677028, L: 2.5811747917131966e-09
2026-03-12 20:35:46,154:INFO: Chi^2/DoF: 10.515086723328185, L: 1e-09
2026-03-12 20:35:46,237:INFO: Chi^2/DoF: 10.50636226273981, L: 1e-09
2026-03-12 20:35:46,318:INFO: Chi^2/DoF: 10.50127985101877, L: 1e-09
2026-03-12 20:35:46,404:INFO: Chi^2/DoF: 10.49840257110708, L: 1e-09
2026-03-12 20:35:46,487:INFO: Chi^2/DoF: 10.495227927340855, L: 1e-09
2026-03-12 20:35:46,578:INFO: Chi^2/DoF: 10.492931051896862, L: 1e-09
2026-03-12 20:35:46,666:INFO: Chi^2/DoF: 10.492297940223088, L: 1e-09
2026-03-12 20:35:46,749:INFO: Chi^2/DoF: 10.492218784402969, L: 1e-09
2026-03-12 20:35:47,031:WARNING: Could not find step to improve Chi^2, stopping
2026-03-12 20:35:47,031:INFO: Final Chi^2/DoF: 10.492218784402969, L: 1e-09. Converged: fail. Could not find step to improve Chi^2
2026-03-12 20:35:47,534:INFO: Chi^2/DoF: 1844430505578.4243, L: 1.0
2026-03-12 20:35:47,626:INFO: Chi^2/DoF: 672141843681.9762, L: 0.1111111111111111
2026-03-12 20:35:47,707:INFO: Chi^2/DoF: 105305695831.99411, L: 0.012345679012345678
2026-03-12 20:35:47,790:INFO: Chi^2/DoF: 12487614614.635427, L: 0.0013717421124828531
2026-03-12 20:35:47,869:INFO: Chi^2/DoF: 1306933804.2544272, L: 0.00015241579027587256
2026-03-12 20:35:47,942:INFO: Chi^2/DoF: 323809003.8312497, L: 1.6935087808430286e-05
2026-03-12 20:35:48,017:INFO: Chi^2/DoF: 287478080.9608854, L: 1.8816764231589206e-06
2026-03-12 20:35:48,126:INFO: Chi^2/DoF: 286407687.2264745, L: 2.5811747917131966e-09
2026-03-12 20:35:48,199:INFO: Chi^2/DoF: 281351372.4275954, L: 1e-09
2026-03-12 20:35:48,274:INFO: Chi^2/DoF: 273814145.1340569, L: 1e-09
2026-03-12 20:35:48,347:INFO: Chi^2/DoF: 261537124.66754982, L: 1e-09
2026-03-12 20:35:48,433:INFO: Chi^2/DoF: 259216060.38008586, L: 1e-09
2026-03-12 20:35:48,662:INFO: Chi^2/DoF: 259214023.3046132, L: 0.2619941878888889
2026-03-12 20:35:48,854:INFO: Chi^2/DoF: 259209968.42375425, L: 4.929882863551906e-07
2026-03-12 20:35:48,953:INFO: Chi^2/DoF: 259203566.04059732, L: 5.4776476261687844e-08
2026-03-12 20:35:49,026:INFO: Chi^2/DoF: 259116601.71951687, L: 6.0862751401875384e-09
2026-03-12 20:35:49,099:INFO: Chi^2/DoF: 259030833.32041466, L: 1e-09
2026-03-12 20:35:49,171:INFO: Chi^2/DoF: 258919771.96978137, L: 1e-09
2026-03-12 20:35:49,416:INFO: Chi^2/DoF: 258918042.0213955, L: 0.2619941878888889
2026-03-12 20:35:49,534:INFO: Chi^2/DoF: 258918006.8194575, L: 3.5223663038395063
2026-03-12 20:35:49,637:INFO: Chi^2/DoF: 258917827.91476175, L: 0.3913740337599452
2026-03-12 20:35:49,772:INFO: Chi^2/DoF: 258917827.30642453, L: 57.879870992720775
2026-03-12 20:35:49,862:INFO: Chi^2/DoF: 258917826.8120997, L: 70.74206454665872
2026-03-12 20:35:49,960:INFO: Chi^2/DoF: 258917826.40991685, L: 86.4625233348051
2026-03-12 20:35:50,056:INFO: Chi^2/DoF: 258917826.08236605, L: 105.67641740920622
2026-03-12 20:35:50,159:INFO: Chi^2/DoF: 258917825.8153749, L: 129.16006572236316
2026-03-12 20:35:50,260:INFO: Final Chi^2/DoF: 258917825.597598, L: 1420.7607229459948. Converged: success by immobility. Convergence not guaranteed
2026-03-12 20:35:50,577:INFO: Chi^2/DoF: 22290081993291.57, L: 1.0
2026-03-12 20:35:50,659:INFO: Chi^2/DoF: 8134014339478.466, L: 0.1111111111111111
2026-03-12 20:35:50,742:INFO: Chi^2/DoF: 1288342935663.1497, L: 0.012345679012345678
2026-03-12 20:35:50,826:INFO: Chi^2/DoF: 156421105210.038, L: 0.0013717421124828531
2026-03-12 20:35:50,906:INFO: Chi^2/DoF: 15749058826.782082, L: 0.00015241579027587256
2026-03-12 20:35:50,982:INFO: Chi^2/DoF: 2079606368.4702642, L: 1.6935087808430286e-05
2026-03-12 20:35:51,063:INFO: Chi^2/DoF: 1344719684.6500366, L: 1.8816764231589206e-06
2026-03-12 20:35:51,140:INFO: Chi^2/DoF: 1161075076.3337998, L: 2.0907515812876894e-07
2026-03-12 20:35:51,238:INFO: Chi^2/DoF: 1126767019.647094, L: 2.5811747917131966e-09
2026-03-12 20:35:51,326:INFO: Chi^2/DoF: 1100374712.6609674, L: 1e-09
2026-03-12 20:35:51,409:INFO: Chi^2/DoF: 1091329223.3533144, L: 1e-09
2026-03-12 20:35:51,488:INFO: Chi^2/DoF: 1012281557.3777974, L: 1e-09
2026-03-12 20:35:51,726:WARNING: Could not find step to improve Chi^2, stopping
2026-03-12 20:35:51,726:INFO: Final Chi^2/DoF: 1012281557.3777974, L: 1e-09. Converged: fail. Could not find step to improve Chi^2
2026-03-12 20:35:51,959:INFO: Chi^2/DoF: 0.984824945760462, L: 1.0
2026-03-12 20:35:52,184:INFO: Chi^2/DoF: 0.9371846875493214, L: 1.8816764231589206e-06
2026-03-12 20:35:52,323:INFO: Chi^2/DoF: 0.9090860132885399, L: 2.5811747917131966e-09
2026-03-12 20:35:52,410:INFO: Chi^2/DoF: 0.9021613549184241, L: 1e-09
2026-03-12 20:35:52,498:INFO: Chi^2/DoF: 0.8984187448248064, L: 1e-09
2026-03-12 20:35:52,591:INFO: Chi^2/DoF: 0.8805013301025442, L: 1e-09
2026-03-12 20:35:52,677:INFO: Chi^2/DoF: 0.857755724092762, L: 1e-09
2026-03-12 20:35:52,758:INFO: Chi^2/DoF: 0.8532476808318696, L: 1e-09
2026-03-12 20:35:52,844:INFO: Chi^2/DoF: 0.8527375774324324, L: 1e-09
2026-03-12 20:35:52,931:INFO: Chi^2/DoF: 0.8526450356150151, L: 1e-09
2026-03-12 20:35:53,016:INFO: Chi^2/DoF: 0.8526250204913419, L: 1e-09
2026-03-12 20:35:53,103:INFO: Chi^2/DoF: 0.8526198635020933, L: 1e-09
2026-03-12 20:35:53,197:INFO: Final Chi^2/DoF: 0.8526186659763384, L: 1e-09. Converged: success
2026-03-12 20:35:53,484:INFO: Chi^2/DoF: 663.35046021386, L: 1.0
2026-03-12 20:35:53,567:INFO: Chi^2/DoF: 218.13657970248852, L: 0.1111111111111111
2026-03-12 20:35:53,643:INFO: Chi^2/DoF: 35.03304426259893, L: 0.012345679012345678
2026-03-12 20:35:53,722:INFO: Chi^2/DoF: 22.7472796070024, L: 0.0013717421124828531
2026-03-12 20:35:53,904:INFO: Chi^2/DoF: 22.55567753468293, L: 2.5811747917131966e-09
2026-03-12 20:35:53,976:INFO: Chi^2/DoF: 22.552961639605684, L: 1e-09
2026-03-12 20:35:54,050:INFO: Chi^2/DoF: 22.5528992243842, L: 1e-09
2026-03-12 20:35:54,126:INFO: Final Chi^2/DoF: 22.552896975484465, L: 1e-09. Converged: success
2026-03-12 20:35:54,564:INFO: Chi^2/DoF: 154550331.29717782, L: 1.0
2026-03-12 20:35:54,669:INFO: Chi^2/DoF: 137262993.14313266, L: 0.1111111111111111
2026-03-12 20:35:54,790:INFO: Chi^2/DoF: 133024684.59113102, L: 0.012345679012345678
2026-03-12 20:35:55,057:INFO: Chi^2/DoF: 133013117.88892251, L: 2.323057312541877e-08
2026-03-12 20:35:55,149:INFO: Chi^2/DoF: 133013076.30493505, L: 2.5811747917131966e-09
2026-03-12 20:35:55,245:INFO: Final Chi^2/DoF: 133013074.60029975, L: 2.5811747917131966e-09. Converged: success
2026-03-12 20:35:55,689:INFO: Chi^2/DoF: 150276807.0997241, L: 1.0
2026-03-12 20:35:55,782:INFO: Chi^2/DoF: 133649008.81792483, L: 0.1111111111111111
2026-03-12 20:35:55,997:INFO: Chi^2/DoF: 124453123.547137, L: 2.0907515812876894e-07
2026-03-12 20:35:56,106:INFO: Chi^2/DoF: 124184521.87980446, L: 2.5811747917131966e-09
2026-03-12 20:35:56,193:INFO: Chi^2/DoF: 124172090.02938022, L: 1e-09
2026-03-12 20:35:56,286:INFO: Chi^2/DoF: 124171289.4436261, L: 1e-09
2026-03-12 20:35:56,367:INFO: Final Chi^2/DoF: 124171235.37531471, L: 1e-09. Converged: success
2026-03-12 20:35:56,655:INFO: Chi^2/DoF: 0.9562184302141578, L: 1.0
2026-03-12 20:35:56,924:INFO: Chi^2/DoF: 0.9285928644352023, L: 1.8816764231589206e-06
2026-03-12 20:35:57,100:INFO: Chi^2/DoF: 0.9214667053926281, L: 2.5811747917131966e-09
2026-03-12 20:35:57,197:INFO: Chi^2/DoF: 0.9194227939470031, L: 1e-09
2026-03-12 20:35:57,298:INFO: Chi^2/DoF: 0.9192169555246941, L: 1e-09
2026-03-12 20:35:57,408:INFO: Chi^2/DoF: 0.9191303881659878, L: 1e-09
2026-03-12 20:35:57,511:INFO: Chi^2/DoF: 0.9190854707933102, L: 1e-09
2026-03-12 20:35:57,608:INFO: Chi^2/DoF: 0.9190810014748293, L: 1e-09
2026-03-12 20:35:57,706:INFO: Final Chi^2/DoF: 0.919080144823684, L: 1e-09. Converged: success
2026-03-12 20:35:58,082:INFO: Chi^2/DoF: 35183556712.907776, L: 1.0
2026-03-12 20:35:58,180:INFO: Chi^2/DoF: 12871936742.05823, L: 0.1111111111111111
2026-03-12 20:35:58,276:INFO: Chi^2/DoF: 2568163845.3486104, L: 0.012345679012345678
2026-03-12 20:35:58,381:INFO: Chi^2/DoF: 1226071009.9414465, L: 0.0013717421124828531
2026-03-12 20:35:58,473:INFO: Chi^2/DoF: 1098173108.3596237, L: 0.00015241579027587256
2026-03-12 20:35:58,725:INFO: Chi^2/DoF: 1094230800.725262, L: 2.5811747917131966e-09
2026-03-12 20:35:59,043:INFO: Chi^2/DoF: 1094181826.3474345, L: 0.06147752666856099
2026-03-12 20:35:59,213:INFO: Chi^2/DoF: 1094108894.7940001, L: 0.07513919926157454
2026-03-12 20:35:59,339:INFO: Chi^2/DoF: 1094076054.0908866, L: 0.008348799917952726
2026-03-12 20:35:59,467:INFO: Chi^2/DoF: 1093857545.800884, L: 0.0009276444353280807
2026-03-12 20:35:59,643:INFO: Chi^2/DoF: 1093827667.7306175, L: 0.13718830482463062
2026-03-12 20:35:59,774:INFO: Chi^2/DoF: 1093827020.5036304, L: 0.015243144980514513
2026-03-12 20:35:59,911:INFO: Final Chi^2/DoF: 1093827008.677769, L: 0.16767459478565966. Converged: success
2026-03-12 20:36:00,173:INFO: Chi^2/DoF: 576.2756222905216, L: 1.0
2026-03-12 20:36:00,313:INFO: Chi^2/DoF: 524.9434259896482, L: 1.2222222222222223
2026-03-12 20:36:00,423:INFO: Chi^2/DoF: 279.6743763534491, L: 0.1358024691358025
2026-03-12 20:36:00,536:INFO: Chi^2/DoF: 228.26363063447693, L: 0.015089163237311388
2026-03-12 20:36:00,641:INFO: Chi^2/DoF: 192.0878418706597, L: 0.0016765736930345987
2026-03-12 20:36:00,888:INFO: Chi^2/DoF: 189.9612723369164, L: 3.154769189871686e-09
2026-03-12 20:36:00,994:INFO: Chi^2/DoF: 189.94406546973414, L: 1e-09
2026-03-12 20:36:01,103:INFO: Chi^2/DoF: 189.94314606589128, L: 1e-09
2026-03-12 20:36:01,214:INFO: Final Chi^2/DoF: 189.94310131208113, L: 1e-09. Converged: success
2026-03-12 20:36:01,485:INFO: Chi^2/DoF: 274483987.16223633, L: 1.0
2026-03-12 20:36:01,619:INFO: Chi^2/DoF: 261852269.68587598, L: 0.1111111111111111
2026-03-12 20:36:01,749:INFO: Chi^2/DoF: 260948121.29691342, L: 0.012345679012345678
2026-03-12 20:36:02,000:INFO: Chi^2/DoF: 260946959.69607595, L: 2.323057312541877e-08
2026-03-12 20:36:02,094:INFO: Final Chi^2/DoF: 260946856.35636908, L: 2.323057312541877e-08. Converged: success
2026-03-12 20:36:02,432:INFO: Chi^2/DoF: 791741472.3028989, L: 1.0
2026-03-12 20:36:02,539:INFO: Chi^2/DoF: 682595476.1552392, L: 1.2222222222222223
2026-03-12 20:36:02,620:INFO: Chi^2/DoF: 342237995.1637258, L: 0.1358024691358025
2026-03-12 20:36:02,852:INFO: Chi^2/DoF: 324908125.15885043, L: 2.5553630437960656e-07
2026-03-12 20:36:02,969:INFO: Chi^2/DoF: 324812126.0037062, L: 3.154769189871686e-09
2026-03-12 20:36:03,050:INFO: Chi^2/DoF: 324811588.0713003, L: 1e-09
2026-03-12 20:36:03,131:INFO: Final Chi^2/DoF: 324811554.35563093, L: 1e-09. Converged: success
2026-03-12 20:36:03,534:INFO: Chi^2/DoF: 28.947420511641898, L: 1.0
2026-03-12 20:36:03,741:INFO: Chi^2/DoF: 28.425074307823532, L: 1.8816764231589206e-06
2026-03-12 20:36:03,880:INFO: Chi^2/DoF: 28.41127697645651, L: 2.5811747917131966e-09
2026-03-12 20:36:03,972:INFO: Chi^2/DoF: 28.405365700073997, L: 1e-09
2026-03-12 20:36:04,058:INFO: Chi^2/DoF: 28.401313208489817, L: 1e-09
2026-03-12 20:36:04,149:INFO: Chi^2/DoF: 28.397552732303044, L: 1e-09
2026-03-12 20:36:04,225:INFO: Chi^2/DoF: 28.393577475568815, L: 1e-09
2026-03-12 20:36:04,313:INFO: Chi^2/DoF: 28.39031951454464, L: 1e-09
2026-03-12 20:36:04,403:INFO: Chi^2/DoF: 28.388202272991, L: 1e-09
2026-03-12 20:36:04,492:INFO: Chi^2/DoF: 28.385570313909255, L: 1e-09
2026-03-12 20:36:04,571:INFO: Chi^2/DoF: 28.378394778210584, L: 1e-09
2026-03-12 20:36:04,670:INFO: Chi^2/DoF: 28.36813859893345, L: 1e-09
2026-03-12 20:36:04,760:INFO: Chi^2/DoF: 28.35855238434805, L: 1e-09
2026-03-12 20:36:04,843:INFO: Chi^2/DoF: 28.350298703657156, L: 1e-09
2026-03-12 20:36:04,919:INFO: Chi^2/DoF: 28.338990748200615, L: 1e-09
2026-03-12 20:36:05,006:INFO: Chi^2/DoF: 28.325986728074163, L: 1e-09
2026-03-12 20:36:05,089:INFO: Chi^2/DoF: 28.308682792994336, L: 1e-09
2026-03-12 20:36:05,176:INFO: Chi^2/DoF: 28.28215057956824, L: 1e-09
2026-03-12 20:36:05,269:INFO: Chi^2/DoF: 28.2506670846422, L: 1e-09
2026-03-12 20:36:05,361:INFO: Chi^2/DoF: 28.20147324559671, L: 1e-09
2026-03-12 20:36:05,446:INFO: Chi^2/DoF: 28.122954407088198, L: 1e-09
2026-03-12 20:36:05,525:INFO: Chi^2/DoF: 28.021299470195082, L: 1e-09
2026-03-12 20:36:05,611:INFO: Chi^2/DoF: 27.933576507323927, L: 1e-09
2026-03-12 20:36:05,699:INFO: Chi^2/DoF: 27.88799602145143, L: 1e-09
2026-03-12 20:36:05,789:INFO: Chi^2/DoF: 27.88442626582633, L: 1e-09
2026-03-12 20:36:05,885:INFO: Chi^2/DoF: 27.882905369172583, L: 1e-09
2026-03-12 20:36:06,175:WARNING: Could not find step to improve Chi^2, stopping
2026-03-12 20:36:06,175:INFO: Final Chi^2/DoF: 27.882905369172583, L: 1e-09. Converged: fail. Could not find step to improve Chi^2
2026-03-12 20:36:06,753:INFO: Chi^2/DoF: 39.469409622376276, L: 1.0
2026-03-12 20:36:06,849:INFO: Chi^2/DoF: 28.841701174193172, L: 0.1111111111111111
2026-03-12 20:36:06,936:INFO: Chi^2/DoF: 14.85786085772053, L: 0.012345679012345678
2026-03-12 20:36:07,028:INFO: Chi^2/DoF: 7.614157798071561, L: 0.0013717421124828531
2026-03-12 20:36:07,132:INFO: Chi^2/DoF: 6.534038980745778, L: 0.00015241579027587256
2026-03-12 20:36:07,303:INFO: Chi^2/DoF: 6.340784449322707, L: 2.5811747917131966e-09
2026-03-12 20:36:07,386:INFO: Chi^2/DoF: 6.30594050759571, L: 1e-09
2026-03-12 20:36:07,465:INFO: Chi^2/DoF: 6.299792545643838, L: 1e-09
2026-03-12 20:36:07,548:INFO: Chi^2/DoF: 6.29876412314237, L: 1e-09
2026-03-12 20:36:07,630:INFO: Chi^2/DoF: 6.298600438663609, L: 1e-09
2026-03-12 20:36:07,718:INFO: Chi^2/DoF: 6.298573610629268, L: 1e-09
2026-03-12 20:36:07,808:INFO: Final Chi^2/DoF: 6.298569045749393, L: 1e-09. Converged: success
2026-03-12 20:36:08,132:INFO: Chi^2/DoF: 13.553750715903618, L: 1.0
2026-03-12 20:36:08,398:INFO: Chi^2/DoF: 12.835431943128567, L: 1.8816764231589206e-06
2026-03-12 20:36:08,535:INFO: Chi^2/DoF: 11.553357349491383, L: 2.5811747917131966e-09
2026-03-12 20:36:08,624:INFO: Chi^2/DoF: 10.769188461690844, L: 1e-09
2026-03-12 20:36:08,722:INFO: Chi^2/DoF: 9.648608054654643, L: 1e-09
2026-03-12 20:36:08,822:INFO: Chi^2/DoF: 9.015776993367343, L: 1e-09
2026-03-12 20:36:08,920:INFO: Chi^2/DoF: 8.57802395341511, L: 1e-09
2026-03-12 20:36:09,019:INFO: Chi^2/DoF: 8.011296323181975, L: 1e-09
2026-03-12 20:36:09,109:INFO: Chi^2/DoF: 7.808839911667456, L: 1e-09
2026-03-12 20:36:09,195:INFO: Chi^2/DoF: 7.706213437531538, L: 1e-09
2026-03-12 20:36:09,291:INFO: Chi^2/DoF: 7.616244240328103, L: 1e-09
2026-03-12 20:36:09,386:INFO: Chi^2/DoF: 7.519251689334182, L: 1e-09
2026-03-12 20:36:09,480:INFO: Chi^2/DoF: 7.435302034282977, L: 1e-09
2026-03-12 20:36:09,588:INFO: Chi^2/DoF: 7.390776674015734, L: 1e-09
2026-03-12 20:36:09,686:INFO: Chi^2/DoF: 7.376861367672022, L: 1e-09
2026-03-12 20:36:09,772:INFO: Chi^2/DoF: 7.373189353114681, L: 1e-09
2026-03-12 20:36:09,865:INFO: Chi^2/DoF: 7.371835366011402, L: 1e-09
2026-03-12 20:36:09,959:INFO: Chi^2/DoF: 7.371216371135625, L: 1e-09
2026-03-12 20:36:10,051:INFO: Chi^2/DoF: 7.3710002910490395, L: 1e-09
2026-03-12 20:36:10,146:INFO: Chi^2/DoF: 7.370866428796124, L: 1e-09
2026-03-12 20:36:10,244:INFO: Chi^2/DoF: 7.370866092443667, L: 1e-09
2026-03-12 20:36:10,338:INFO: Final Chi^2/DoF: 7.370866088028136, L: 1e-09. Converged: success
