-----------------------------------------------------------------------------

Input image     : /mnt/c/Users/lenovo/Desktop/Bhardwajetal_2024_nature_inclination_angle-main/cropped_host_galaxies/20220105A_flux.fits[1:32,1:27] 
Init. par. file : galfit.feedme 
Restart file    : galfit.01 
Output image    : out.fits 

 sersic    : (   18.01,    14.99)   21.32      4.41    0.57    0.58   -40.40
             (    0.05,     0.06)    0.02      0.12    0.03    0.01     1.50
 sky       : [ 16.50,  14.00]  6.30e-04  [0.00e+00]  [0.00e+00]
                                1.41e-04  [0.00e+00]  [0.00e+00]
 Chi^2 = 705.94700,  ndof = 856
 Chi^2/nu = 0.825 

-----------------------------------------------------------------------------
-----------------------------------------------------------------------------

Input image     : /mnt/c/Users/lenovo/Desktop/Bhardwajetal_2024_nature_inclination_angle-main/cropped_host_galaxies/20220105A_flux.fits[1:33,1:28] 
Init. par. file : galfit.feedme 
Restart file    : galfit.02 
Output image    : out.fits 

 sersic    : (   18.01,    14.99)   21.31      4.44    0.58    0.58   -40.43
             (    0.05,     0.06)    0.02      0.12    0.03    0.01     1.51
 sky       : [ 17.00,  14.50]  5.26e-04  [0.00e+00]  [0.00e+00]
                                1.37e-04  [0.00e+00]  [0.00e+00]
 Chi^2 = 757.53739,  ndof = 916
 Chi^2/nu = 0.827 

-----------------------------------------------------------------------------
