-----------------------------------------------------------------------------

Input image     : /mnt/c/Users/lenovo/Desktop/Bhardwajetal_2024_nature_inclination_angle-main/cropped_host_galaxies/20240304A_flux.fits[1:32,1:32] 
Init. par. file : galfit.feedme 
Restart file    : galfit.01 
Output image    : out.fits 

 sersic    : (   17.47,    16.87)   20.78      4.76    0.77    0.81    26.52
             (    0.04,     0.05)    0.03      0.12    0.02    0.01     3.07
 sky       : [ 16.50,  16.50]  7.66e-05  [0.00e+00]  [0.00e+00]
                                1.19e-04  [0.00e+00]  [0.00e+00]
 Chi^2 = 749.73360,  ndof = 1016
 Chi^2/nu = 0.738 

-----------------------------------------------------------------------------
-----------------------------------------------------------------------------

Input image     : /mnt/c/Users/lenovo/Desktop/Bhardwajetal_2024_nature_inclination_angle-main/cropped_host_galaxies/20240304A_flux.fits[1:33,1:33] 
Init. par. file : galfit.feedme 
Restart file    : galfit.02 
Output image    : out.fits 

 sersic    : (   17.48,    16.87)   20.79      4.75    0.76    0.81    26.55
             (    0.04,     0.05)    0.03      0.12    0.02    0.01     3.07
 sky       : [ 17.00,  17.00]  1.28e-04  [0.00e+00]  [0.00e+00]
                                1.15e-04  [0.00e+00]  [0.00e+00]
 Chi^2 = 795.09746,  ndof = 1081
 Chi^2/nu = 0.736 

-----------------------------------------------------------------------------
