-----------------------------------------------------------------------------

Input image     : /mnt/c/Users/lenovo/Desktop/Bhardwajetal_2024_nature_inclination_angle-main/cropped_host_galaxies/20190102C_flux.fits[1:46,1:46] 
Init. par. file : galfit.feedme 
Restart file    : galfit.01 
Output image    : out.fits 

 sersic    : (   22.48,    22.56)   24.49      6.03    0.50    0.70   -86.70
             (    0.47,     0.40)    0.17      0.32    0.15    0.09    17.07
 sky       : [ 23.50,  23.50]  0.00e+00  [0.00e+00]  [0.00e+00]
                                4.04e-05  [0.00e+00]  [0.00e+00]
 Chi^2 = 717.26096,  ndof = 2108
 Chi^2/nu = 0.340 

-----------------------------------------------------------------------------
-----------------------------------------------------------------------------

Input image     : /mnt/c/Users/lenovo/Desktop/Bhardwajetal_2024_nature_inclination_angle-main/cropped_host_galaxies/20190102C_flux.fits[1:46,1:46] 
Init. par. file : galfit.feedme 
Restart file    : galfit.02 
Output image    : out.fits 

 sersic    : (   23.43,    23.09)   24.28      4.50    0.50    0.77    -2.67
             (    0.51,     0.63)    0.17      0.58    0.14    0.09    20.34
 sky       : [ 23.50,  23.50]  -8.08e-05  [0.00e+00]  [0.00e+00]
                                4.01e-05  [0.00e+00]  [0.00e+00]
 Chi^2 = 709.75388,  ndof = 2108
 Chi^2/nu = 0.337 

-----------------------------------------------------------------------------
-----------------------------------------------------------------------------

Input image     : /mnt/c/Users/lenovo/Desktop/Bhardwajetal_2024_nature_inclination_angle-main/cropped_host_galaxies/20190102C_flux.fits[1:46,1:46] 
Init. par. file : galfit.feedme 
Restart file    : galfit.03 
Output image    : out.fits 

 sersic    : (   23.43,    23.09)   24.28      4.50    0.50    0.77    -2.67
             (    0.51,     0.63)    0.17      0.58    0.14    0.09    20.34
 sky       : [ 23.50,  23.50]  -8.08e-05  [0.00e+00]  [0.00e+00]
                                4.01e-05  [0.00e+00]  [0.00e+00]
 Chi^2 = 709.75388,  ndof = 2108
 Chi^2/nu = 0.337 

-----------------------------------------------------------------------------
-----------------------------------------------------------------------------

Input image     : /mnt/c/Users/lenovo/Desktop/Bhardwajetal_2024_nature_inclination_angle-main/cropped_host_galaxies/20190102C_flux.fits[1:46,1:46] 
Init. par. file : galfit.feedme 
Restart file    : galfit.04 
Output image    : out.fits 

 sersic    : (   23.43,    23.09)   24.28      4.50    0.50    0.77    -2.67
             (    0.51,     0.63)    0.17      0.58    0.14    0.09    20.34
 sky       : [ 23.50,  23.50]  -8.08e-05  [0.00e+00]  [0.00e+00]
                                4.01e-05  [0.00e+00]  [0.00e+00]
 Chi^2 = 709.75388,  ndof = 2108
 Chi^2/nu = 0.337 

-----------------------------------------------------------------------------
-----------------------------------------------------------------------------

Input image     : /mnt/c/Users/lenovo/Desktop/Bhardwajetal_2024_nature_inclination_angle-main/cropped_host_galaxies/20190102C_flux.fits[1:46,1:46] 
Init. par. file : galfit.feedme 
Restart file    : galfit.05 
Output image    : out.fits 

 sersic    : (   23.50,    22.83)   24.56      3.47   [1.00]   0.87    -5.07
             (    0.45,     0.54)    0.19      0.65   [0.00]   0.15    53.32
 sky       : [ 23.50,  23.50]  -9.98e-05  [0.00e+00]  [0.00e+00]
                                4.02e-05  [0.00e+00]  [0.00e+00]
 Chi^2 = 713.46943,  ndof = 2109
 Chi^2/nu = 0.338 

-----------------------------------------------------------------------------
-----------------------------------------------------------------------------

Input image     : /mnt/c/Users/lenovo/Desktop/Bhardwajetal_2024_nature_inclination_angle-main/cropped_host_galaxies/20190102C_flux.fits[1:46,1:46] 
Init. par. file : galfit.feedme 
Restart file    : galfit.06 
Output image    : out.fits 

 sersic    : (   23.50,    22.83)   24.56      3.47   [1.00]   0.87    -5.07
             (    0.45,     0.54)    0.19      0.65   [0.00]   0.15    53.32
 sky       : [ 23.50,  23.50]  -9.98e-05  [0.00e+00]  [0.00e+00]
                                4.02e-05  [0.00e+00]  [0.00e+00]
 Chi^2 = 713.46943,  ndof = 2109
 Chi^2/nu = 0.338 

-----------------------------------------------------------------------------
-----------------------------------------------------------------------------

Input image     : /mnt/c/Users/lenovo/Desktop/Bhardwajetal_2024_nature_inclination_angle-main/cropped_host_galaxies/20190102C_flux.fits[1:46,1:46] 
Init. par. file : galfit.feedme 
Restart file    : galfit.07 
Output image    : out.fits 

 sersic    : (   23.50,    22.83)   24.56      3.47   [1.00]   0.87    -5.07
             (    0.45,     0.54)    0.19      0.65   [0.00]   0.15    53.32
 sky       : [ 23.50,  23.50]  -9.98e-05  [0.00e+00]  [0.00e+00]
                                4.02e-05  [0.00e+00]  [0.00e+00]
 Chi^2 = 713.46943,  ndof = 2109
 Chi^2/nu = 0.338 

-----------------------------------------------------------------------------
-----------------------------------------------------------------------------

Input image     : /mnt/c/Users/lenovo/Desktop/Bhardwajetal_2024_nature_inclination_angle-main/cropped_host_galaxies/20190102C_flux.fits[1:46,1:46] 
Init. par. file : galfit.feedme 
Restart file    : galfit.08 
Output image    : out.fits 

 sersic    : (   23.50,    22.83)   24.56      3.47   [1.00]   0.87    -5.07
             (    0.45,     0.54)    0.19      0.65   [0.00]   0.15    53.32
 sky       : [ 23.50,  23.50]  -9.98e-05  [0.00e+00]  [0.00e+00]
                                4.02e-05  [0.00e+00]  [0.00e+00]
 Chi^2 = 713.46943,  ndof = 2109
 Chi^2/nu = 0.338 

-----------------------------------------------------------------------------
-----------------------------------------------------------------------------

Input image     : /mnt/c/Users/lenovo/Desktop/Bhardwajetal_2024_nature_inclination_angle-main/cropped_host_galaxies/20190102C_flux.fits[1:46,1:46] 
Init. par. file : galfit.feedme 
Restart file    : galfit.09 
Output image    : out.fits 

 sersic    : (   23.50,    22.83)   24.56      3.47   [1.00]   0.87    -5.07
             (    0.45,     0.54)    0.19      0.65   [0.00]   0.15    53.32
 sky       : [ 23.50,  23.50]  -9.98e-05  [0.00e+00]  [0.00e+00]
                                4.02e-05  [0.00e+00]  [0.00e+00]
 Chi^2 = 713.46943,  ndof = 2109
 Chi^2/nu = 0.338 

-----------------------------------------------------------------------------
-----------------------------------------------------------------------------

Input image     : /mnt/c/Users/lenovo/Desktop/Bhardwajetal_2024_nature_inclination_angle-main/cropped_host_galaxies/20190102C_flux.fits[1:46,1:46] 
Init. par. file : galfit.feedme 
Restart file    : galfit.10 
Output image    : out.fits 

 sersic    : (   23.50,    22.83)   24.56      3.47   [1.00]   0.87    -5.07
             (    0.45,     0.54)    0.19      0.65   [0.00]   0.15    53.32
 sky       : [ 23.50,  23.50]  -9.98e-05  [0.00e+00]  [0.00e+00]
                                4.02e-05  [0.00e+00]  [0.00e+00]
 Chi^2 = 713.46943,  ndof = 2109
 Chi^2/nu = 0.338 

-----------------------------------------------------------------------------
