-----------------------------------------------------------------------------

Input image     : /mnt/c/Users/lenovo/Desktop/Bhardwajetal_2024_nature_inclination_angle-main/cropped_host_galaxies/20190102C_flux.fits[1:46,1:46] 
Init. par. file : galfit.feedme 
Restart file    : galfit.01 
Output image    : out.fits 

 sersic    : (   23.48,    23.51)   24.19      5.13    0.54    0.71     2.87
             (    0.05,     0.07)    0.02      0.10    0.02    0.01     2.08
 sky       : [ 23.50,  23.50]  3.48e-05  [0.00e+00]  [0.00e+00]
                                4.22e-05  [0.00e+00]  [0.00e+00]
 Chi^2 = 1554.00133,  ndof = 2108
 Chi^2/nu = 0.737 

-----------------------------------------------------------------------------
-----------------------------------------------------------------------------

Input image     : /mnt/c/Users/lenovo/Desktop/Bhardwajetal_2024_nature_inclination_angle-main/cropped_host_galaxies/20190102C_flux.fits[1:46,1:46] 
Init. par. file : galfit.feedme 
Restart file    : galfit.02 
Output image    : out.fits 

 sersic    : (   23.48,    23.51)   24.19      5.13    0.54    0.71     2.87
             (    0.05,     0.07)    0.02      0.10    0.02    0.01     2.08
 sky       : [ 23.50,  23.50]  3.48e-05  [0.00e+00]  [0.00e+00]
                                4.22e-05  [0.00e+00]  [0.00e+00]
 Chi^2 = 1554.00133,  ndof = 2108
 Chi^2/nu = 0.737 

-----------------------------------------------------------------------------
-----------------------------------------------------------------------------

Input image     : /mnt/c/Users/lenovo/Desktop/Bhardwajetal_2024_nature_inclination_angle-main/cropped_host_galaxies/20190102C_flux.fits[1:46,1:46] 
Init. par. file : galfit.feedme 
Restart file    : galfit.03 
Output image    : out.fits 

 sersic    : (   23.50,    23.45)   23.97      6.35   [1.00]   0.71     2.01
             (    0.05,     0.07)    0.02      0.16   [0.00]   0.02     2.36
 sky       : [ 23.50,  23.50]  -1.89e-04  [0.00e+00]  [0.00e+00]
                                4.39e-05  [0.00e+00]  [0.00e+00]
 Chi^2 = 1682.59614,  ndof = 2109
 Chi^2/nu = 0.798 

-----------------------------------------------------------------------------
-----------------------------------------------------------------------------

Input image     : /mnt/c/Users/lenovo/Desktop/Bhardwajetal_2024_nature_inclination_angle-main/cropped_host_galaxies/20190102C_flux.fits[1:46,1:46] 
Init. par. file : galfit.feedme 
Restart file    : galfit.04 
Output image    : out.fits 

 sersic    : (   23.50,    23.45)   23.97      6.35   [1.00]   0.71     2.01
             (    0.05,     0.07)    0.02      0.16   [0.00]   0.02     2.36
 sky       : [ 23.50,  23.50]  -1.89e-04  [0.00e+00]  [0.00e+00]
                                4.39e-05  [0.00e+00]  [0.00e+00]
 Chi^2 = 1682.59614,  ndof = 2109
 Chi^2/nu = 0.798 

-----------------------------------------------------------------------------
