-----------------------------------------------------------------------------

Input image     : /mnt/c/Users/lenovo/Desktop/Bhardwajetal_2024_nature_inclination_angle-main/cropped_host_galaxies/20240201A_flux.fits[1:116,1:73] 
Init. par. file : galfit.feedme 
Restart file    : galfit.01 
Output image    : out.fits 

 sersic    : (   67.52,    30.35)   16.97     18.09    0.70    0.24    62.17
             (    0.03,     0.02)    0.00      0.05    0.00    0.00     0.05
 sky       : [ 58.50,  37.00]  3.72e-03  [0.00e+00]  [0.00e+00]
                                8.60e-05  [0.00e+00]  [0.00e+00]
 Chi^2 = 16005.79319,  ndof = 8460
 Chi^2/nu = 1.892 

-----------------------------------------------------------------------------
-----------------------------------------------------------------------------

Input image     : /mnt/c/Users/lenovo/Desktop/Bhardwajetal_2024_nature_inclination_angle-main/cropped_host_galaxies/20240201A_flux.fits[1:117,1:74] 
Init. par. file : galfit.feedme 
Restart file    : galfit.02 
Output image    : out.fits 

 sersic    : (   67.52,    30.35)   16.97     18.10    0.70    0.24    62.17
             (    0.03,     0.02)    0.00      0.05    0.00    0.00     0.05
 sky       : [ 59.00,  37.50]  3.67e-03  [0.00e+00]  [0.00e+00]
                                8.45e-05  [0.00e+00]  [0.00e+00]
 Chi^2 = 16157.86244,  ndof = 8650
 Chi^2/nu = 1.868 

-----------------------------------------------------------------------------
