-----------------------------------------------------------------------------

Input image     : /mnt/c/Users/lenovo/Desktop/Bhardwajetal_2024_nature_inclination_angle-main/cropped_host_galaxies/20240208A_flux.fits[1:39,1:39] 
Init. par. file : galfit.feedme 
Restart file    : galfit.01 
Output image    : out.fits 

 sersic    : (   19.93,    23.33)   21.74      1.67    1.44   *0.04*   70.80
             (    0.08,     0.07)    0.26      0.17    0.31   *0.18*    4.84
 sky       : [ 20.00,  20.00]  2.10e-04  [0.00e+00]  [0.00e+00]
                                3.33e-05  [0.00e+00]  [0.00e+00]
 Chi^2 = 1214.12033,  ndof = 1513
 Chi^2/nu = 0.802 

-----------------------------------------------------------------------------
-----------------------------------------------------------------------------

Input image     : /mnt/c/Users/lenovo/Desktop/Bhardwajetal_2024_nature_inclination_angle-main/cropped_host_galaxies/20240208A_flux.fits[1:39,1:39] 
Init. par. file : galfit.feedme 
Restart file    : galfit.02 
Output image    : out.fits 

 sersic    : (   19.93,    23.33)   21.72      2.00    1.30   *0.07*   73.29
             (    0.04,     0.02)    0.05      0.08    0.22   *0.08*    1.82
 sky       : [ 20.00,  20.00]  2.08e-04  [0.00e+00]  [0.00e+00]
                                3.38e-05  [0.00e+00]  [0.00e+00]
 Chi^2 = 1254.47845,  ndof = 1513
 Chi^2/nu = 0.829 

-----------------------------------------------------------------------------
-----------------------------------------------------------------------------

Input image     : /mnt/c/Users/lenovo/Desktop/Bhardwajetal_2024_nature_inclination_angle-main/cropped_host_galaxies/20240208A_flux.fits[1:39,1:39] 
Init. par. file : galfit.feedme 
Restart file    : galfit.03 
Output image    : out.fits 

 sersic    : (   19.93,    23.33)   21.74      1.67    1.44   *0.04*   70.80
             (    0.08,     0.07)    0.26      0.17    0.31   *0.18*    4.84
 sky       : [ 20.00,  20.00]  2.10e-04  [0.00e+00]  [0.00e+00]
                                3.33e-05  [0.00e+00]  [0.00e+00]
 Chi^2 = 1214.12033,  ndof = 1513
 Chi^2/nu = 0.802 

-----------------------------------------------------------------------------
-----------------------------------------------------------------------------

Input image     : /mnt/c/Users/lenovo/Desktop/Bhardwajetal_2024_nature_inclination_angle-main/cropped_host_galaxies/20240208A_flux.fits[1:39,1:39] 
Init. par. file : galfit.feedme 
Restart file    : galfit.04 
Output image    : out.fits 

 sersic    : (   19.93,    23.33)   21.74      1.67    1.44   *0.04*   70.80
             (    0.08,     0.07)    0.26      0.17    0.31   *0.18*    4.84
 sky       : [ 20.00,  20.00]  2.10e-04  [0.00e+00]  [0.00e+00]
                                3.33e-05  [0.00e+00]  [0.00e+00]
 Chi^2 = 1214.12033,  ndof = 1513
 Chi^2/nu = 0.802 

-----------------------------------------------------------------------------
-----------------------------------------------------------------------------

Input image     : /mnt/c/Users/lenovo/Desktop/Bhardwajetal_2024_nature_inclination_angle-main/cropped_host_galaxies/20240208A_flux.fits[1:40,1:40] 
Init. par. file : galfit.feedme 
Restart file    : galfit.05 
Output image    : out.fits 

 sersic    : (   19.92,    23.34)   21.73      1.70    1.40   *0.05*   71.92
             (    0.32,     0.03)    0.46      0.18    0.45   *0.14*    4.11
 sky       : [ 20.50,  20.50]  2.07e-04  [0.00e+00]  [0.00e+00]
                                3.25e-05  [0.00e+00]  [0.00e+00]
 Chi^2 = 1282.82048,  ndof = 1592
 Chi^2/nu = 0.806 

-----------------------------------------------------------------------------
