-----------------------------------------------------------------------------

Input image     : /mnt/c/Users/lenovo/Desktop/Bhardwajetal_2024_nature_inclination_angle-main/cropped_host_galaxies/20231226A_flux.fits[1:58,1:48] 
Init. par. file : galfit.feedme 
Restart file    : galfit.01 
Output image    : out.fits 

 sersic    : (   32.06,    23.06)   18.89      7.76    0.86    0.76   -18.46
             (    0.04,     0.05)    0.02      0.13    0.02    0.01     1.55
 sky       : [ 29.50,  24.50]  6.45e-04  [0.00e+00]  [0.00e+00]
                                1.27e-04  [0.00e+00]  [0.00e+00]
 Chi^2 = 3920.75702,  ndof = 2776
 Chi^2/nu = 1.412 

-----------------------------------------------------------------------------
-----------------------------------------------------------------------------

Input image     : /mnt/c/Users/lenovo/Desktop/Bhardwajetal_2024_nature_inclination_angle-main/cropped_host_galaxies/20231226A_flux.fits[1:58,1:48] 
Init. par. file : galfit.feedme 
Restart file    : galfit.02 
Output image    : out.fits 

 sersic    : (   32.06,    23.06)   18.89      7.76    0.86    0.76   -18.46
             (    0.04,     0.05)    0.02      0.13    0.02    0.01     1.55
 sky       : [ 29.50,  24.50]  6.45e-04  [0.00e+00]  [0.00e+00]
                                1.27e-04  [0.00e+00]  [0.00e+00]
 Chi^2 = 3920.75702,  ndof = 2776
 Chi^2/nu = 1.412 

-----------------------------------------------------------------------------
-----------------------------------------------------------------------------

Input image     : /mnt/c/Users/lenovo/Desktop/Bhardwajetal_2024_nature_inclination_angle-main/cropped_host_galaxies/20231226A_flux.fits[1:58,1:48] 
Init. par. file : galfit.feedme 
Restart file    : galfit.03 
Output image    : out.fits 

 sersic    : (   32.06,    23.06)   18.89      7.76    0.86    0.76   -18.46
             (    0.04,     0.05)    0.02      0.13    0.02    0.01     1.55
 sky       : [ 29.50,  24.50]  6.45e-04  [0.00e+00]  [0.00e+00]
                                1.27e-04  [0.00e+00]  [0.00e+00]
 Chi^2 = 3920.75702,  ndof = 2776
 Chi^2/nu = 1.412 

-----------------------------------------------------------------------------
-----------------------------------------------------------------------------

Input image     : /mnt/c/Users/lenovo/Desktop/Bhardwajetal_2024_nature_inclination_angle-main/cropped_host_galaxies/20231226A_flux.fits[1:58,1:48] 
Init. par. file : galfit.feedme 
Restart file    : galfit.04 
Output image    : out.fits 

 sersic    : (   32.06,    23.06)   18.89      7.76    0.86    0.76   -18.46
             (    0.04,     0.05)    0.02      0.13    0.02    0.01     1.55
 sky       : [ 29.50,  24.50]  6.45e-04  [0.00e+00]  [0.00e+00]
                                1.27e-04  [0.00e+00]  [0.00e+00]
 Chi^2 = 3920.75702,  ndof = 2776
 Chi^2/nu = 1.412 

-----------------------------------------------------------------------------
-----------------------------------------------------------------------------

Input image     : /mnt/c/Users/lenovo/Desktop/Bhardwajetal_2024_nature_inclination_angle-main/cropped_host_galaxies/20231226A_flux.fits[1:59,1:49] 
Init. par. file : galfit.feedme 
Restart file    : galfit.05 
Output image    : out.fits 

 sersic    : (   32.06,    23.06)   18.89      7.72    0.85    0.76   -18.41
             (    0.04,     0.05)    0.02      0.12    0.03    0.01     1.57
 sky       : [ 30.00,  25.00]  7.32e-04  [0.00e+00]  [0.00e+00]
                                1.19e-04  [0.00e+00]  [0.00e+00]
 Chi^2 = 4184.21147,  ndof = 2883
 Chi^2/nu = 1.451 

-----------------------------------------------------------------------------
