-----------------------------------------------------------------------------

Input image     : /mnt/c/Users/lenovo/Desktop/Bhardwajetal_2024_nature_inclination_angle-main/cropped_host_galaxies/20220319D_flux.fits[1:145,1:144] 
Init. par. file : galfit.feedme 
Restart file    : galfit.01 
Output image    : out.fits 

 sersic    : (   75.66,    75.41)   16.02     27.67    6.00    0.83    61.81
             (    0.01,     0.01)    0.04      2.08    0.18    0.01     1.32
 sky       : [ 73.00,  72.50]   154.03  [0.00e+00]  [0.00e+00]
                                  1.67  [0.00e+00]  [0.00e+00]
 Chi^2 = 3123406323294.79248,  ndof = 20872
 Chi^2/nu = 149645760.986 

-----------------------------------------------------------------------------
-----------------------------------------------------------------------------

Input image     : /mnt/c/Users/lenovo/Desktop/Bhardwajetal_2024_nature_inclination_angle-main/cropped_host_galaxies/20220319D_flux.fits[1:145,1:144] 
Init. par. file : galfit.feedme 
Restart file    : galfit.02 
Output image    : out.fits 

 sersic    : (   75.66,    75.41)   16.02     27.67    6.00    0.83    61.81
             (    0.01,     0.01)    0.04      2.08    0.18    0.01     1.32
 sky       : [ 73.00,  72.50]   154.03  [0.00e+00]  [0.00e+00]
                                  1.67  [0.00e+00]  [0.00e+00]
 Chi^2 = 6408282.03173,  ndof = 20872
 Chi^2/nu = 307.028 

-----------------------------------------------------------------------------
-----------------------------------------------------------------------------

Input image     : /mnt/c/Users/lenovo/Desktop/Bhardwajetal_2024_nature_inclination_angle-main/cropped_host_galaxies/20220319D_flux.fits[1:145,1:144] 
Init. par. file : galfit.feedme 
Restart file    : galfit.03 
Output image    : out.fits 

 sersic    : (   75.66,    75.41)   17.45      3.24   [1.00]   0.90    65.45
             (    0.01,     0.01)    0.00      0.03   [0.00]   0.01     2.96
 sky       : [ 73.00,  72.50]   222.12  [0.00e+00]  [0.00e+00]
                                  1.31  [0.00e+00]  [0.00e+00]
 Chi^2 = 5566093759453.28711,  ndof = 20873
 Chi^2/nu = 266664770.730 

-----------------------------------------------------------------------------
