-----------------------------------------------------------------------------

Input image     : /mnt/c/Users/lenovo/Desktop/Bhardwajetal_2024_nature_inclination_angle-main/cropped_host_galaxies/20210410D_flux.fits[1:24,1:30] 
Init. par. file : galfit.feedme 
Restart file    : galfit.01 
Output image    : out.fits 

 sersic    : (   19.33,    18.48)   24.06      5.99    0.57    0.55    68.27
             (    0.71,     0.27)    0.09      0.53    0.08    0.04     4.47
 sky       : [ 12.50,  15.50]  1.16e-03  [0.00e+00]  [0.00e+00]
                                6.92e-05  [0.00e+00]  [0.00e+00]
 Chi^2 = 120.80518,  ndof = 712
 Chi^2/nu = 0.170 

-----------------------------------------------------------------------------
-----------------------------------------------------------------------------

Input image     : /mnt/c/Users/lenovo/Desktop/Bhardwajetal_2024_nature_inclination_angle-main/cropped_host_galaxies/20210410D_flux.fits[1:24,1:30] 
Init. par. file : galfit.feedme 
Restart file    : galfit.02 
Output image    : out.fits 

 sersic    : (   19.02,    18.54)   24.09      5.50    0.62    0.58    66.84
             (    0.57,     0.27)    0.10      0.44    0.11    0.05     5.09
 sky       : [ 12.50,  15.50]  1.16e-03  [0.00e+00]  [0.00e+00]
                                6.92e-05  [0.00e+00]  [0.00e+00]
 Chi^2 = 120.72211,  ndof = 712
 Chi^2/nu = 0.170 

-----------------------------------------------------------------------------
-----------------------------------------------------------------------------

Input image     : /mnt/c/Users/lenovo/Desktop/Bhardwajetal_2024_nature_inclination_angle-main/cropped_host_galaxies/20210410D_flux.fits[1:24,1:30] 
Init. par. file : galfit.feedme 
Restart file    : galfit.03 
Output image    : out.fits 

 sersic    : (   19.02,    18.54)   24.09      5.50    0.62    0.58    66.84
             (    0.57,     0.27)    0.10      0.44    0.11    0.05     5.09
 sky       : [ 12.50,  15.50]  1.16e-03  [0.00e+00]  [0.00e+00]
                                6.92e-05  [0.00e+00]  [0.00e+00]
 Chi^2 = 120.72211,  ndof = 712
 Chi^2/nu = 0.170 

-----------------------------------------------------------------------------
-----------------------------------------------------------------------------

Input image     : /mnt/c/Users/lenovo/Desktop/Bhardwajetal_2024_nature_inclination_angle-main/cropped_host_galaxies/20210410D_flux.fits[1:24,1:30] 
Init. par. file : galfit.feedme 
Restart file    : galfit.04 
Output image    : out.fits 

 sersic    : (   19.02,    18.54)   24.09      5.50    0.62    0.58    66.84
             (    0.57,     0.27)    0.10      0.44    0.11    0.05     5.09
 sky       : [ 12.50,  15.50]  1.16e-03  [0.00e+00]  [0.00e+00]
                                6.92e-05  [0.00e+00]  [0.00e+00]
 Chi^2 = 120.72211,  ndof = 712
 Chi^2/nu = 0.170 

-----------------------------------------------------------------------------
-----------------------------------------------------------------------------

Input image     : /mnt/c/Users/lenovo/Desktop/Bhardwajetal_2024_nature_inclination_angle-main/cropped_host_galaxies/20210410D_flux.fits[1:24,1:30] 
Init. par. file : galfit.feedme 
Restart file    : galfit.05 
Output image    : out.fits 

 sersic    : (   19.02,    18.54)   24.09      5.50    0.62    0.58    66.84
             (    0.57,     0.27)    0.10      0.44    0.11    0.05     5.09
 sky       : [ 12.50,  15.50]  1.16e-03  [0.00e+00]  [0.00e+00]
                                6.92e-05  [0.00e+00]  [0.00e+00]
 Chi^2 = 120.72211,  ndof = 712
 Chi^2/nu = 0.170 

-----------------------------------------------------------------------------
-----------------------------------------------------------------------------

Input image     : /mnt/c/Users/lenovo/Desktop/Bhardwajetal_2024_nature_inclination_angle-main/cropped_host_galaxies/20210410D_flux.fits[1:24,1:30] 
Init. par. file : galfit.feedme 
Restart file    : galfit.06 
Output image    : out.fits 

 sersic    : (   18.87,    18.51)   24.15      5.11   [1.00]   0.58    66.58
             (    0.37,     0.23)    0.12      0.44   [0.00]   0.05     5.20
 sky       : [ 12.50,  15.50]  1.07e-03  [0.00e+00]  [0.00e+00]
                                6.94e-05  [0.00e+00]  [0.00e+00]
 Chi^2 = 121.62727,  ndof = 713
 Chi^2/nu = 0.171 

-----------------------------------------------------------------------------
-----------------------------------------------------------------------------

Input image     : /mnt/c/Users/lenovo/Desktop/Bhardwajetal_2024_nature_inclination_angle-main/cropped_host_galaxies/20210410D_flux.fits[1:24,1:30] 
Init. par. file : galfit.feedme 
Restart file    : galfit.07 
Output image    : out.fits 

 sersic    : (   18.87,    18.51)   24.15      5.11   [1.00]   0.58    66.58
             (    0.37,     0.23)    0.12      0.44   [0.00]   0.05     5.20
 sky       : [ 12.50,  15.50]  1.07e-03  [0.00e+00]  [0.00e+00]
                                6.94e-05  [0.00e+00]  [0.00e+00]
 Chi^2 = 121.62727,  ndof = 713
 Chi^2/nu = 0.171 

-----------------------------------------------------------------------------
-----------------------------------------------------------------------------

Input image     : /mnt/c/Users/lenovo/Desktop/Bhardwajetal_2024_nature_inclination_angle-main/cropped_host_galaxies/20210410D_flux.fits[1:24,1:30] 
Init. par. file : galfit.feedme 
Restart file    : galfit.08 
Output image    : out.fits 

 sersic    : (   18.87,    18.51)   24.15      5.11   [1.00]   0.58    66.58
             (    0.37,     0.23)    0.12      0.44   [0.00]   0.05     5.20
 sky       : [ 12.50,  15.50]  1.07e-03  [0.00e+00]  [0.00e+00]
                                6.94e-05  [0.00e+00]  [0.00e+00]
 Chi^2 = 121.62727,  ndof = 713
 Chi^2/nu = 0.171 

-----------------------------------------------------------------------------
-----------------------------------------------------------------------------

Input image     : /mnt/c/Users/lenovo/Desktop/Bhardwajetal_2024_nature_inclination_angle-main/cropped_host_galaxies/20210410D_flux.fits[1:24,1:30] 
Init. par. file : galfit.feedme 
Restart file    : galfit.09 
Output image    : out.fits 

 sersic    : (   18.87,    18.51)   24.15      5.11   [1.00]   0.58    66.58
             (    0.37,     0.23)    0.12      0.44   [0.00]   0.05     5.20
 sky       : [ 12.50,  15.50]  1.07e-03  [0.00e+00]  [0.00e+00]
                                6.94e-05  [0.00e+00]  [0.00e+00]
 Chi^2 = 121.62727,  ndof = 713
 Chi^2/nu = 0.171 

-----------------------------------------------------------------------------
