-----------------------------------------------------------------------------

Input image     : /mnt/c/Users/lenovo/Desktop/Bhardwajetal_2024_nature_inclination_angle-main/cropped_host_galaxies/20220825A_flux.fits[1:80,1:80] 
Init. par. file : galfit.feedme 
Restart file    : galfit.01 
Output image    : out.fits 

 sersic    : (   39.75,    39.71)   19.94      6.77    0.65    0.72    43.18
             (    0.16,     0.17)    0.04      0.37    0.06    0.03     5.63
 sky       : [ 40.50,  40.50]     5.25  [0.00e+00]  [0.00e+00]
                                  1.83  [0.00e+00]  [0.00e+00]
 Chi^2 = 7128.30392,  ndof = 6392
 Chi^2/nu = 1.115 

-----------------------------------------------------------------------------
-----------------------------------------------------------------------------

Input image     : /mnt/c/Users/lenovo/Desktop/Bhardwajetal_2024_nature_inclination_angle-main/cropped_host_galaxies/20220825A_flux.fits[1:80,1:80] 
Init. par. file : galfit.feedme 
Restart file    : galfit.02 
Output image    : out.fits 

 sersic    : (   39.75,    39.71)   19.94      6.77    0.65    0.72    43.18
             (    0.16,     0.17)    0.04      0.37    0.06    0.03     5.63
 sky       : [ 40.50,  40.50]     5.25  [0.00e+00]  [0.00e+00]
                                  1.83  [0.00e+00]  [0.00e+00]
 Chi^2 = 7128.30394,  ndof = 6392
 Chi^2/nu = 1.115 

-----------------------------------------------------------------------------
-----------------------------------------------------------------------------

Input image     : /mnt/c/Users/lenovo/Desktop/Bhardwajetal_2024_nature_inclination_angle-main/cropped_host_galaxies/20220825A_flux.fits[1:80,1:80] 
Init. par. file : galfit.feedme 
Restart file    : galfit.03 
Output image    : out.fits 

 sersic    : (   39.75,    39.71)   19.94      6.77    0.65    0.72    43.18
             (    0.16,     0.17)    0.04      0.37    0.06    0.03     5.63
 sky       : [ 40.50,  40.50]     5.25  [0.00e+00]  [0.00e+00]
                                  1.83  [0.00e+00]  [0.00e+00]
 Chi^2 = 7128.30394,  ndof = 6392
 Chi^2/nu = 1.115 

-----------------------------------------------------------------------------
-----------------------------------------------------------------------------

Input image     : /mnt/c/Users/lenovo/Desktop/Bhardwajetal_2024_nature_inclination_angle-main/cropped_host_galaxies/20220825A_flux.fits[1:80,1:80] 
Init. par. file : galfit.feedme 
Restart file    : galfit.04 
Output image    : out.fits 

 sersic    : (   39.75,    39.71)   19.94      6.77    0.65    0.72    43.18
             (    0.16,     0.17)    0.04      0.37    0.06    0.03     5.63
 sky       : [ 40.50,  40.50]     5.25  [0.00e+00]  [0.00e+00]
                                  1.83  [0.00e+00]  [0.00e+00]
 Chi^2 = 7128.30394,  ndof = 6392
 Chi^2/nu = 1.115 

-----------------------------------------------------------------------------
-----------------------------------------------------------------------------

Input image     : /mnt/c/Users/lenovo/Desktop/Bhardwajetal_2024_nature_inclination_angle-main/cropped_host_galaxies/20220825A_flux.fits[1:80,1:80] 
Init. par. file : galfit.feedme 
Restart file    : galfit.05 
Output image    : out.fits 

 sersic    : (   39.75,    39.71)   19.94      6.77    0.65    0.72    43.18
             (    0.16,     0.17)    0.04      0.37    0.06    0.03     5.63
 sky       : [ 40.50,  40.50]     5.25  [0.00e+00]  [0.00e+00]
                                  1.83  [0.00e+00]  [0.00e+00]
 Chi^2 = 7128.30394,  ndof = 6392
 Chi^2/nu = 1.115 

-----------------------------------------------------------------------------
-----------------------------------------------------------------------------

Input image     : /mnt/c/Users/lenovo/Desktop/Bhardwajetal_2024_nature_inclination_angle-main/cropped_host_galaxies/20220825A_flux.fits[1:80,1:80] 
Init. par. file : galfit.feedme 
Restart file    : galfit.06 
Output image    : out.fits 

 sersic    : (   39.90,    39.69)   19.77      8.07   [1.00]   0.72    42.89
             (    0.15,     0.16)    0.04      0.46   [0.00]   0.04     6.04
 sky       : [ 40.50,  40.50]     3.20  [0.00e+00]  [0.00e+00]
                                  1.88  [0.00e+00]  [0.00e+00]
 Chi^2 = 7144.57937,  ndof = 6393
 Chi^2/nu = 1.118 

-----------------------------------------------------------------------------
-----------------------------------------------------------------------------

Input image     : /mnt/c/Users/lenovo/Desktop/Bhardwajetal_2024_nature_inclination_angle-main/cropped_host_galaxies/20220825A_flux.fits[1:80,1:80] 
Init. par. file : galfit.feedme 
Restart file    : galfit.07 
Output image    : out.fits 

 sersic    : (   39.90,    39.69)   19.77      8.07   [1.00]   0.72    42.89
             (    0.15,     0.16)    0.04      0.46   [0.00]   0.04     6.04
 sky       : [ 40.50,  40.50]     3.20  [0.00e+00]  [0.00e+00]
                                  1.88  [0.00e+00]  [0.00e+00]
 Chi^2 = 7144.57937,  ndof = 6393
 Chi^2/nu = 1.118 

-----------------------------------------------------------------------------
-----------------------------------------------------------------------------

Input image     : /mnt/c/Users/lenovo/Desktop/Bhardwajetal_2024_nature_inclination_angle-main/cropped_host_galaxies/20220825A_flux.fits[1:80,1:80] 
Init. par. file : galfit.feedme 
Restart file    : galfit.08 
Output image    : out.fits 

 sersic    : (   39.90,    39.69)   19.77      8.07   [1.00]   0.72    42.89
             (    0.15,     0.16)    0.04      0.46   [0.00]   0.04     6.04
 sky       : [ 40.50,  40.50]     3.20  [0.00e+00]  [0.00e+00]
                                  1.88  [0.00e+00]  [0.00e+00]
 Chi^2 = 7144.57937,  ndof = 6393
 Chi^2/nu = 1.118 

-----------------------------------------------------------------------------
-----------------------------------------------------------------------------

Input image     : /mnt/c/Users/lenovo/Desktop/Bhardwajetal_2024_nature_inclination_angle-main/cropped_host_galaxies/20220825A_flux.fits[1:80,1:80] 
Init. par. file : galfit.feedme 
Restart file    : galfit.09 
Output image    : out.fits 

 sersic    : (   39.90,    39.69)   19.77      8.07   [1.00]   0.72    42.89
             (    0.15,     0.16)    0.04      0.46   [0.00]   0.04     6.04
 sky       : [ 40.50,  40.50]     3.20  [0.00e+00]  [0.00e+00]
                                  1.88  [0.00e+00]  [0.00e+00]
 Chi^2 = 7144.57937,  ndof = 6393
 Chi^2/nu = 1.118 

-----------------------------------------------------------------------------
