-----------------------------------------------------------------------------

Input image     : /mnt/c/Users/lenovo/Desktop/Bhardwajetal_2024_nature_inclination_angle-main/cropped_host_galaxies/20221012A_flux.fits[1:80,1:80] 
Init. par. file : galfit.feedme 
Restart file    : galfit.01 
Output image    : out.fits 

 sersic    : (   41.54,    51.40)   21.47      6.83    0.71    0.67     7.72
             (    0.19,     0.27)    0.05      0.28    0.06    0.02     3.80
 sky       : [ 40.50,  40.50]  -7.36e-05  [0.00e+00]  [0.00e+00]
                                3.13e-05  [0.00e+00]  [0.00e+00]
 Chi^2 = 2374.46555,  ndof = 6392
 Chi^2/nu = 0.371 

-----------------------------------------------------------------------------
-----------------------------------------------------------------------------

Input image     : /mnt/c/Users/lenovo/Desktop/Bhardwajetal_2024_nature_inclination_angle-main/cropped_host_galaxies/20221012A_flux.fits[1:80,1:80] 
Init. par. file : galfit.feedme 
Restart file    : galfit.02 
Output image    : out.fits 

 sersic    : (   41.54,    51.40)   21.47      6.83    0.71    0.67     7.72
             (    0.19,     0.27)    0.05      0.28    0.06    0.02     3.80
 sky       : [ 40.50,  40.50]  -7.36e-05  [0.00e+00]  [0.00e+00]
                                3.13e-05  [0.00e+00]  [0.00e+00]
 Chi^2 = 2374.46554,  ndof = 6392
 Chi^2/nu = 0.371 

-----------------------------------------------------------------------------
-----------------------------------------------------------------------------

Input image     : /mnt/c/Users/lenovo/Desktop/Bhardwajetal_2024_nature_inclination_angle-main/cropped_host_galaxies/20221012A_flux.fits[1:80,1:80] 
Init. par. file : galfit.feedme 
Restart file    : galfit.03 
Output image    : out.fits 

 sersic    : (   41.54,    51.40)   21.47      6.83    0.71    0.67     7.72
             (    0.19,     0.27)    0.05      0.28    0.06    0.02     3.80
 sky       : [ 40.50,  40.50]  -7.36e-05  [0.00e+00]  [0.00e+00]
                                3.13e-05  [0.00e+00]  [0.00e+00]
 Chi^2 = 2374.46554,  ndof = 6392
 Chi^2/nu = 0.371 

-----------------------------------------------------------------------------
-----------------------------------------------------------------------------

Input image     : /mnt/c/Users/lenovo/Desktop/Bhardwajetal_2024_nature_inclination_angle-main/cropped_host_galaxies/20221012A_flux.fits[1:80,1:80] 
Init. par. file : galfit.feedme 
Restart file    : galfit.04 
Output image    : out.fits 

 sersic    : (   41.54,    51.40)   21.47      6.83    0.71    0.67     7.72
             (    0.19,     0.27)    0.05      0.28    0.06    0.02     3.80
 sky       : [ 40.50,  40.50]  -7.36e-05  [0.00e+00]  [0.00e+00]
                                3.13e-05  [0.00e+00]  [0.00e+00]
 Chi^2 = 2374.46554,  ndof = 6392
 Chi^2/nu = 0.371 

-----------------------------------------------------------------------------
-----------------------------------------------------------------------------

Input image     : /mnt/c/Users/lenovo/Desktop/Bhardwajetal_2024_nature_inclination_angle-main/cropped_host_galaxies/20221012A_flux.fits[1:80,1:80] 
Init. par. file : galfit.feedme 
Restart file    : galfit.05 
Output image    : out.fits 

 sersic    : (   41.54,    51.40)   21.47      6.83    0.71    0.67     7.72
             (    0.19,     0.27)    0.05      0.28    0.06    0.02     3.80
 sky       : [ 40.50,  40.50]  -7.36e-05  [0.00e+00]  [0.00e+00]
                                3.13e-05  [0.00e+00]  [0.00e+00]
 Chi^2 = 2374.46554,  ndof = 6392
 Chi^2/nu = 0.371 

-----------------------------------------------------------------------------
-----------------------------------------------------------------------------

Input image     : /mnt/c/Users/lenovo/Desktop/Bhardwajetal_2024_nature_inclination_angle-main/cropped_host_galaxies/20221012A_flux.fits[1:80,1:80] 
Init. par. file : galfit.feedme 
Restart file    : galfit.06 
Output image    : out.fits 

 sersic    : (   41.59,    51.38)   21.51      6.54   [1.00]   0.64     5.03
             (    0.17,     0.25)    0.05      0.28   [0.00]   0.03     3.51
 sky       : [ 40.50,  40.50]  -9.96e-05  [0.00e+00]  [0.00e+00]
                                3.13e-05  [0.00e+00]  [0.00e+00]
 Chi^2 = 2382.10707,  ndof = 6393
 Chi^2/nu = 0.373 

-----------------------------------------------------------------------------
-----------------------------------------------------------------------------

Input image     : /mnt/c/Users/lenovo/Desktop/Bhardwajetal_2024_nature_inclination_angle-main/cropped_host_galaxies/20221012A_flux.fits[1:80,1:80] 
Init. par. file : galfit.feedme 
Restart file    : galfit.07 
Output image    : out.fits 

 sersic    : (   41.59,    51.38)   21.51      6.54   [1.00]   0.64     5.03
             (    0.17,     0.25)    0.05      0.28   [0.00]   0.03     3.51
 sky       : [ 40.50,  40.50]  -9.96e-05  [0.00e+00]  [0.00e+00]
                                3.13e-05  [0.00e+00]  [0.00e+00]
 Chi^2 = 2382.10707,  ndof = 6393
 Chi^2/nu = 0.373 

-----------------------------------------------------------------------------
-----------------------------------------------------------------------------

Input image     : /mnt/c/Users/lenovo/Desktop/Bhardwajetal_2024_nature_inclination_angle-main/cropped_host_galaxies/20221012A_flux.fits[1:80,1:80] 
Init. par. file : galfit.feedme 
Restart file    : galfit.08 
Output image    : out.fits 

 sersic    : (   41.59,    51.38)   21.51      6.54   [1.00]   0.64     5.03
             (    0.17,     0.25)    0.05      0.28   [0.00]   0.03     3.51
 sky       : [ 40.50,  40.50]  -9.96e-05  [0.00e+00]  [0.00e+00]
                                3.13e-05  [0.00e+00]  [0.00e+00]
 Chi^2 = 2382.10707,  ndof = 6393
 Chi^2/nu = 0.373 

-----------------------------------------------------------------------------
-----------------------------------------------------------------------------

Input image     : /mnt/c/Users/lenovo/Desktop/Bhardwajetal_2024_nature_inclination_angle-main/cropped_host_galaxies/20221012A_flux.fits[1:80,1:80] 
Init. par. file : galfit.feedme 
Restart file    : galfit.09 
Output image    : out.fits 

 sersic    : (   41.59,    51.38)   21.51      6.54   [1.00]   0.64     5.03
             (    0.17,     0.25)    0.05      0.28   [0.00]   0.03     3.51
 sky       : [ 40.50,  40.50]  -9.96e-05  [0.00e+00]  [0.00e+00]
                                3.13e-05  [0.00e+00]  [0.00e+00]
 Chi^2 = 2382.10707,  ndof = 6393
 Chi^2/nu = 0.373 

-----------------------------------------------------------------------------
