-----------------------------------------------------------------------------

Input image     : /mnt/c/Users/lenovo/Desktop/Bhardwajetal_2024_nature_inclination_angle-main/cropped_host_galaxies/20190608B_flux.fits[1:81,1:77] 
Init. par. file : galfit.feedme 
Restart file    : galfit.01 
Output image    : out.fits 

 sersic    : (   41.51,    34.28)   20.13      7.12    1.24    0.87   -45.25
             (    0.09,     0.10)    0.03      0.16    0.05    0.02     5.00
 sky       : [ 41.00,  39.00]  7.40e-04  [0.00e+00]  [0.00e+00]
                                5.14e-05  [0.00e+00]  [0.00e+00]
 Chi^2 = 2296.31346,  ndof = 6229
 Chi^2/nu = 0.369 

-----------------------------------------------------------------------------
-----------------------------------------------------------------------------

Input image     : /mnt/c/Users/lenovo/Desktop/Bhardwajetal_2024_nature_inclination_angle-main/cropped_host_galaxies/20190608B_flux.fits[1:81,1:77] 
Init. par. file : galfit.feedme 
Restart file    : galfit.02 
Output image    : out.fits 

 sersic    : (   41.51,    34.28)   20.13      7.12    1.24    0.87   -45.25
             (    0.09,     0.10)    0.03      0.16    0.05    0.02     5.00
 sky       : [ 41.00,  39.00]  7.40e-04  [0.00e+00]  [0.00e+00]
                                5.14e-05  [0.00e+00]  [0.00e+00]
 Chi^2 = 2296.31346,  ndof = 6229
 Chi^2/nu = 0.369 

-----------------------------------------------------------------------------
-----------------------------------------------------------------------------

Input image     : /mnt/c/Users/lenovo/Desktop/Bhardwajetal_2024_nature_inclination_angle-main/cropped_host_galaxies/20190608B_flux.fits[1:81,1:77] 
Init. par. file : galfit.feedme 
Restart file    : galfit.03 
Output image    : out.fits 

 sersic    : (   41.51,    34.28)   20.13      7.12    1.24    0.87   -45.25
             (    0.09,     0.10)    0.03      0.16    0.05    0.02     5.00
 sky       : [ 41.00,  39.00]  7.40e-04  [0.00e+00]  [0.00e+00]
                                5.14e-05  [0.00e+00]  [0.00e+00]
 Chi^2 = 2296.31346,  ndof = 6229
 Chi^2/nu = 0.369 

-----------------------------------------------------------------------------
-----------------------------------------------------------------------------

Input image     : /mnt/c/Users/lenovo/Desktop/Bhardwajetal_2024_nature_inclination_angle-main/cropped_host_galaxies/20190608B_flux.fits[1:81,1:77] 
Init. par. file : galfit.feedme 
Restart file    : galfit.04 
Output image    : out.fits 

 sersic    : (   41.51,    34.28)   20.13      7.12    1.24    0.87   -45.25
             (    0.09,     0.10)    0.03      0.16    0.05    0.02     5.00
 sky       : [ 41.00,  39.00]  7.40e-04  [0.00e+00]  [0.00e+00]
                                5.14e-05  [0.00e+00]  [0.00e+00]
 Chi^2 = 2296.31346,  ndof = 6229
 Chi^2/nu = 0.369 

-----------------------------------------------------------------------------
-----------------------------------------------------------------------------

Input image     : /mnt/c/Users/lenovo/Desktop/Bhardwajetal_2024_nature_inclination_angle-main/cropped_host_galaxies/20190608B_flux.fits[1:81,1:77] 
Init. par. file : galfit.feedme 
Restart file    : galfit.05 
Output image    : out.fits 

 sersic    : (   41.51,    34.28)   20.13      7.12    1.24    0.87   -45.27
             (    0.09,     0.10)    0.03      0.16    0.05    0.02     5.00
 sky       : [ 41.00,  39.00]  7.40e-04  [0.00e+00]  [0.00e+00]
                                5.14e-05  [0.00e+00]  [0.00e+00]
 Chi^2 = 2296.31346,  ndof = 6229
 Chi^2/nu = 0.369 

-----------------------------------------------------------------------------
-----------------------------------------------------------------------------

Input image     : /mnt/c/Users/lenovo/Desktop/Bhardwajetal_2024_nature_inclination_angle-main/cropped_host_galaxies/20190608B_flux.fits[1:81,1:77] 
Init. par. file : galfit.feedme 
Restart file    : galfit.06 
Output image    : out.fits 

 sersic    : (   41.51,    34.28)   20.13      7.12    1.24    0.87   -45.27
             (    0.09,     0.10)    0.03      0.16    0.05    0.02     5.00
 sky       : [ 41.00,  39.00]  7.40e-04  [0.00e+00]  [0.00e+00]
                                5.14e-05  [0.00e+00]  [0.00e+00]
 Chi^2 = 2296.31346,  ndof = 6229
 Chi^2/nu = 0.369 

-----------------------------------------------------------------------------
-----------------------------------------------------------------------------

Input image     : /mnt/c/Users/lenovo/Desktop/Bhardwajetal_2024_nature_inclination_angle-main/cropped_host_galaxies/20190608B_flux.fits[1:81,1:77] 
Init. par. file : galfit.feedme 
Restart file    : galfit.07 
Output image    : out.fits 

 sersic    : (   41.55,    34.33)   20.13      7.33   [1.00]   0.87   -42.63
             (    0.10,     0.11)    0.03      0.14   [0.00]   0.02     5.27
 sky       : [ 41.00,  39.00]  9.35e-04  [0.00e+00]  [0.00e+00]
                                5.15e-05  [0.00e+00]  [0.00e+00]
 Chi^2 = 2306.74016,  ndof = 6230
 Chi^2/nu = 0.370 

-----------------------------------------------------------------------------
-----------------------------------------------------------------------------

Input image     : /mnt/c/Users/lenovo/Desktop/Bhardwajetal_2024_nature_inclination_angle-main/cropped_host_galaxies/20190608B_flux.fits[1:81,1:77] 
Init. par. file : galfit.feedme 
Restart file    : galfit.08 
Output image    : out.fits 

 sersic    : (   41.55,    34.33)   20.13      7.33   [1.00]   0.87   -42.63
             (    0.10,     0.11)    0.03      0.14   [0.00]   0.02     5.27
 sky       : [ 41.00,  39.00]  9.35e-04  [0.00e+00]  [0.00e+00]
                                5.15e-05  [0.00e+00]  [0.00e+00]
 Chi^2 = 2306.74016,  ndof = 6230
 Chi^2/nu = 0.370 

-----------------------------------------------------------------------------
-----------------------------------------------------------------------------

Input image     : /mnt/c/Users/lenovo/Desktop/Bhardwajetal_2024_nature_inclination_angle-main/cropped_host_galaxies/20190608B_flux.fits[1:81,1:77] 
Init. par. file : galfit.feedme 
Restart file    : galfit.09 
Output image    : out.fits 

 sersic    : (   41.55,    34.33)   20.13      7.33   [1.00]   0.87   -42.63
             (    0.10,     0.11)    0.03      0.14   [0.00]   0.02     5.27
 sky       : [ 41.00,  39.00]  9.35e-04  [0.00e+00]  [0.00e+00]
                                5.15e-05  [0.00e+00]  [0.00e+00]
 Chi^2 = 2306.74016,  ndof = 6230
 Chi^2/nu = 0.370 

-----------------------------------------------------------------------------
-----------------------------------------------------------------------------

Input image     : /mnt/c/Users/lenovo/Desktop/Bhardwajetal_2024_nature_inclination_angle-main/cropped_host_galaxies/20190608B_flux.fits[1:81,1:77] 
Init. par. file : galfit.feedme 
Restart file    : galfit.10 
Output image    : out.fits 

 sersic    : (   41.55,    34.33)   20.13      7.33   [1.00]   0.87   -42.63
             (    0.10,     0.11)    0.03      0.14   [0.00]   0.02     5.27
 sky       : [ 41.00,  39.00]  9.35e-04  [0.00e+00]  [0.00e+00]
                                5.15e-05  [0.00e+00]  [0.00e+00]
 Chi^2 = 2306.74016,  ndof = 6230
 Chi^2/nu = 0.370 

-----------------------------------------------------------------------------
