-----------------------------------------------------------------------------

Input image     : /mnt/c/Users/lenovo/Desktop/Bhardwajetal_2024_nature_inclination_angle-main/cropped_host_galaxies/20221106A_flux.fits[1:60,1:52] 
Init. par. file : galfit.feedme 
Restart file    : galfit.01 
Output image    : out.fits 

 sersic    : (   34.56,    25.28)   17.84     11.02    4.88    0.62    22.23
             (    0.02,     0.02)    0.06      1.24    0.37    0.01     0.90
 sky       : [ 30.50,  26.50]  -1.30e-03  [0.00e+00]  [0.00e+00]
                                3.20e-04  [0.00e+00]  [0.00e+00]
 Chi^2 = 23573.56853,  ndof = 3112
 Chi^2/nu = 7.575 

-----------------------------------------------------------------------------
-----------------------------------------------------------------------------

Input image     : /mnt/c/Users/lenovo/Desktop/Bhardwajetal_2024_nature_inclination_angle-main/cropped_host_galaxies/20221106A_flux.fits[1:60,1:52] 
Init. par. file : galfit.feedme 
Restart file    : galfit.02 
Output image    : out.fits 

 sersic    : (   34.56,    25.28)   17.84     11.02    4.88    0.62    22.23
             (    0.02,     0.02)    0.06      1.24    0.37    0.01     0.90
 sky       : [ 30.50,  26.50]  -1.30e-03  [0.00e+00]  [0.00e+00]
                                3.20e-04  [0.00e+00]  [0.00e+00]
 Chi^2 = 23573.56853,  ndof = 3112
 Chi^2/nu = 7.575 

-----------------------------------------------------------------------------
-----------------------------------------------------------------------------

Input image     : /mnt/c/Users/lenovo/Desktop/Bhardwajetal_2024_nature_inclination_angle-main/cropped_host_galaxies/20221106A_flux.fits[1:60,1:52] 
Init. par. file : galfit.feedme 
Restart file    : galfit.03 
Output image    : out.fits 

 sersic    : (   34.56,    25.28)   17.84     11.02    4.88    0.62    22.23
             (    0.02,     0.02)    0.06      1.24    0.37    0.01     0.90
 sky       : [ 30.50,  26.50]  -1.30e-03  [0.00e+00]  [0.00e+00]
                                3.20e-04  [0.00e+00]  [0.00e+00]
 Chi^2 = 23573.56853,  ndof = 3112
 Chi^2/nu = 7.575 

-----------------------------------------------------------------------------
-----------------------------------------------------------------------------

Input image     : /mnt/c/Users/lenovo/Desktop/Bhardwajetal_2024_nature_inclination_angle-main/cropped_host_galaxies/20221106A_flux.fits[1:60,1:52] 
Init. par. file : galfit.feedme 
Restart file    : galfit.04 
Output image    : out.fits 

 sersic    : (   34.56,    25.28)   17.84     11.02    4.88    0.62    22.23
             (    0.02,     0.02)    0.06      1.24    0.37    0.01     0.90
 sky       : [ 30.50,  26.50]  -1.30e-03  [0.00e+00]  [0.00e+00]
                                3.20e-04  [0.00e+00]  [0.00e+00]
 Chi^2 = 23573.56853,  ndof = 3112
 Chi^2/nu = 7.575 

-----------------------------------------------------------------------------
-----------------------------------------------------------------------------

Input image     : /mnt/c/Users/lenovo/Desktop/Bhardwajetal_2024_nature_inclination_angle-main/cropped_host_galaxies/20221106A_flux.fits[1:61,1:53] 
Init. par. file : galfit.feedme 
Restart file    : galfit.05 
Output image    : out.fits 

 sersic    : (   34.56,    25.28)   17.85     10.80    4.82    0.62    22.21
             (    0.02,     0.02)    0.06      1.15    0.35    0.01     0.88
 sky       : [ 31.00,  27.00]  -1.22e-03  [0.00e+00]  [0.00e+00]
                                3.03e-04  [0.00e+00]  [0.00e+00]
 Chi^2 = 23662.34483,  ndof = 3225
 Chi^2/nu = 7.337 

-----------------------------------------------------------------------------
