-----------------------------------------------------------------------------

Input image     : /mnt/c/Users/lenovo/Desktop/Bhardwajetal_2024_nature_inclination_angle-main/cropped_host_galaxies/20190611B_flux.fits[1:40,1:40] 
Init. par. file : galfit.feedme 
Restart file    : galfit.01 
Output image    : out.fits 

 sersic    : (   18.86,    15.40)   22.66      5.74    1.11    0.77    63.01
             (    0.14,     0.11)    0.11      0.67    0.12    0.04     8.56
 sky       : [ 20.50,  20.50]  1.21e-04  [0.00e+00]  [0.00e+00]
                                4.85e-05  [0.00e+00]  [0.00e+00]
 Chi^2 = 1361.20962,  ndof = 1592
 Chi^2/nu = 0.855 

-----------------------------------------------------------------------------
-----------------------------------------------------------------------------

Input image     : /mnt/c/Users/lenovo/Desktop/Bhardwajetal_2024_nature_inclination_angle-main/cropped_host_galaxies/20190611B_flux.fits[1:41,1:41] 
Init. par. file : galfit.feedme 
Restart file    : galfit.02 
Output image    : out.fits 

 sersic    : (   18.84,    15.41)   22.71      5.42    1.06    0.79    62.32
             (    0.14,     0.11)    0.10      0.58    0.11    0.04     9.21
 sky       : [ 21.00,  21.00]  1.63e-04  [0.00e+00]  [0.00e+00]
                                4.54e-05  [0.00e+00]  [0.00e+00]
 Chi^2 = 1415.68331,  ndof = 1673
 Chi^2/nu = 0.846 

-----------------------------------------------------------------------------
