-----------------------------------------------------------------------------

Input image     : /mnt/c/Users/lenovo/Desktop/Bhardwajetal_2024_nature_inclination_angle-main/cropped_host_galaxies/20200906A_flux.fits[1:80,1:80] 
Init. par. file : galfit.feedme 
Restart file    : galfit.01 
Output image    : out.fits 

 sersic    : (   40.44,    40.31)   22.53      5.98    0.66    0.34    32.83
             (    0.02,     0.03)    0.01      0.05    0.02    0.00     0.31
 sky       : [ 40.50,  40.50]  1.57e-04  [0.00e+00]  [0.00e+00]
                                3.30e-05  [0.00e+00]  [0.00e+00]
 Chi^2 = 5628.85683,  ndof = 6392
 Chi^2/nu = 0.881 

-----------------------------------------------------------------------------
-----------------------------------------------------------------------------

Input image     : /mnt/c/Users/lenovo/Desktop/Bhardwajetal_2024_nature_inclination_angle-main/cropped_host_galaxies/20200906A_flux.fits[1:80,1:80] 
Init. par. file : galfit.feedme 
Restart file    : galfit.02 
Output image    : out.fits 

 sersic    : (   40.44,    40.31)   22.53      5.98    0.66    0.34    32.83
             (    0.02,     0.03)    0.01      0.05    0.02    0.00     0.31
 sky       : [ 40.50,  40.50]  1.57e-04  [0.00e+00]  [0.00e+00]
                                3.30e-05  [0.00e+00]  [0.00e+00]
 Chi^2 = 5628.85683,  ndof = 6392
 Chi^2/nu = 0.881 

-----------------------------------------------------------------------------
-----------------------------------------------------------------------------

Input image     : /mnt/c/Users/lenovo/Desktop/Bhardwajetal_2024_nature_inclination_angle-main/cropped_host_galaxies/20200906A_flux.fits[1:80,1:80] 
Init. par. file : galfit.feedme 
Restart file    : galfit.03 
Output image    : out.fits 

 sersic    : (   40.38,    40.39)   22.48      6.21   [1.00]   0.32    32.76
             (    0.02,     0.03)    0.01      0.06   [0.00]   0.00     0.33
 sky       : [ 40.50,  40.50]  8.69e-05  [0.00e+00]  [0.00e+00]
                                3.34e-05  [0.00e+00]  [0.00e+00]
 Chi^2 = 5754.90330,  ndof = 6393
 Chi^2/nu = 0.900 

-----------------------------------------------------------------------------
