-----------------------------------------------------------------------------

Input image     : /mnt/c/Users/lenovo/Desktop/Bhardwajetal_2024_nature_inclination_angle-main/cropped_host_galaxies/20220914A_flux.fits[1:36,1:36] 
Init. par. file : galfit.feedme 
Restart file    : galfit.01 
Output image    : out.fits 

 sersic    : (   20.17,    19.38)   21.99      6.81    6.00    0.59   -74.13
             (    0.20,     0.14)    0.34      4.47    4.48    0.03     2.38
 sky       : [ 18.50,  18.50]  5.19e-04  [0.00e+00]  [0.00e+00]
                                4.63e-04  [0.00e+00]  [0.00e+00]
 Chi^2 = 170.90667,  ndof = 1288
 Chi^2/nu = 0.133 

-----------------------------------------------------------------------------
-----------------------------------------------------------------------------

Input image     : /mnt/c/Users/lenovo/Desktop/Bhardwajetal_2024_nature_inclination_angle-main/cropped_host_galaxies/20220914A_flux.fits[1:36,1:36] 
Init. par. file : galfit.feedme 
Restart file    : galfit.02 
Output image    : out.fits 

 sersic    : (   19.90,    19.46)   22.25      4.02    1.05    0.53   -68.91
             (    0.15,     0.12)    0.04      0.32    0.23    0.04     2.80
 sky       : [ 18.50,  18.50]  1.75e-03  [0.00e+00]  [0.00e+00]
                                6.78e-05  [0.00e+00]  [0.00e+00]
 Chi^2 = 161.50887,  ndof = 1288
 Chi^2/nu = 0.125 

-----------------------------------------------------------------------------
-----------------------------------------------------------------------------

Input image     : /mnt/c/Users/lenovo/Desktop/Bhardwajetal_2024_nature_inclination_angle-main/cropped_host_galaxies/20220914A_flux.fits[1:36,1:36] 
Init. par. file : galfit.feedme 
Restart file    : galfit.03 
Output image    : out.fits 

 sersic    : (   19.90,    19.46)   22.25      4.02    1.05    0.53   -68.91
             (    0.15,     0.12)    0.04      0.32    0.23    0.04     2.80
 sky       : [ 18.50,  18.50]  1.75e-03  [0.00e+00]  [0.00e+00]
                                6.78e-05  [0.00e+00]  [0.00e+00]
 Chi^2 = 161.50887,  ndof = 1288
 Chi^2/nu = 0.125 

-----------------------------------------------------------------------------
-----------------------------------------------------------------------------

Input image     : /mnt/c/Users/lenovo/Desktop/Bhardwajetal_2024_nature_inclination_angle-main/cropped_host_galaxies/20220914A_flux.fits[1:36,1:36] 
Init. par. file : galfit.feedme 
Restart file    : galfit.04 
Output image    : out.fits 

 sersic    : (   19.90,    19.46)   22.25      4.02    1.05    0.53   -68.91
             (    0.15,     0.12)    0.04      0.32    0.23    0.04     2.80
 sky       : [ 18.50,  18.50]  1.75e-03  [0.00e+00]  [0.00e+00]
                                6.78e-05  [0.00e+00]  [0.00e+00]
 Chi^2 = 161.50887,  ndof = 1288
 Chi^2/nu = 0.125 

-----------------------------------------------------------------------------
-----------------------------------------------------------------------------

Input image     : /mnt/c/Users/lenovo/Desktop/Bhardwajetal_2024_nature_inclination_angle-main/cropped_host_galaxies/20220914A_flux.fits[1:36,1:36] 
Init. par. file : galfit.feedme 
Restart file    : galfit.05 
Output image    : out.fits 

 sersic    : (   19.90,    19.46)   22.25      4.02    1.05    0.53   -68.91
             (    0.15,     0.12)    0.04      0.32    0.23    0.04     2.80
 sky       : [ 18.50,  18.50]  1.75e-03  [0.00e+00]  [0.00e+00]
                                6.78e-05  [0.00e+00]  [0.00e+00]
 Chi^2 = 161.50887,  ndof = 1288
 Chi^2/nu = 0.125 

-----------------------------------------------------------------------------
-----------------------------------------------------------------------------

Input image     : /mnt/c/Users/lenovo/Desktop/Bhardwajetal_2024_nature_inclination_angle-main/cropped_host_galaxies/20220914A_flux.fits[1:36,1:36] 
Init. par. file : galfit.feedme 
Restart file    : galfit.06 
Output image    : out.fits 

 sersic    : (   19.89,    19.46)   22.25      4.07   [1.00]   0.53   -68.71
             (    0.12,     0.11)    0.04      0.14   [0.00]   0.04     2.80
 sky       : [ 18.50,  18.50]  1.76e-03  [0.00e+00]  [0.00e+00]
                                6.78e-05  [0.00e+00]  [0.00e+00]
 Chi^2 = 161.51331,  ndof = 1289
 Chi^2/nu = 0.125 

-----------------------------------------------------------------------------
-----------------------------------------------------------------------------

Input image     : /mnt/c/Users/lenovo/Desktop/Bhardwajetal_2024_nature_inclination_angle-main/cropped_host_galaxies/20220914A_flux.fits[1:36,1:36] 
Init. par. file : galfit.feedme 
Restart file    : galfit.07 
Output image    : out.fits 

 sersic    : (   19.89,    19.46)   22.25      4.07   [1.00]   0.53   -68.71
             (    0.12,     0.11)    0.04      0.14   [0.00]   0.04     2.80
 sky       : [ 18.50,  18.50]  1.76e-03  [0.00e+00]  [0.00e+00]
                                6.78e-05  [0.00e+00]  [0.00e+00]
 Chi^2 = 161.51331,  ndof = 1289
 Chi^2/nu = 0.125 

-----------------------------------------------------------------------------
-----------------------------------------------------------------------------

Input image     : /mnt/c/Users/lenovo/Desktop/Bhardwajetal_2024_nature_inclination_angle-main/cropped_host_galaxies/20220914A_flux.fits[1:36,1:36] 
Init. par. file : galfit.feedme 
Restart file    : galfit.08 
Output image    : out.fits 

 sersic    : (   19.89,    19.46)   22.25      4.07   [1.00]   0.53   -68.71
             (    0.12,     0.11)    0.04      0.14   [0.00]   0.04     2.80
 sky       : [ 18.50,  18.50]  1.76e-03  [0.00e+00]  [0.00e+00]
                                6.78e-05  [0.00e+00]  [0.00e+00]
 Chi^2 = 161.51331,  ndof = 1289
 Chi^2/nu = 0.125 

-----------------------------------------------------------------------------
-----------------------------------------------------------------------------

Input image     : /mnt/c/Users/lenovo/Desktop/Bhardwajetal_2024_nature_inclination_angle-main/cropped_host_galaxies/20220914A_flux.fits[1:36,1:36] 
Init. par. file : galfit.feedme 
Restart file    : galfit.09 
Output image    : out.fits 

 sersic    : (   19.89,    19.46)   22.25      4.07   [1.00]   0.53   -68.71
             (    0.12,     0.11)    0.04      0.14   [0.00]   0.04     2.80
 sky       : [ 18.50,  18.50]  1.76e-03  [0.00e+00]  [0.00e+00]
                                6.78e-05  [0.00e+00]  [0.00e+00]
 Chi^2 = 161.51331,  ndof = 1289
 Chi^2/nu = 0.125 

-----------------------------------------------------------------------------
