-----------------------------------------------------------------------------

Input image     : /mnt/c/Users/lenovo/Desktop/Bhardwajetal_2024_nature_inclination_angle-main/cropped_host_galaxies/20180924B_flux.fits[1:56,1:56] 
Init. par. file : galfit.feedme 
Restart file    : galfit.01 
Output image    : out.fits 

 sersic    : (   28.49,    28.25)   22.78      3.47    4.35    0.67   -24.16
             (    0.01,     0.02)    0.03      0.19    0.33    0.01     1.55
 sky       : [ 28.50,  28.50]  6.45e-05  [0.00e+00]  [0.00e+00]
                                3.94e-05  [0.00e+00]  [0.00e+00]
 Chi^2 = 2331.51523,  ndof = 3128
 Chi^2/nu = 0.745 

-----------------------------------------------------------------------------
-----------------------------------------------------------------------------

Input image     : /mnt/c/Users/lenovo/Desktop/Bhardwajetal_2024_nature_inclination_angle-main/cropped_host_galaxies/20180924B_flux.fits[1:56,1:56] 
Init. par. file : galfit.feedme 
Restart file    : galfit.02 
Output image    : out.fits 

 sersic    : (   28.49,    28.25)   22.78      3.47    4.35    0.67   -24.16
             (    0.01,     0.02)    0.03      0.19    0.33    0.01     1.55
 sky       : [ 28.50,  28.50]  6.45e-05  [0.00e+00]  [0.00e+00]
                                3.94e-05  [0.00e+00]  [0.00e+00]
 Chi^2 = 2331.51523,  ndof = 3128
 Chi^2/nu = 0.745 

-----------------------------------------------------------------------------
-----------------------------------------------------------------------------

Input image     : /mnt/c/Users/lenovo/Desktop/Bhardwajetal_2024_nature_inclination_angle-main/cropped_host_galaxies/20180924B_flux.fits[1:56,1:56] 
Init. par. file : galfit.feedme 
Restart file    : galfit.03 
Output image    : out.fits 

 sersic    : (   28.49,    28.25)   23.12      2.40   [1.00]   0.65   -23.54
             (    0.01,     0.02)    0.00      0.03   [0.00]   0.01     1.32
 sky       : [ 28.50,  28.50]  6.09e-04  [0.00e+00]  [0.00e+00]
                                3.58e-05  [0.00e+00]  [0.00e+00]
 Chi^2 = 2698.74004,  ndof = 3129
 Chi^2/nu = 0.862 

-----------------------------------------------------------------------------
