-----------------------------------------------------------------------------

Input image     : /mnt/c/Users/lenovo/Desktop/Bhardwajetal_2024_nature_inclination_angle-main/cropped_host_galaxies/20211212A_flux.fits[1:64,1:64] 
Init. par. file : galfit.feedme 
Restart file    : galfit.01 
Output image    : out.fits 

 sersic    : (   34.64,    33.01)   19.16     11.43    0.68    0.84   -72.59
             (    0.04,     0.03)    0.00      0.05    0.01    0.00     0.75
 sky       : [ 32.50,  32.50]  -3.01e-04  [0.00e+00]  [0.00e+00]
                                1.37e-04  [0.00e+00]  [0.00e+00]
 Chi^2 = 100.51514,  ndof = 4088
 Chi^2/nu = 0.025 

-----------------------------------------------------------------------------
-----------------------------------------------------------------------------

Input image     : /mnt/c/Users/lenovo/Desktop/Bhardwajetal_2024_nature_inclination_angle-main/cropped_host_galaxies/20211212A_flux.fits[1:64,1:64] 
Init. par. file : galfit.feedme 
Restart file    : galfit.02 
Output image    : out.fits 

 sersic    : (   34.64,    33.01)   19.16     11.43    0.68    0.84   -72.59
             (    0.04,     0.03)    0.00      0.05    0.01    0.00     0.75
 sky       : [ 32.50,  32.50]  -3.01e-04  [0.00e+00]  [0.00e+00]
                                1.37e-04  [0.00e+00]  [0.00e+00]
 Chi^2 = 100.51514,  ndof = 4088
 Chi^2/nu = 0.025 

-----------------------------------------------------------------------------
-----------------------------------------------------------------------------

Input image     : /mnt/c/Users/lenovo/Desktop/Bhardwajetal_2024_nature_inclination_angle-main/cropped_host_galaxies/20211212A_flux.fits[1:64,1:64] 
Init. par. file : galfit.feedme 
Restart file    : galfit.03 
Output image    : out.fits 

 sersic    : (   34.64,    33.01)   19.16     11.43    0.68    0.84   -72.59
             (    0.04,     0.03)    0.00      0.05    0.01    0.00     0.75
 sky       : [ 32.50,  32.50]  -3.01e-04  [0.00e+00]  [0.00e+00]
                                1.37e-04  [0.00e+00]  [0.00e+00]
 Chi^2 = 100.51514,  ndof = 4088
 Chi^2/nu = 0.025 

-----------------------------------------------------------------------------
-----------------------------------------------------------------------------

Input image     : /mnt/c/Users/lenovo/Desktop/Bhardwajetal_2024_nature_inclination_angle-main/cropped_host_galaxies/20211212A_flux.fits[1:64,1:64] 
Init. par. file : galfit.feedme 
Restart file    : galfit.04 
Output image    : out.fits 

 sersic    : (   34.64,    33.01)   19.16     11.43    0.68    0.84   -72.59
             (    0.04,     0.03)    0.00      0.05    0.01    0.00     0.75
 sky       : [ 32.50,  32.50]  -3.01e-04  [0.00e+00]  [0.00e+00]
                                1.37e-04  [0.00e+00]  [0.00e+00]
 Chi^2 = 100.51514,  ndof = 4088
 Chi^2/nu = 0.025 

-----------------------------------------------------------------------------
-----------------------------------------------------------------------------

Input image     : /mnt/c/Users/lenovo/Desktop/Bhardwajetal_2024_nature_inclination_angle-main/cropped_host_galaxies/20211212A_flux.fits[1:64,1:64] 
Init. par. file : galfit.feedme 
Restart file    : galfit.05 
Output image    : out.fits 

 sersic    : (   34.64,    33.01)   19.16     11.43    0.68    0.84   -72.59
             (    0.04,     0.03)    0.00      0.05    0.01    0.00     0.75
 sky       : [ 32.50,  32.50]  -3.01e-04  [0.00e+00]  [0.00e+00]
                                1.37e-04  [0.00e+00]  [0.00e+00]
 Chi^2 = 100.51514,  ndof = 4088
 Chi^2/nu = 0.025 

-----------------------------------------------------------------------------
-----------------------------------------------------------------------------

Input image     : /mnt/c/Users/lenovo/Desktop/Bhardwajetal_2024_nature_inclination_angle-main/cropped_host_galaxies/20211212A_flux.fits[1:64,1:64] 
Init. par. file : galfit.feedme 
Restart file    : galfit.06 
Output image    : out.fits 

 sersic    : (   34.66,    33.16)   19.07     11.83   [1.00]   0.85   -73.08
             (    0.04,     0.03)    0.00      0.07   [0.00]   0.00     0.85
 sky       : [ 32.50,  32.50]  -4.23e-03  [0.00e+00]  [0.00e+00]
                                1.60e-04  [0.00e+00]  [0.00e+00]
 Chi^2 = 109.65440,  ndof = 4089
 Chi^2/nu = 0.027 

-----------------------------------------------------------------------------
-----------------------------------------------------------------------------

Input image     : /mnt/c/Users/lenovo/Desktop/Bhardwajetal_2024_nature_inclination_angle-main/cropped_host_galaxies/20211212A_flux.fits[1:64,1:64] 
Init. par. file : galfit.feedme 
Restart file    : galfit.07 
Output image    : out.fits 

 sersic    : (   34.66,    33.16)   19.07     11.83   [1.00]   0.85   -73.08
             (    0.04,     0.03)    0.00      0.07   [0.00]   0.00     0.85
 sky       : [ 32.50,  32.50]  -4.23e-03  [0.00e+00]  [0.00e+00]
                                1.60e-04  [0.00e+00]  [0.00e+00]
 Chi^2 = 109.65440,  ndof = 4089
 Chi^2/nu = 0.027 

-----------------------------------------------------------------------------
-----------------------------------------------------------------------------

Input image     : /mnt/c/Users/lenovo/Desktop/Bhardwajetal_2024_nature_inclination_angle-main/cropped_host_galaxies/20211212A_flux.fits[1:64,1:64] 
Init. par. file : galfit.feedme 
Restart file    : galfit.08 
Output image    : out.fits 

 sersic    : (   34.66,    33.16)   19.07     11.83   [1.00]   0.85   -73.08
             (    0.04,     0.03)    0.00      0.07   [0.00]   0.00     0.85
 sky       : [ 32.50,  32.50]  -4.23e-03  [0.00e+00]  [0.00e+00]
                                1.60e-04  [0.00e+00]  [0.00e+00]
 Chi^2 = 109.65440,  ndof = 4089
 Chi^2/nu = 0.027 

-----------------------------------------------------------------------------
-----------------------------------------------------------------------------

Input image     : /mnt/c/Users/lenovo/Desktop/Bhardwajetal_2024_nature_inclination_angle-main/cropped_host_galaxies/20211212A_flux.fits[1:64,1:64] 
Init. par. file : galfit.feedme 
Restart file    : galfit.09 
Output image    : out.fits 

 sersic    : (   34.66,    33.16)   19.07     11.83   [1.00]   0.85   -73.08
             (    0.04,     0.03)    0.00      0.07   [0.00]   0.00     0.85
 sky       : [ 32.50,  32.50]  -4.23e-03  [0.00e+00]  [0.00e+00]
                                1.60e-04  [0.00e+00]  [0.00e+00]
 Chi^2 = 109.65440,  ndof = 4089
 Chi^2/nu = 0.027 

-----------------------------------------------------------------------------
