-----------------------------------------------------------------------------

Input image     : /mnt/c/Users/lenovo/Desktop/Bhardwajetal_2024_nature_inclination_angle-main/cropped_host_galaxies/20210807D_flux.fits[1:65,1:60] 
Init. par. file : galfit.feedme 
Restart file    : galfit.01 
Output image    : out.fits 

 sersic    : (   30.73,    31.99)   14.82    251.46    4.23    0.71   -89.53
             (    0.06,     0.05)    0.74    192.36    0.73    0.01     1.08
 sky       : [ 33.00,  30.50]  -171.56  [0.00e+00]  [0.00e+00]
                                 32.06  [0.00e+00]  [0.00e+00]
 Chi^2 = 1516.59662,  ndof = 3892
 Chi^2/nu = 0.390 

-----------------------------------------------------------------------------
-----------------------------------------------------------------------------

Input image     : /mnt/c/Users/lenovo/Desktop/Bhardwajetal_2024_nature_inclination_angle-main/cropped_host_galaxies/20210807D_flux.fits[1:65,1:60] 
Init. par. file : galfit.feedme 
Restart file    : galfit.02 
Output image    : out.fits 

 sersic    : (   30.73,    31.99)   14.82    251.46    4.23    0.71   -89.53
             (    0.06,     0.05)    0.74    192.36    0.73    0.01     1.08
 sky       : [ 33.00,  30.50]  -171.56  [0.00e+00]  [0.00e+00]
                                 32.06  [0.00e+00]  [0.00e+00]
 Chi^2 = 1516.59662,  ndof = 3892
 Chi^2/nu = 0.390 

-----------------------------------------------------------------------------
-----------------------------------------------------------------------------

Input image     : /mnt/c/Users/lenovo/Desktop/Bhardwajetal_2024_nature_inclination_angle-main/cropped_host_galaxies/20210807D_flux.fits[1:65,1:60] 
Init. par. file : galfit.feedme 
Restart file    : galfit.03 
Output image    : out.fits 

 sersic    : (   30.73,    31.99)   14.82    251.39    4.23    0.71   -89.53
             (    0.06,     0.05)    0.74    192.28    0.73    0.01     1.08
 sky       : [ 33.00,  30.50]  -171.55  [0.00e+00]  [0.00e+00]
                                 32.06  [0.00e+00]  [0.00e+00]
 Chi^2 = 1516.60063,  ndof = 3892
 Chi^2/nu = 0.390 

-----------------------------------------------------------------------------
-----------------------------------------------------------------------------

Input image     : /mnt/c/Users/lenovo/Desktop/Bhardwajetal_2024_nature_inclination_angle-main/cropped_host_galaxies/20210807D_flux.fits[1:65,1:60] 
Init. par. file : galfit.feedme 
Restart file    : galfit.04 
Output image    : out.fits 

 sersic    : (   30.73,    31.99)   14.82    251.39    4.23    0.71   -89.53
             (    0.06,     0.05)    0.74    192.28    0.73    0.01     1.08
 sky       : [ 33.00,  30.50]  -171.55  [0.00e+00]  [0.00e+00]
                                 32.06  [0.00e+00]  [0.00e+00]
 Chi^2 = 1516.60063,  ndof = 3892
 Chi^2/nu = 0.390 

-----------------------------------------------------------------------------
-----------------------------------------------------------------------------

Input image     : /mnt/c/Users/lenovo/Desktop/Bhardwajetal_2024_nature_inclination_angle-main/cropped_host_galaxies/20210807D_flux.fits[1:65,1:60] 
Init. par. file : galfit.feedme 
Restart file    : galfit.05 
Output image    : out.fits 

 sersic    : (   30.73,    31.99)   14.82    251.39    4.23    0.71   -89.53
             (    0.06,     0.05)    0.74    192.28    0.73    0.01     1.08
 sky       : [ 33.00,  30.50]  -171.55  [0.00e+00]  [0.00e+00]
                                 32.06  [0.00e+00]  [0.00e+00]
 Chi^2 = 1516.60063,  ndof = 3892
 Chi^2/nu = 0.390 

-----------------------------------------------------------------------------
-----------------------------------------------------------------------------

Input image     : /mnt/c/Users/lenovo/Desktop/Bhardwajetal_2024_nature_inclination_angle-main/cropped_host_galaxies/20210807D_flux.fits[1:65,1:60] 
Init. par. file : galfit.feedme 
Restart file    : galfit.06 
Output image    : out.fits 

 sersic    : (   30.79,    31.93)   17.72     14.33   [1.00]   0.70   -87.75
             (    0.08,     0.06)    0.02      0.17   [0.00]   0.01     1.18
 sky       : [ 33.00,  30.50]    41.64  [0.00e+00]  [0.00e+00]
                                  4.43  [0.00e+00]  [0.00e+00]
 Chi^2 = 1878.49603,  ndof = 3893
 Chi^2/nu = 0.483 

-----------------------------------------------------------------------------
-----------------------------------------------------------------------------

Input image     : /mnt/c/Users/lenovo/Desktop/Bhardwajetal_2024_nature_inclination_angle-main/cropped_host_galaxies/20210807D_flux.fits[1:65,1:60] 
Init. par. file : galfit.feedme 
Restart file    : galfit.07 
Output image    : out.fits 

 sersic    : (   30.79,    31.93)   17.72     14.33   [1.00]   0.70   -87.75
             (    0.08,     0.06)    0.02      0.17   [0.00]   0.01     1.18
 sky       : [ 33.00,  30.50]    41.64  [0.00e+00]  [0.00e+00]
                                  4.43  [0.00e+00]  [0.00e+00]
 Chi^2 = 1878.49603,  ndof = 3893
 Chi^2/nu = 0.483 

-----------------------------------------------------------------------------
-----------------------------------------------------------------------------

Input image     : /mnt/c/Users/lenovo/Desktop/Bhardwajetal_2024_nature_inclination_angle-main/cropped_host_galaxies/20210807D_flux.fits[1:65,1:60] 
Init. par. file : galfit.feedme 
Restart file    : galfit.08 
Output image    : out.fits 

 sersic    : (   30.79,    31.93)   17.72     14.33   [1.00]   0.70   -87.75
             (    0.08,     0.06)    0.02      0.17   [0.00]   0.01     1.18
 sky       : [ 33.00,  30.50]    41.64  [0.00e+00]  [0.00e+00]
                                  4.43  [0.00e+00]  [0.00e+00]
 Chi^2 = 1878.49603,  ndof = 3893
 Chi^2/nu = 0.483 

-----------------------------------------------------------------------------
-----------------------------------------------------------------------------

Input image     : /mnt/c/Users/lenovo/Desktop/Bhardwajetal_2024_nature_inclination_angle-main/cropped_host_galaxies/20210807D_flux.fits[1:65,1:60] 
Init. par. file : galfit.feedme 
Restart file    : galfit.09 
Output image    : out.fits 

 sersic    : (   30.79,    31.93)   17.72     14.33   [1.00]   0.70   -87.75
             (    0.08,     0.06)    0.02      0.17   [0.00]   0.01     1.18
 sky       : [ 33.00,  30.50]    41.64  [0.00e+00]  [0.00e+00]
                                  4.43  [0.00e+00]  [0.00e+00]
 Chi^2 = 1878.49603,  ndof = 3893
 Chi^2/nu = 0.483 

-----------------------------------------------------------------------------
