-----------------------------------------------------------------------------

Input image     : /mnt/c/Users/lenovo/Desktop/Bhardwajetal_2024_nature_inclination_angle-main/cropped_host_galaxies/20240310A_flux.fits[1:46,1:42] 
Init. par. file : galfit.feedme 
Restart file    : galfit.01 
Output image    : out.fits 

 sersic    : (   24.11,    29.02)   22.19      3.26    0.59    0.63   -42.13
             (    0.26,     0.29)    0.13      0.55    0.19    0.08    12.41
 sky       : [ 23.50,  21.50]  4.72e-03  [0.00e+00]  [0.00e+00]
                                3.69e-04  [0.00e+00]  [0.00e+00]
 Chi^2 = 80055.70970,  ndof = 1924
 Chi^2/nu = 41.609 

-----------------------------------------------------------------------------
-----------------------------------------------------------------------------

Input image     : /mnt/c/Users/lenovo/Desktop/Bhardwajetal_2024_nature_inclination_angle-main/cropped_host_galaxies/20240310A_flux.fits[1:47,1:43] 
Init. par. file : galfit.feedme 
Restart file    : galfit.02 
Output image    : out.fits 

 sersic    : (   24.11,    29.02)   22.15      3.31    0.61    0.63   -42.75
             (    0.25,     0.28)    0.13      0.55    0.18    0.07    12.40
 sky       : [ 24.00,  22.00]  4.48e-03  [0.00e+00]  [0.00e+00]
                                3.54e-04  [0.00e+00]  [0.00e+00]
 Chi^2 = 80443.62802,  ndof = 2013
 Chi^2/nu = 39.962 

-----------------------------------------------------------------------------
