-----------------------------------------------------------------------------

Input image     : /mnt/c/Users/lenovo/Desktop/Bhardwajetal_2024_nature_inclination_angle-main/cropped_host_galaxies/20220912A_flux.fits[1:46,1:40] 
Init. par. file : galfit.feedme 
Restart file    : galfit.01 
Output image    : out.fits 

 sersic    : (   25.12,    20.81)   19.52      6.23    0.71    0.74    36.42
             (    0.06,     0.09)    0.03      0.20    0.03    0.02     3.43
 sky       : [ 23.50,  20.50]   -12.36  [0.00e+00]  [0.00e+00]
                                  4.44  [0.00e+00]  [0.00e+00]
 Chi^2 = 546418216488.21619,  ndof = 1832
 Chi^2/nu = 298263218.607 

-----------------------------------------------------------------------------
-----------------------------------------------------------------------------

Input image     : /mnt/c/Users/lenovo/Desktop/Bhardwajetal_2024_nature_inclination_angle-main/cropped_host_galaxies/20220912A_flux.fits[1:46,1:40] 
Init. par. file : galfit.feedme 
Restart file    : galfit.02 
Output image    : out.fits 

 sersic    : (   25.12,    20.81)   19.52      6.23    0.71    0.74    36.42
             (    0.06,     0.09)    0.03      0.20    0.03    0.02     3.43
 sky       : [ 23.50,  20.50]   -12.36  [0.00e+00]  [0.00e+00]
                                  4.44  [0.00e+00]  [0.00e+00]
 Chi^2 = 694500.12460,  ndof = 1832
 Chi^2/nu = 379.094 

-----------------------------------------------------------------------------
-----------------------------------------------------------------------------

Input image     : /mnt/c/Users/lenovo/Desktop/Bhardwajetal_2024_nature_inclination_angle-main/cropped_host_galaxies/20220912A_flux.fits[1:46,1:40] 
Init. par. file : galfit.feedme 
Restart file    : galfit.03 
Output image    : out.fits 

 sersic    : (   25.08,    20.79)   19.31      7.45   [1.00]   0.75    35.52
             (    0.06,     0.08)    0.03      0.22   [0.00]   0.02     3.65
 sky       : [ 23.50,  20.50]   -25.98  [0.00e+00]  [0.00e+00]
                                  4.68  [0.00e+00]  [0.00e+00]
 Chi^2 = 553907352174.26196,  ndof = 1833
 Chi^2/nu = 302186225.954 

-----------------------------------------------------------------------------
-----------------------------------------------------------------------------

Input image     : /mnt/c/Users/lenovo/Desktop/Bhardwajetal_2024_nature_inclination_angle-main/cropped_host_galaxies/20220912A_flux.fits[1:46,1:40] 
Init. par. file : galfit.feedme 
Restart file    : galfit.04 
Output image    : out.fits 

 sersic    : (   25.08,    20.79)   19.31      7.45   [1.00]   0.75    35.52
             (    0.06,     0.08)    0.03      0.22   [0.00]   0.02     3.65
 sky       : [ 23.50,  20.50]   -25.98  [0.00e+00]  [0.00e+00]
                                  4.68  [0.00e+00]  [0.00e+00]
 Chi^2 = 553907352174.26196,  ndof = 1833
 Chi^2/nu = 302186225.954 

-----------------------------------------------------------------------------
