-----------------------------------------------------------------------------

Input image     : /mnt/c/Users/lenovo/Desktop/Bhardwajetal_2024_nature_inclination_angle-main/cropped_host_galaxies/20190711A_flux.fits[1:51,1:48] 
Init. par. file : galfit.feedme 
Restart file    : galfit.01 
Output image    : out.fits 

 sersic    : (   22.14,    19.85)   18.25      1.50    5.98    0.13    45.40
             (    0.03,     0.03)    0.01      0.08    0.87    0.03     1.12
 sky       : [ 26.00,  24.50]  -1.27e-03  [0.00e+00]  [0.00e+00]
                                3.09e-04  [0.00e+00]  [0.00e+00]
 Chi^2 = 40863.37412,  ndof = 2440
 Chi^2/nu = 16.747 

-----------------------------------------------------------------------------
-----------------------------------------------------------------------------

Input image     : /mnt/c/Users/lenovo/Desktop/Bhardwajetal_2024_nature_inclination_angle-main/cropped_host_galaxies/20190711A_flux.fits[1:51,1:48] 
Init. par. file : galfit.feedme 
Restart file    : galfit.02 
Output image    : out.fits 

 sersic    : (   22.21,    19.97)   18.18      2.00    6.00    0.24    61.11
             (    0.03,     0.03)    0.02      0.11    0.95    0.03     1.23
 sky       : [ 26.00,  24.50]  -2.75e-03  [0.00e+00]  [0.00e+00]
                                3.39e-04  [0.00e+00]  [0.00e+00]
 Chi^2 = 49108.74406,  ndof = 2440
 Chi^2/nu = 20.127 

-----------------------------------------------------------------------------
-----------------------------------------------------------------------------

Input image     : /mnt/c/Users/lenovo/Desktop/Bhardwajetal_2024_nature_inclination_angle-main/cropped_host_galaxies/20190711A_flux.fits[1:51,1:48] 
Init. par. file : galfit.feedme 
Restart file    : galfit.03 
Output image    : out.fits 

 sersic    : (   22.14,    19.85)   18.25      1.50    5.98    0.13    45.40
             (    0.03,     0.03)    0.01      0.08    0.87    0.03     1.12
 sky       : [ 26.00,  24.50]  -1.27e-03  [0.00e+00]  [0.00e+00]
                                3.09e-04  [0.00e+00]  [0.00e+00]
 Chi^2 = 40863.37412,  ndof = 2440
 Chi^2/nu = 16.747 

-----------------------------------------------------------------------------
-----------------------------------------------------------------------------

Input image     : /mnt/c/Users/lenovo/Desktop/Bhardwajetal_2024_nature_inclination_angle-main/cropped_host_galaxies/20190711A_flux.fits[1:51,1:48] 
Init. par. file : galfit.feedme 
Restart file    : galfit.04 
Output image    : out.fits 

 sersic    : (   22.14,    19.85)   18.25      1.50    5.98    0.13    45.40
             (    0.03,     0.03)    0.01      0.08    0.87    0.03     1.12
 sky       : [ 26.00,  24.50]  -1.27e-03  [0.00e+00]  [0.00e+00]
                                3.09e-04  [0.00e+00]  [0.00e+00]
 Chi^2 = 40863.37412,  ndof = 2440
 Chi^2/nu = 16.747 

-----------------------------------------------------------------------------
-----------------------------------------------------------------------------

Input image     : /mnt/c/Users/lenovo/Desktop/Bhardwajetal_2024_nature_inclination_angle-main/cropped_host_galaxies/20190711A_flux.fits[1:52,1:49] 
Init. par. file : galfit.feedme 
Restart file    : galfit.05 
Output image    : out.fits 

 sersic    : (   22.27,    19.99)   18.27      1.50    6.00   *0.04*   44.70
             (    0.04,     0.16)    0.29      0.73    2.15   *0.03*    1.43
 sky       : [ 26.50,  25.00]  -1.97e-03  [0.00e+00]  [0.00e+00]
                                2.72e-04  [0.00e+00]  [0.00e+00]
 Chi^2 = 34710.43549,  ndof = 2540
 Chi^2/nu = 13.666 

-----------------------------------------------------------------------------
