-----------------------------------------------------------------------------

Input image     : /mnt/c/Users/lenovo/Desktop/Bhardwajetal_2024_nature_inclination_angle-main/cropped_host_galaxies/20211212A_flux.fits[1:64,1:64] 
Init. par. file : galfit.feedme 
Restart file    : galfit.01 
Output image    : out.fits 

 sersic    : (   34.51,    33.13)   19.16     11.90    0.67    0.85   -72.45
             (    0.04,     0.03)    0.00      0.05    0.01    0.00     0.74
 sky       : [ 32.50,  32.50]  -5.23e-04  [0.00e+00]  [0.00e+00]
                                1.32e-04  [0.00e+00]  [0.00e+00]
 Chi^2 = 98.41998,  ndof = 4088
 Chi^2/nu = 0.024 

-----------------------------------------------------------------------------
-----------------------------------------------------------------------------

Input image     : /mnt/c/Users/lenovo/Desktop/Bhardwajetal_2024_nature_inclination_angle-main/cropped_host_galaxies/20211212A_flux.fits[1:64,1:64] 
Init. par. file : galfit.feedme 
Restart file    : galfit.02 
Output image    : out.fits 

 sersic    : (   34.51,    33.13)   19.16     11.90    0.67    0.85   -72.45
             (    0.04,     0.03)    0.00      0.05    0.01    0.00     0.74
 sky       : [ 32.50,  32.50]  -5.23e-04  [0.00e+00]  [0.00e+00]
                                1.32e-04  [0.00e+00]  [0.00e+00]
 Chi^2 = 98.41998,  ndof = 4088
 Chi^2/nu = 0.024 

-----------------------------------------------------------------------------
-----------------------------------------------------------------------------

Input image     : /mnt/c/Users/lenovo/Desktop/Bhardwajetal_2024_nature_inclination_angle-main/cropped_host_galaxies/20211212A_flux.fits[1:64,1:64] 
Init. par. file : galfit.feedme 
Restart file    : galfit.03 
Output image    : out.fits 

 sersic    : (   34.51,    33.13)   19.16     11.90    0.67    0.85   -72.45
             (    0.04,     0.03)    0.00      0.05    0.01    0.00     0.74
 sky       : [ 32.50,  32.50]  -5.23e-04  [0.00e+00]  [0.00e+00]
                                1.32e-04  [0.00e+00]  [0.00e+00]
 Chi^2 = 98.41998,  ndof = 4088
 Chi^2/nu = 0.024 

-----------------------------------------------------------------------------
-----------------------------------------------------------------------------

Input image     : /mnt/c/Users/lenovo/Desktop/Bhardwajetal_2024_nature_inclination_angle-main/cropped_host_galaxies/20211212A_flux.fits[1:64,1:64] 
Init. par. file : galfit.feedme 
Restart file    : galfit.04 
Output image    : out.fits 

 sersic    : (   34.51,    33.13)   19.16     11.90    0.67    0.85   -72.45
             (    0.04,     0.03)    0.00      0.05    0.01    0.00     0.74
 sky       : [ 32.50,  32.50]  -5.23e-04  [0.00e+00]  [0.00e+00]
                                1.32e-04  [0.00e+00]  [0.00e+00]
 Chi^2 = 98.41998,  ndof = 4088
 Chi^2/nu = 0.024 

-----------------------------------------------------------------------------
-----------------------------------------------------------------------------

Input image     : /mnt/c/Users/lenovo/Desktop/Bhardwajetal_2024_nature_inclination_angle-main/cropped_host_galaxies/20211212A_flux.fits[1:64,1:64] 
Init. par. file : galfit.feedme 
Restart file    : galfit.05 
Output image    : out.fits 

 sersic    : (   34.51,    33.13)   19.16     11.90    0.67    0.85   -72.45
             (    0.04,     0.03)    0.00      0.05    0.01    0.00     0.74
 sky       : [ 32.50,  32.50]  -5.23e-04  [0.00e+00]  [0.00e+00]
                                1.32e-04  [0.00e+00]  [0.00e+00]
 Chi^2 = 98.41998,  ndof = 4088
 Chi^2/nu = 0.024 

-----------------------------------------------------------------------------
-----------------------------------------------------------------------------

Input image     : /mnt/c/Users/lenovo/Desktop/Bhardwajetal_2024_nature_inclination_angle-main/cropped_host_galaxies/20211212A_flux.fits[1:64,1:64] 
Init. par. file : galfit.feedme 
Restart file    : galfit.06 
Output image    : out.fits 

 sersic    : (   34.54,    33.33)   19.04     12.61   [1.00]   0.86   -72.99
             (    0.04,     0.03)    0.01      0.07   [0.00]   0.00     0.87
 sky       : [ 32.50,  32.50]  -5.47e-03  [0.00e+00]  [0.00e+00]
                                1.72e-04  [0.00e+00]  [0.00e+00]
 Chi^2 = 113.37260,  ndof = 4089
 Chi^2/nu = 0.028 

-----------------------------------------------------------------------------
-----------------------------------------------------------------------------

Input image     : /mnt/c/Users/lenovo/Desktop/Bhardwajetal_2024_nature_inclination_angle-main/cropped_host_galaxies/20211212A_flux.fits[1:64,1:64] 
Init. par. file : galfit.feedme 
Restart file    : galfit.07 
Output image    : out.fits 

 sersic    : (   34.54,    33.33)   19.04     12.61   [1.00]   0.86   -72.99
             (    0.04,     0.03)    0.01      0.07   [0.00]   0.00     0.87
 sky       : [ 32.50,  32.50]  -5.47e-03  [0.00e+00]  [0.00e+00]
                                1.72e-04  [0.00e+00]  [0.00e+00]
 Chi^2 = 113.37260,  ndof = 4089
 Chi^2/nu = 0.028 

-----------------------------------------------------------------------------
-----------------------------------------------------------------------------

Input image     : /mnt/c/Users/lenovo/Desktop/Bhardwajetal_2024_nature_inclination_angle-main/cropped_host_galaxies/20211212A_flux.fits[1:64,1:64] 
Init. par. file : galfit.feedme 
Restart file    : galfit.08 
Output image    : out.fits 

 sersic    : (   34.54,    33.33)   19.04     12.61   [1.00]   0.86   -72.99
             (    0.04,     0.03)    0.01      0.07   [0.00]   0.00     0.87
 sky       : [ 32.50,  32.50]  -5.47e-03  [0.00e+00]  [0.00e+00]
                                1.72e-04  [0.00e+00]  [0.00e+00]
 Chi^2 = 113.37260,  ndof = 4089
 Chi^2/nu = 0.028 

-----------------------------------------------------------------------------
-----------------------------------------------------------------------------

Input image     : /mnt/c/Users/lenovo/Desktop/Bhardwajetal_2024_nature_inclination_angle-main/cropped_host_galaxies/20211212A_flux.fits[1:64,1:64] 
Init. par. file : galfit.feedme 
Restart file    : galfit.09 
Output image    : out.fits 

 sersic    : (   34.54,    33.33)   19.04     12.61   [1.00]   0.86   -72.99
             (    0.04,     0.03)    0.01      0.07   [0.00]   0.00     0.87
 sky       : [ 32.50,  32.50]  -5.47e-03  [0.00e+00]  [0.00e+00]
                                1.72e-04  [0.00e+00]  [0.00e+00]
 Chi^2 = 113.37260,  ndof = 4089
 Chi^2/nu = 0.028 

-----------------------------------------------------------------------------
