-----------------------------------------------------------------------------

Input image     : /mnt/c/Users/lenovo/Desktop/Bhardwajetal_2024_nature_inclination_angle-main/cropped_host_galaxies/20230902A_flux.fits[1:30,1:30] 
Init. par. file : galfit.feedme 
Restart file    : galfit.01 
Output image    : out.fits 

 sersic    : (   16.92,    14.38)   21.51      1.84    1.32    0.50    -3.28
             (    0.03,     0.03)    0.01      0.06    0.25    0.03     2.38
 sky       : [ 15.50,  15.50]  6.33e-05  [0.00e+00]  [0.00e+00]
                                6.52e-05  [0.00e+00]  [0.00e+00]
 Chi^2 = 694.41707,  ndof = 892
 Chi^2/nu = 0.778 

-----------------------------------------------------------------------------
-----------------------------------------------------------------------------

Input image     : /mnt/c/Users/lenovo/Desktop/Bhardwajetal_2024_nature_inclination_angle-main/cropped_host_galaxies/20230902A_flux.fits[1:30,1:30] 
Init. par. file : galfit.feedme 
Restart file    : galfit.02 
Output image    : out.fits 

 sersic    : (   16.92,    14.38)   21.51      2.00    1.32    0.50    -3.32
             (    0.03,     0.03)    0.01      0.06    0.23    0.03     2.29
 sky       : [ 15.50,  15.50]  6.46e-05  [0.00e+00]  [0.00e+00]
                                6.59e-05  [0.00e+00]  [0.00e+00]
 Chi^2 = 709.29722,  ndof = 892
 Chi^2/nu = 0.795 

-----------------------------------------------------------------------------
-----------------------------------------------------------------------------

Input image     : /mnt/c/Users/lenovo/Desktop/Bhardwajetal_2024_nature_inclination_angle-main/cropped_host_galaxies/20230902A_flux.fits[1:30,1:30] 
Init. par. file : galfit.feedme 
Restart file    : galfit.03 
Output image    : out.fits 

 sersic    : (   16.92,    14.38)   21.51      1.84    1.32    0.50    -3.28
             (    0.03,     0.03)    0.01      0.06    0.25    0.03     2.38
 sky       : [ 15.50,  15.50]  6.33e-05  [0.00e+00]  [0.00e+00]
                                6.52e-05  [0.00e+00]  [0.00e+00]
 Chi^2 = 694.41707,  ndof = 892
 Chi^2/nu = 0.778 

-----------------------------------------------------------------------------
-----------------------------------------------------------------------------

Input image     : /mnt/c/Users/lenovo/Desktop/Bhardwajetal_2024_nature_inclination_angle-main/cropped_host_galaxies/20230902A_flux.fits[1:30,1:30] 
Init. par. file : galfit.feedme 
Restart file    : galfit.04 
Output image    : out.fits 

 sersic    : (   16.92,    14.38)   21.51      1.84    1.32    0.50    -3.28
             (    0.03,     0.03)    0.01      0.06    0.25    0.03     2.38
 sky       : [ 15.50,  15.50]  6.33e-05  [0.00e+00]  [0.00e+00]
                                6.52e-05  [0.00e+00]  [0.00e+00]
 Chi^2 = 694.41707,  ndof = 892
 Chi^2/nu = 0.778 

-----------------------------------------------------------------------------
-----------------------------------------------------------------------------

Input image     : /mnt/c/Users/lenovo/Desktop/Bhardwajetal_2024_nature_inclination_angle-main/cropped_host_galaxies/20230902A_flux.fits[1:31,1:31] 
Init. par. file : galfit.feedme 
Restart file    : galfit.05 
Output image    : out.fits 

 sersic    : (   16.92,    14.38)   21.51      1.84    1.30    0.50    -3.26
             (    0.03,     0.03)    0.01      0.06    0.24    0.03     2.36
 sky       : [ 16.00,  16.00]  9.01e-05  [0.00e+00]  [0.00e+00]
                                6.28e-05  [0.00e+00]  [0.00e+00]
 Chi^2 = 736.69819,  ndof = 953
 Chi^2/nu = 0.773 

-----------------------------------------------------------------------------
