-----------------------------------------------------------------------------

Input image     : /mnt/c/Users/lenovo/Desktop/Bhardwajetal_2024_nature_inclination_angle-main/cropped_host_galaxies/20171020A_flux.fits[1:145,1:145] 
Init. par. file : galfit.feedme 
Restart file    : galfit.01 
Output image    : out.fits 

 sersic    : (   65.42,    68.20)   15.15     45.98    0.55    0.40   -50.58
             (    0.08,     0.07)    0.01      0.16    0.00    0.00     0.11
 sky       : [ 73.00,  73.00]     8.50  [0.00e+00]  [0.00e+00]
                                  1.76  [0.00e+00]  [0.00e+00]
 Chi^2 = 7862.39926,  ndof = 21017
 Chi^2/nu = 0.374 

-----------------------------------------------------------------------------
-----------------------------------------------------------------------------

Input image     : /mnt/c/Users/lenovo/Desktop/Bhardwajetal_2024_nature_inclination_angle-main/cropped_host_galaxies/20171020A_flux.fits[1:145,1:145] 
Init. par. file : galfit.feedme 
Restart file    : galfit.02 
Output image    : out.fits 

 sersic    : (   65.42,    68.20)   15.15     45.98    0.55    0.40   -50.58
             (    0.08,     0.07)    0.01      0.16    0.00    0.00     0.11
 sky       : [ 73.00,  73.00]     8.50  [0.00e+00]  [0.00e+00]
                                  1.76  [0.00e+00]  [0.00e+00]
 Chi^2 = 7862.39926,  ndof = 21017
 Chi^2/nu = 0.374 

-----------------------------------------------------------------------------
-----------------------------------------------------------------------------

Input image     : /mnt/c/Users/lenovo/Desktop/Bhardwajetal_2024_nature_inclination_angle-main/cropped_host_galaxies/20171020A_flux.fits[1:145,1:145] 
Init. par. file : galfit.feedme 
Restart file    : galfit.03 
Output image    : out.fits 

 sersic    : (   65.42,    68.20)   15.15     45.98    0.55    0.40   -50.58
             (    0.08,     0.07)    0.01      0.16    0.00    0.00     0.11
 sky       : [ 73.00,  73.00]     8.50  [0.00e+00]  [0.00e+00]
                                  1.76  [0.00e+00]  [0.00e+00]
 Chi^2 = 7862.39926,  ndof = 21017
 Chi^2/nu = 0.374 

-----------------------------------------------------------------------------
-----------------------------------------------------------------------------

Input image     : /mnt/c/Users/lenovo/Desktop/Bhardwajetal_2024_nature_inclination_angle-main/cropped_host_galaxies/20171020A_flux.fits[1:145,1:145] 
Init. par. file : galfit.feedme 
Restart file    : galfit.04 
Output image    : out.fits 

 sersic    : (   65.42,    68.20)   15.15     45.98    0.55    0.40   -50.58
             (    0.08,     0.07)    0.01      0.16    0.00    0.00     0.11
 sky       : [ 73.00,  73.00]     8.50  [0.00e+00]  [0.00e+00]
                                  1.76  [0.00e+00]  [0.00e+00]
 Chi^2 = 7862.39926,  ndof = 21017
 Chi^2/nu = 0.374 

-----------------------------------------------------------------------------
-----------------------------------------------------------------------------

Input image     : /mnt/c/Users/lenovo/Desktop/Bhardwajetal_2024_nature_inclination_angle-main/cropped_host_galaxies/20171020A_flux.fits[1:145,1:145] 
Init. par. file : galfit.feedme 
Restart file    : galfit.05 
Output image    : out.fits 

 sersic    : (   65.42,    68.20)   15.15     45.98    0.55    0.40   -50.58
             (    0.08,     0.07)    0.01      0.16    0.00    0.00     0.11
 sky       : [ 73.00,  73.00]     8.50  [0.00e+00]  [0.00e+00]
                                  1.76  [0.00e+00]  [0.00e+00]
 Chi^2 = 7862.39926,  ndof = 21017
 Chi^2/nu = 0.374 

-----------------------------------------------------------------------------
-----------------------------------------------------------------------------

Input image     : /mnt/c/Users/lenovo/Desktop/Bhardwajetal_2024_nature_inclination_angle-main/cropped_host_galaxies/20171020A_flux.fits[1:145,1:145] 
Init. par. file : galfit.feedme 
Restart file    : galfit.06 
Output image    : out.fits 

 sersic    : (   64.02,    68.25)   15.89     20.29   [1.00]   0.94    34.97
             (    0.07,     0.08)    0.01      0.20   [0.00]   0.01     5.76
 sky       : [ 73.00,  73.00]   149.59  [0.00e+00]  [0.00e+00]
                                  2.70  [0.00e+00]  [0.00e+00]
 Chi^2 = 33187.93118,  ndof = 21018
 Chi^2/nu = 1.579 

-----------------------------------------------------------------------------
-----------------------------------------------------------------------------

Input image     : /mnt/c/Users/lenovo/Desktop/Bhardwajetal_2024_nature_inclination_angle-main/cropped_host_galaxies/20171020A_flux.fits[1:145,1:145] 
Init. par. file : galfit.feedme 
Restart file    : galfit.07 
Output image    : out.fits 

 sersic    : (   64.02,    68.25)   15.89     20.29   [1.00]   0.94    34.97
             (    0.07,     0.08)    0.01      0.20   [0.00]   0.01     5.76
 sky       : [ 73.00,  73.00]   149.59  [0.00e+00]  [0.00e+00]
                                  2.70  [0.00e+00]  [0.00e+00]
 Chi^2 = 33187.93118,  ndof = 21018
 Chi^2/nu = 1.579 

-----------------------------------------------------------------------------
-----------------------------------------------------------------------------

Input image     : /mnt/c/Users/lenovo/Desktop/Bhardwajetal_2024_nature_inclination_angle-main/cropped_host_galaxies/20171020A_flux.fits[1:145,1:145] 
Init. par. file : galfit.feedme 
Restart file    : galfit.08 
Output image    : out.fits 

 sersic    : (   64.02,    68.25)   15.89     20.29   [1.00]   0.94    34.97
             (    0.07,     0.08)    0.01      0.20   [0.00]   0.01     5.76
 sky       : [ 73.00,  73.00]   149.59  [0.00e+00]  [0.00e+00]
                                  2.70  [0.00e+00]  [0.00e+00]
 Chi^2 = 33187.93118,  ndof = 21018
 Chi^2/nu = 1.579 

-----------------------------------------------------------------------------
-----------------------------------------------------------------------------

Input image     : /mnt/c/Users/lenovo/Desktop/Bhardwajetal_2024_nature_inclination_angle-main/cropped_host_galaxies/20171020A_flux.fits[1:145,1:145] 
Init. par. file : galfit.feedme 
Restart file    : galfit.09 
Output image    : out.fits 

 sersic    : (   65.42,    68.20)   15.15     45.98    0.55    0.40   -50.58
             (    0.08,     0.07)    0.01      0.16    0.00    0.00     0.11
 sky       : [ 73.00,  73.00]     8.50  [0.00e+00]  [0.00e+00]
                                  1.76  [0.00e+00]  [0.00e+00]
 Chi^2 = 7862.39930,  ndof = 21017
 Chi^2/nu = 0.374 

-----------------------------------------------------------------------------
-----------------------------------------------------------------------------

Input image     : /mnt/c/Users/lenovo/Desktop/Bhardwajetal_2024_nature_inclination_angle-main/cropped_host_galaxies/20171020A_flux.fits[1:145,1:145] 
Init. par. file : galfit.feedme 
Restart file    : galfit.10 
Output image    : out.fits 

 sersic    : (   64.72,    67.91)   14.64     67.02   [1.00]   0.39   -50.80
             (    0.09,     0.07)    0.01      0.30   [0.00]   0.00     0.14
 sky       : [ 73.00,  73.00]   -73.75  [0.00e+00]  [0.00e+00]
                                  2.47  [0.00e+00]  [0.00e+00]
 Chi^2 = 9323.30807,  ndof = 21018
 Chi^2/nu = 0.444 

-----------------------------------------------------------------------------
-----------------------------------------------------------------------------

Input image     : /mnt/c/Users/lenovo/Desktop/Bhardwajetal_2024_nature_inclination_angle-main/cropped_host_galaxies/20171020A_flux.fits[1:145,1:145] 
Init. par. file : galfit.feedme 
Restart file    : galfit.11 
Output image    : out.fits 

 sersic    : (   64.72,    67.91)   14.64     67.02   [1.00]   0.39   -50.80
             (    0.09,     0.07)    0.01      0.30   [0.00]   0.00     0.14
 sky       : [ 73.00,  73.00]   -73.75  [0.00e+00]  [0.00e+00]
                                  2.47  [0.00e+00]  [0.00e+00]
 Chi^2 = 9323.30807,  ndof = 21018
 Chi^2/nu = 0.444 

-----------------------------------------------------------------------------
