-----------------------------------------------------------------------------

Input image     : /mnt/c/Users/lenovo/Desktop/Bhardwajetal_2024_nature_inclination_angle-main/cropped_host_galaxies/20220310F_flux.fits[1:100,1:100] 
Init. par. file : galfit.feedme 
Restart file    : galfit.01 
Output image    : out.fits 

 sersic    : (   50.24,    50.95)   23.47      5.52    0.50    0.73   -62.97
             (    0.42,     0.41)    0.13      0.43    0.12    0.07    12.34
 sky       : [ 50.50,  50.50]  -6.12e-04  [0.00e+00]  [0.00e+00]
                                2.64e-05  [0.00e+00]  [0.00e+00]
 Chi^2 = 4485.76132,  ndof = 9992
 Chi^2/nu = 0.449 

-----------------------------------------------------------------------------
-----------------------------------------------------------------------------

Input image     : /mnt/c/Users/lenovo/Desktop/Bhardwajetal_2024_nature_inclination_angle-main/cropped_host_galaxies/20220310F_flux.fits[1:100,1:100] 
Init. par. file : galfit.feedme 
Restart file    : galfit.02 
Output image    : out.fits 

 sersic    : (   50.21,    50.90)   23.47      5.51    0.50    0.73   -61.36
             (    0.41,     0.41)    0.13      0.43    0.12    0.07    12.62
 sky       : [ 50.50,  50.50]  -6.12e-04  [0.00e+00]  [0.00e+00]
                                2.64e-05  [0.00e+00]  [0.00e+00]
 Chi^2 = 4485.76979,  ndof = 9992
 Chi^2/nu = 0.449 

-----------------------------------------------------------------------------
-----------------------------------------------------------------------------

Input image     : /mnt/c/Users/lenovo/Desktop/Bhardwajetal_2024_nature_inclination_angle-main/cropped_host_galaxies/20220310F_flux.fits[1:100,1:100] 
Init. par. file : galfit.feedme 
Restart file    : galfit.03 
Output image    : out.fits 

 sersic    : (   50.21,    50.90)   23.47      5.51    0.50    0.73   -61.36
             (    0.41,     0.41)    0.13      0.43    0.12    0.07    12.62
 sky       : [ 50.50,  50.50]  -6.12e-04  [0.00e+00]  [0.00e+00]
                                2.64e-05  [0.00e+00]  [0.00e+00]
 Chi^2 = 4485.76979,  ndof = 9992
 Chi^2/nu = 0.449 

-----------------------------------------------------------------------------
-----------------------------------------------------------------------------

Input image     : /mnt/c/Users/lenovo/Desktop/Bhardwajetal_2024_nature_inclination_angle-main/cropped_host_galaxies/20220310F_flux.fits[1:100,1:100] 
Init. par. file : galfit.feedme 
Restart file    : galfit.04 
Output image    : out.fits 

 sersic    : (   50.21,    50.90)   23.47      5.51    0.50    0.73   -61.36
             (    0.41,     0.41)    0.13      0.43    0.12    0.07    12.62
 sky       : [ 50.50,  50.50]  -6.12e-04  [0.00e+00]  [0.00e+00]
                                2.64e-05  [0.00e+00]  [0.00e+00]
 Chi^2 = 4485.76979,  ndof = 9992
 Chi^2/nu = 0.449 

-----------------------------------------------------------------------------
-----------------------------------------------------------------------------

Input image     : /mnt/c/Users/lenovo/Desktop/Bhardwajetal_2024_nature_inclination_angle-main/cropped_host_galaxies/20220310F_flux.fits[1:100,1:100] 
Init. par. file : galfit.feedme 
Restart file    : galfit.05 
Output image    : out.fits 

 sersic    : (   50.21,    50.90)   23.47      5.51    0.50    0.73   -61.36
             (    0.41,     0.41)    0.13      0.43    0.12    0.07    12.62
 sky       : [ 50.50,  50.50]  -6.12e-04  [0.00e+00]  [0.00e+00]
                                2.64e-05  [0.00e+00]  [0.00e+00]
 Chi^2 = 4485.76979,  ndof = 9992
 Chi^2/nu = 0.449 

-----------------------------------------------------------------------------
-----------------------------------------------------------------------------

Input image     : /mnt/c/Users/lenovo/Desktop/Bhardwajetal_2024_nature_inclination_angle-main/cropped_host_galaxies/20220310F_flux.fits[1:100,1:100] 
Init. par. file : galfit.feedme 
Restart file    : galfit.06 
Output image    : out.fits 

 sersic    : (   50.27,    51.24)   23.63      5.11   [1.00]   0.62   -60.78
             (    0.49,     0.33)    0.15      0.70   [0.00]   0.09     9.91
 sky       : [ 50.50,  50.50]  -6.19e-04  [0.00e+00]  [0.00e+00]
                                2.64e-05  [0.00e+00]  [0.00e+00]
 Chi^2 = 4490.85946,  ndof = 9993
 Chi^2/nu = 0.449 

-----------------------------------------------------------------------------
-----------------------------------------------------------------------------

Input image     : /mnt/c/Users/lenovo/Desktop/Bhardwajetal_2024_nature_inclination_angle-main/cropped_host_galaxies/20220310F_flux.fits[1:100,1:100] 
Init. par. file : galfit.feedme 
Restart file    : galfit.07 
Output image    : out.fits 

 sersic    : (   50.27,    51.24)   23.63      5.11   [1.00]   0.62   -60.78
             (    0.49,     0.33)    0.15      0.70   [0.00]   0.09     9.91
 sky       : [ 50.50,  50.50]  -6.19e-04  [0.00e+00]  [0.00e+00]
                                2.64e-05  [0.00e+00]  [0.00e+00]
 Chi^2 = 4490.85946,  ndof = 9993
 Chi^2/nu = 0.449 

-----------------------------------------------------------------------------
-----------------------------------------------------------------------------

Input image     : /mnt/c/Users/lenovo/Desktop/Bhardwajetal_2024_nature_inclination_angle-main/cropped_host_galaxies/20220310F_flux.fits[1:100,1:100] 
Init. par. file : galfit.feedme 
Restart file    : galfit.08 
Output image    : out.fits 

 sersic    : (   50.27,    51.24)   23.63      5.11   [1.00]   0.62   -60.78
             (    0.49,     0.33)    0.15      0.70   [0.00]   0.09     9.91
 sky       : [ 50.50,  50.50]  -6.19e-04  [0.00e+00]  [0.00e+00]
                                2.64e-05  [0.00e+00]  [0.00e+00]
 Chi^2 = 4490.85946,  ndof = 9993
 Chi^2/nu = 0.449 

-----------------------------------------------------------------------------
-----------------------------------------------------------------------------

Input image     : /mnt/c/Users/lenovo/Desktop/Bhardwajetal_2024_nature_inclination_angle-main/cropped_host_galaxies/20220310F_flux.fits[1:100,1:100] 
Init. par. file : galfit.feedme 
Restart file    : galfit.09 
Output image    : out.fits 

 sersic    : (   50.27,    51.24)   23.63      5.11   [1.00]   0.62   -60.78
             (    0.49,     0.33)    0.15      0.70   [0.00]   0.09     9.91
 sky       : [ 50.50,  50.50]  -6.19e-04  [0.00e+00]  [0.00e+00]
                                2.64e-05  [0.00e+00]  [0.00e+00]
 Chi^2 = 4490.85946,  ndof = 9993
 Chi^2/nu = 0.449 

-----------------------------------------------------------------------------
