-----------------------------------------------------------------------------

Input image     : /mnt/c/Users/lenovo/Desktop/Bhardwajetal_2024_nature_inclination_angle-main/cropped_host_galaxies/20220920A_flux.fits[1:65,1:65] 
Init. par. file : galfit.feedme 
Restart file    : galfit.01 
Output image    : out.fits 

 sersic    : (   36.45,    36.35)   20.58      7.84    0.75    0.90    42.44
             (    0.01,     0.01)    0.00      0.03    0.00    0.00     0.93
 sky       : [ 33.00,  33.00]  1.49e-03  [0.00e+00]  [0.00e+00]
                                5.71e-05  [0.00e+00]  [0.00e+00]
 Chi^2 = 4685.77581,  ndof = 4217
 Chi^2/nu = 1.111 

-----------------------------------------------------------------------------
-----------------------------------------------------------------------------

Input image     : /mnt/c/Users/lenovo/Desktop/Bhardwajetal_2024_nature_inclination_angle-main/cropped_host_galaxies/20220920A_flux.fits[1:65,1:65] 
Init. par. file : galfit.feedme 
Restart file    : galfit.02 
Output image    : out.fits 

 sersic    : (   36.45,    36.35)   20.58      7.84    0.75    0.90    42.44
             (    0.01,     0.01)    0.00      0.03    0.00    0.00     0.93
 sky       : [ 33.00,  33.00]  1.49e-03  [0.00e+00]  [0.00e+00]
                                5.71e-05  [0.00e+00]  [0.00e+00]
 Chi^2 = 4685.77581,  ndof = 4217
 Chi^2/nu = 1.111 

-----------------------------------------------------------------------------
-----------------------------------------------------------------------------

Input image     : /mnt/c/Users/lenovo/Desktop/Bhardwajetal_2024_nature_inclination_angle-main/cropped_host_galaxies/20220920A_flux.fits[1:65,1:65] 
Init. par. file : galfit.feedme 
Restart file    : galfit.03 
Output image    : out.fits 

 sersic    : (   36.46,    36.36)   20.44      8.91   [1.00]   0.90    42.63
             (    0.01,     0.01)    0.00      0.04   [0.00]   0.00     1.14
 sky       : [ 33.00,  33.00]  -3.36e-04  [0.00e+00]  [0.00e+00]
                                6.91e-05  [0.00e+00]  [0.00e+00]
 Chi^2 = 6864.52888,  ndof = 4218
 Chi^2/nu = 1.627 

-----------------------------------------------------------------------------
-----------------------------------------------------------------------------

Input image     : /mnt/c/Users/lenovo/Desktop/Bhardwajetal_2024_nature_inclination_angle-main/cropped_host_galaxies/20220920A_flux.fits[1:65,1:65] 
Init. par. file : galfit.feedme 
Restart file    : galfit.04 
Output image    : out.fits 

 sersic    : (   36.46,    36.36)   20.44      8.91   [1.00]   0.90    42.63
             (    0.01,     0.01)    0.00      0.04   [0.00]   0.00     1.14
 sky       : [ 33.00,  33.00]  -3.36e-04  [0.00e+00]  [0.00e+00]
                                6.91e-05  [0.00e+00]  [0.00e+00]
 Chi^2 = 6864.52888,  ndof = 4218
 Chi^2/nu = 1.627 

-----------------------------------------------------------------------------
