-----------------------------------------------------------------------------

Input image     : /mnt/c/Users/lenovo/Desktop/Bhardwajetal_2024_nature_inclination_angle-main/cropped_host_galaxies/20180924B_flux.fits[1:56,1:56] 
Init. par. file : galfit.feedme 
Restart file    : galfit.01 
Output image    : out.fits 

 sersic    : (   28.52,    28.49)   23.03      4.08    0.89    0.83   -21.11
             (    0.01,     0.01)    0.01      0.04    0.01    0.00     1.35
 sky       : [ 28.50,  28.50]  4.55e-04  [0.00e+00]  [0.00e+00]
                                3.49e-05  [0.00e+00]  [0.00e+00]
 Chi^2 = 2568.32920,  ndof = 3128
 Chi^2/nu = 0.821 

-----------------------------------------------------------------------------
-----------------------------------------------------------------------------

Input image     : /mnt/c/Users/lenovo/Desktop/Bhardwajetal_2024_nature_inclination_angle-main/cropped_host_galaxies/20180924B_flux.fits[1:56,1:56] 
Init. par. file : galfit.feedme 
Restart file    : galfit.02 
Output image    : out.fits 

 sersic    : (   28.52,    28.49)   23.03      4.08    0.89    0.83   -21.11
             (    0.01,     0.01)    0.01      0.04    0.01    0.00     1.35
 sky       : [ 28.50,  28.50]  4.55e-04  [0.00e+00]  [0.00e+00]
                                3.49e-05  [0.00e+00]  [0.00e+00]
 Chi^2 = 2568.32920,  ndof = 3128
 Chi^2/nu = 0.821 

-----------------------------------------------------------------------------
-----------------------------------------------------------------------------

Input image     : /mnt/c/Users/lenovo/Desktop/Bhardwajetal_2024_nature_inclination_angle-main/cropped_host_galaxies/20180924B_flux.fits[1:56,1:56] 
Init. par. file : galfit.feedme 
Restart file    : galfit.03 
Output image    : out.fits 

 sersic    : (   28.52,    28.49)   22.97      4.31   [1.00]   0.83   -21.15
             (    0.01,     0.01)    0.01      0.03   [0.00]   0.01     1.41
 sky       : [ 28.50,  28.50]  3.54e-04  [0.00e+00]  [0.00e+00]
                                3.52e-05  [0.00e+00]  [0.00e+00]
 Chi^2 = 2612.56741,  ndof = 3129
 Chi^2/nu = 0.835 

-----------------------------------------------------------------------------
-----------------------------------------------------------------------------

Input image     : /mnt/c/Users/lenovo/Desktop/Bhardwajetal_2024_nature_inclination_angle-main/cropped_host_galaxies/20180924B_flux.fits[1:56,1:56] 
Init. par. file : galfit.feedme 
Restart file    : galfit.04 
Output image    : out.fits 

 sersic    : (   28.52,    28.49)   22.97      4.31   [1.00]   0.83   -21.15
             (    0.01,     0.01)    0.01      0.03   [0.00]   0.01     1.41
 sky       : [ 28.50,  28.50]  3.54e-04  [0.00e+00]  [0.00e+00]
                                3.52e-05  [0.00e+00]  [0.00e+00]
 Chi^2 = 2612.56741,  ndof = 3129
 Chi^2/nu = 0.835 

-----------------------------------------------------------------------------
