-----------------------------------------------------------------------------

Input image     : /mnt/c/Users/lenovo/Desktop/Bhardwajetal_2024_nature_inclination_angle-main/cropped_host_galaxies/20220310F_flux.fits[1:100,1:100] 
Init. par. file : galfit.feedme 
Restart file    : galfit.01 
Output image    : out.fits 

 sersic    : (   50.43,    50.34)   23.25      4.76    1.87    0.68   -61.64
             (    0.06,     0.05)    0.03      0.22    0.19    0.03     3.35
 sky       : [ 50.50,  50.50]  -3.02e-06  [0.00e+00]  [0.00e+00]
                                2.98e-05  [0.00e+00]  [0.00e+00]
 Chi^2 = 7568.07458,  ndof = 9992
 Chi^2/nu = 0.757 

-----------------------------------------------------------------------------
-----------------------------------------------------------------------------

Input image     : /mnt/c/Users/lenovo/Desktop/Bhardwajetal_2024_nature_inclination_angle-main/cropped_host_galaxies/20220310F_flux.fits[1:100,1:100] 
Init. par. file : galfit.feedme 
Restart file    : galfit.02 
Output image    : out.fits 

 sersic    : (   50.43,    50.34)   23.25      4.76    1.87    0.68   -61.64
             (    0.06,     0.05)    0.03      0.22    0.19    0.03     3.35
 sky       : [ 50.50,  50.50]  -3.02e-06  [0.00e+00]  [0.00e+00]
                                2.98e-05  [0.00e+00]  [0.00e+00]
 Chi^2 = 7568.07458,  ndof = 9992
 Chi^2/nu = 0.757 

-----------------------------------------------------------------------------
-----------------------------------------------------------------------------

Input image     : /mnt/c/Users/lenovo/Desktop/Bhardwajetal_2024_nature_inclination_angle-main/cropped_host_galaxies/20220310F_flux.fits[1:100,1:100] 
Init. par. file : galfit.feedme 
Restart file    : galfit.03 
Output image    : out.fits 

 sersic    : (   50.41,    50.33)   23.37      4.30   [1.00]   0.69   -61.41
             (    0.06,     0.05)    0.01      0.12   [0.00]   0.02     3.08
 sky       : [ 50.50,  50.50]  4.79e-05  [0.00e+00]  [0.00e+00]
                                2.99e-05  [0.00e+00]  [0.00e+00]
 Chi^2 = 7590.23864,  ndof = 9993
 Chi^2/nu = 0.760 

-----------------------------------------------------------------------------
