-----------------------------------------------------------------------------

Input image     : /mnt/c/Users/lenovo/Desktop/Bhardwajetal_2024_nature_inclination_angle-main/cropped_host_galaxies/20220920A_flux.fits[1:65,1:65] 
Init. par. file : galfit.feedme 
Restart file    : galfit.01 
Output image    : out.fits 

 sersic    : (   36.49,    36.34)   20.54      6.97    1.01    0.86    46.43
             (    0.10,     0.09)    0.02      0.15    0.04    0.01     3.86
 sky       : [ 33.00,  33.00]  5.19e-04  [0.00e+00]  [0.00e+00]
                                4.79e-05  [0.00e+00]  [0.00e+00]
 Chi^2 = 745.99698,  ndof = 4217
 Chi^2/nu = 0.177 

-----------------------------------------------------------------------------
-----------------------------------------------------------------------------

Input image     : /mnt/c/Users/lenovo/Desktop/Bhardwajetal_2024_nature_inclination_angle-main/cropped_host_galaxies/20220920A_flux.fits[1:65,1:65] 
Init. par. file : galfit.feedme 
Restart file    : galfit.02 
Output image    : out.fits 

 sersic    : (   36.49,    36.34)   20.54      6.97    1.01    0.86    46.43
             (    0.10,     0.09)    0.02      0.15    0.04    0.01     3.86
 sky       : [ 33.00,  33.00]  5.19e-04  [0.00e+00]  [0.00e+00]
                                4.79e-05  [0.00e+00]  [0.00e+00]
 Chi^2 = 745.99698,  ndof = 4217
 Chi^2/nu = 0.177 

-----------------------------------------------------------------------------
-----------------------------------------------------------------------------

Input image     : /mnt/c/Users/lenovo/Desktop/Bhardwajetal_2024_nature_inclination_angle-main/cropped_host_galaxies/20220920A_flux.fits[1:65,1:65] 
Init. par. file : galfit.feedme 
Restart file    : galfit.03 
Output image    : out.fits 

 sersic    : (   36.49,    36.34)   20.54      6.97    1.01    0.86    46.43
             (    0.10,     0.09)    0.02      0.15    0.04    0.01     3.86
 sky       : [ 33.00,  33.00]  5.19e-04  [0.00e+00]  [0.00e+00]
                                4.79e-05  [0.00e+00]  [0.00e+00]
 Chi^2 = 745.99698,  ndof = 4217
 Chi^2/nu = 0.177 

-----------------------------------------------------------------------------
-----------------------------------------------------------------------------

Input image     : /mnt/c/Users/lenovo/Desktop/Bhardwajetal_2024_nature_inclination_angle-main/cropped_host_galaxies/20220920A_flux.fits[1:65,1:65] 
Init. par. file : galfit.feedme 
Restart file    : galfit.04 
Output image    : out.fits 

 sersic    : (   36.49,    36.34)   20.54      6.97    1.01    0.86    46.43
             (    0.10,     0.09)    0.02      0.15    0.04    0.01     3.86
 sky       : [ 33.00,  33.00]  5.19e-04  [0.00e+00]  [0.00e+00]
                                4.79e-05  [0.00e+00]  [0.00e+00]
 Chi^2 = 745.99698,  ndof = 4217
 Chi^2/nu = 0.177 

-----------------------------------------------------------------------------
-----------------------------------------------------------------------------

Input image     : /mnt/c/Users/lenovo/Desktop/Bhardwajetal_2024_nature_inclination_angle-main/cropped_host_galaxies/20220920A_flux.fits[1:65,1:65] 
Init. par. file : galfit.feedme 
Restart file    : galfit.05 
Output image    : out.fits 

 sersic    : (   36.49,    36.34)   20.54      6.97    1.01    0.86    46.43
             (    0.10,     0.09)    0.02      0.15    0.04    0.01     3.86
 sky       : [ 33.00,  33.00]  5.19e-04  [0.00e+00]  [0.00e+00]
                                4.79e-05  [0.00e+00]  [0.00e+00]
 Chi^2 = 745.99698,  ndof = 4217
 Chi^2/nu = 0.177 

-----------------------------------------------------------------------------
-----------------------------------------------------------------------------

Input image     : /mnt/c/Users/lenovo/Desktop/Bhardwajetal_2024_nature_inclination_angle-main/cropped_host_galaxies/20220920A_flux.fits[1:65,1:65] 
Init. par. file : galfit.feedme 
Restart file    : galfit.06 
Output image    : out.fits 

 sersic    : (   36.49,    36.34)   20.54      6.99   [1.00]   0.86    46.43
             (    0.09,     0.09)    0.02      0.11   [0.00]   0.01     3.86
 sky       : [ 33.00,  33.00]  5.27e-04  [0.00e+00]  [0.00e+00]
                                4.66e-05  [0.00e+00]  [0.00e+00]
 Chi^2 = 746.00305,  ndof = 4218
 Chi^2/nu = 0.177 

-----------------------------------------------------------------------------
-----------------------------------------------------------------------------

Input image     : /mnt/c/Users/lenovo/Desktop/Bhardwajetal_2024_nature_inclination_angle-main/cropped_host_galaxies/20220920A_flux.fits[1:65,1:65] 
Init. par. file : galfit.feedme 
Restart file    : galfit.07 
Output image    : out.fits 

 sersic    : (   36.49,    36.34)   20.54      6.99   [1.00]   0.86    46.43
             (    0.09,     0.09)    0.02      0.11   [0.00]   0.01     3.86
 sky       : [ 33.00,  33.00]  5.27e-04  [0.00e+00]  [0.00e+00]
                                4.66e-05  [0.00e+00]  [0.00e+00]
 Chi^2 = 746.00305,  ndof = 4218
 Chi^2/nu = 0.177 

-----------------------------------------------------------------------------
-----------------------------------------------------------------------------

Input image     : /mnt/c/Users/lenovo/Desktop/Bhardwajetal_2024_nature_inclination_angle-main/cropped_host_galaxies/20220920A_flux.fits[1:65,1:65] 
Init. par. file : galfit.feedme 
Restart file    : galfit.08 
Output image    : out.fits 

 sersic    : (   36.49,    36.34)   20.54      6.99   [1.00]   0.86    46.43
             (    0.09,     0.09)    0.02      0.11   [0.00]   0.01     3.86
 sky       : [ 33.00,  33.00]  5.27e-04  [0.00e+00]  [0.00e+00]
                                4.66e-05  [0.00e+00]  [0.00e+00]
 Chi^2 = 746.00305,  ndof = 4218
 Chi^2/nu = 0.177 

-----------------------------------------------------------------------------
-----------------------------------------------------------------------------

Input image     : /mnt/c/Users/lenovo/Desktop/Bhardwajetal_2024_nature_inclination_angle-main/cropped_host_galaxies/20220920A_flux.fits[1:65,1:65] 
Init. par. file : galfit.feedme 
Restart file    : galfit.09 
Output image    : out.fits 

 sersic    : (   36.49,    36.34)   20.54      6.99   [1.00]   0.86    46.43
             (    0.09,     0.09)    0.02      0.11   [0.00]   0.01     3.86
 sky       : [ 33.00,  33.00]  5.27e-04  [0.00e+00]  [0.00e+00]
                                4.66e-05  [0.00e+00]  [0.00e+00]
 Chi^2 = 746.00305,  ndof = 4218
 Chi^2/nu = 0.177 

-----------------------------------------------------------------------------
