-----------------------------------------------------------------------------

Input image     : /mnt/c/Users/lenovo/Desktop/Bhardwajetal_2024_nature_inclination_angle-main/cropped_host_galaxies/20220825A_flux.fits[1:80,1:80] 
Init. par. file : galfit.feedme 
Restart file    : galfit.01 
Output image    : out.fits 

 sersic    : (   39.58,    39.63)   19.96      5.64    0.75    0.63    44.36
             (    0.17,     0.17)    0.04      0.40    0.16    0.05     6.30
 sky       : [ 40.50,  40.50]     7.60  [0.00e+00]  [0.00e+00]
                                  1.91  [0.00e+00]  [0.00e+00]
 Chi^2 = 1655626722456.35254,  ndof = 6392
 Chi^2/nu = 259015444.690 

-----------------------------------------------------------------------------
-----------------------------------------------------------------------------

Input image     : /mnt/c/Users/lenovo/Desktop/Bhardwajetal_2024_nature_inclination_angle-main/cropped_host_galaxies/20220825A_flux.fits[1:80,1:80] 
Init. par. file : galfit.feedme 
Restart file    : galfit.02 
Output image    : out.fits 

 sersic    : (   39.58,    39.63)   19.96      5.64    0.75    0.63    44.37
             (    0.17,     0.17)    0.04      0.40    0.16    0.05     6.29
 sky       : [ 40.50,  40.50]     7.60  [0.00e+00]  [0.00e+00]
                                  1.91  [0.00e+00]  [0.00e+00]
 Chi^2 = 2869001.46203,  ndof = 6392
 Chi^2/nu = 448.843 

-----------------------------------------------------------------------------
-----------------------------------------------------------------------------

Input image     : /mnt/c/Users/lenovo/Desktop/Bhardwajetal_2024_nature_inclination_angle-main/cropped_host_galaxies/20220825A_flux.fits[1:80,1:80] 
Init. par. file : galfit.feedme 
Restart file    : galfit.03 
Output image    : out.fits 

 sersic    : (   39.60,    39.63)   19.91      5.89   [1.00]   0.63    44.62
             (    0.17,     0.17)    0.04      0.44   [0.00]   0.05     6.50
 sky       : [ 40.50,  40.50]     7.02  [0.00e+00]  [0.00e+00]
                                  1.89  [0.00e+00]  [0.00e+00]
 Chi^2 = 1655886720000.43506,  ndof = 6393
 Chi^2/nu = 259015598.311 

-----------------------------------------------------------------------------
