-----------------------------------------------------------------------------

Input image     : /mnt/c/Users/lenovo/Desktop/Bhardwajetal_2024_nature_inclination_angle-main/cropped_host_galaxies/20220920A_flux.fits[1:65,1:65] 
Init. par. file : galfit.feedme 
Restart file    : galfit.01 
Output image    : out.fits 

 sersic    : (   36.47,    36.13)   20.55      8.08    0.80    0.89    44.78
             (    0.08,     0.09)    0.02      0.10    0.03    0.01     4.06
 sky       : [ 33.00,  33.00]  5.87e-04  [0.00e+00]  [0.00e+00]
                                4.66e-05  [0.00e+00]  [0.00e+00]
 Chi^2 = 746.51054,  ndof = 4217
 Chi^2/nu = 0.177 

-----------------------------------------------------------------------------
-----------------------------------------------------------------------------

Input image     : /mnt/c/Users/lenovo/Desktop/Bhardwajetal_2024_nature_inclination_angle-main/cropped_host_galaxies/20220920A_flux.fits[1:65,1:65] 
Init. par. file : galfit.feedme 
Restart file    : galfit.02 
Output image    : out.fits 

 sersic    : (   36.47,    36.13)   20.55      8.08    0.80    0.89    44.78
             (    0.08,     0.09)    0.02      0.10    0.03    0.01     4.06
 sky       : [ 33.00,  33.00]  5.87e-04  [0.00e+00]  [0.00e+00]
                                4.66e-05  [0.00e+00]  [0.00e+00]
 Chi^2 = 746.51054,  ndof = 4217
 Chi^2/nu = 0.177 

-----------------------------------------------------------------------------
-----------------------------------------------------------------------------

Input image     : /mnt/c/Users/lenovo/Desktop/Bhardwajetal_2024_nature_inclination_angle-main/cropped_host_galaxies/20220920A_flux.fits[1:65,1:65] 
Init. par. file : galfit.feedme 
Restart file    : galfit.03 
Output image    : out.fits 

 sersic    : (   36.47,    36.13)   20.55      8.08    0.80    0.89    44.78
             (    0.08,     0.09)    0.02      0.10    0.03    0.01     4.06
 sky       : [ 33.00,  33.00]  5.87e-04  [0.00e+00]  [0.00e+00]
                                4.66e-05  [0.00e+00]  [0.00e+00]
 Chi^2 = 746.51054,  ndof = 4217
 Chi^2/nu = 0.177 

-----------------------------------------------------------------------------
-----------------------------------------------------------------------------

Input image     : /mnt/c/Users/lenovo/Desktop/Bhardwajetal_2024_nature_inclination_angle-main/cropped_host_galaxies/20220920A_flux.fits[1:65,1:65] 
Init. par. file : galfit.feedme 
Restart file    : galfit.04 
Output image    : out.fits 

 sersic    : (   36.47,    36.13)   20.55      8.08    0.80    0.89    44.78
             (    0.08,     0.09)    0.02      0.10    0.03    0.01     4.06
 sky       : [ 33.00,  33.00]  5.87e-04  [0.00e+00]  [0.00e+00]
                                4.66e-05  [0.00e+00]  [0.00e+00]
 Chi^2 = 746.51054,  ndof = 4217
 Chi^2/nu = 0.177 

-----------------------------------------------------------------------------
-----------------------------------------------------------------------------

Input image     : /mnt/c/Users/lenovo/Desktop/Bhardwajetal_2024_nature_inclination_angle-main/cropped_host_galaxies/20220920A_flux.fits[1:65,1:65] 
Init. par. file : galfit.feedme 
Restart file    : galfit.05 
Output image    : out.fits 

 sersic    : (   36.47,    36.13)   20.55      8.08    0.80    0.89    44.78
             (    0.08,     0.09)    0.02      0.10    0.03    0.01     4.06
 sky       : [ 33.00,  33.00]  5.87e-04  [0.00e+00]  [0.00e+00]
                                4.66e-05  [0.00e+00]  [0.00e+00]
 Chi^2 = 746.51054,  ndof = 4217
 Chi^2/nu = 0.177 

-----------------------------------------------------------------------------
-----------------------------------------------------------------------------

Input image     : /mnt/c/Users/lenovo/Desktop/Bhardwajetal_2024_nature_inclination_angle-main/cropped_host_galaxies/20220920A_flux.fits[1:65,1:65] 
Init. par. file : galfit.feedme 
Restart file    : galfit.06 
Output image    : out.fits 

 sersic    : (   36.56,    36.06)   20.57      7.86   [1.00]   0.88    45.21
             (    0.07,     0.08)    0.02      0.09   [0.00]   0.01     3.75
 sky       : [ 33.00,  33.00]  3.64e-04  [0.00e+00]  [0.00e+00]
                                4.68e-05  [0.00e+00]  [0.00e+00]
 Chi^2 = 753.09699,  ndof = 4218
 Chi^2/nu = 0.179 

-----------------------------------------------------------------------------
-----------------------------------------------------------------------------

Input image     : /mnt/c/Users/lenovo/Desktop/Bhardwajetal_2024_nature_inclination_angle-main/cropped_host_galaxies/20220920A_flux.fits[1:65,1:65] 
Init. par. file : galfit.feedme 
Restart file    : galfit.07 
Output image    : out.fits 

 sersic    : (   36.56,    36.06)   20.57      7.86   [1.00]   0.88    45.21
             (    0.07,     0.08)    0.02      0.09   [0.00]   0.01     3.75
 sky       : [ 33.00,  33.00]  3.64e-04  [0.00e+00]  [0.00e+00]
                                4.68e-05  [0.00e+00]  [0.00e+00]
 Chi^2 = 753.09699,  ndof = 4218
 Chi^2/nu = 0.179 

-----------------------------------------------------------------------------
-----------------------------------------------------------------------------

Input image     : /mnt/c/Users/lenovo/Desktop/Bhardwajetal_2024_nature_inclination_angle-main/cropped_host_galaxies/20220920A_flux.fits[1:65,1:65] 
Init. par. file : galfit.feedme 
Restart file    : galfit.08 
Output image    : out.fits 

 sersic    : (   36.56,    36.06)   20.57      7.86   [1.00]   0.88    45.21
             (    0.07,     0.08)    0.02      0.09   [0.00]   0.01     3.75
 sky       : [ 33.00,  33.00]  3.64e-04  [0.00e+00]  [0.00e+00]
                                4.68e-05  [0.00e+00]  [0.00e+00]
 Chi^2 = 753.09699,  ndof = 4218
 Chi^2/nu = 0.179 

-----------------------------------------------------------------------------
-----------------------------------------------------------------------------

Input image     : /mnt/c/Users/lenovo/Desktop/Bhardwajetal_2024_nature_inclination_angle-main/cropped_host_galaxies/20220920A_flux.fits[1:65,1:65] 
Init. par. file : galfit.feedme 
Restart file    : galfit.09 
Output image    : out.fits 

 sersic    : (   36.56,    36.06)   20.57      7.86   [1.00]   0.88    45.21
             (    0.07,     0.08)    0.02      0.09   [0.00]   0.01     3.75
 sky       : [ 33.00,  33.00]  3.64e-04  [0.00e+00]  [0.00e+00]
                                4.68e-05  [0.00e+00]  [0.00e+00]
 Chi^2 = 753.09699,  ndof = 4218
 Chi^2/nu = 0.179 

-----------------------------------------------------------------------------
