-----------------------------------------------------------------------------

Input image     : /mnt/c/Users/lenovo/Desktop/Bhardwajetal_2024_nature_inclination_angle-main/cropped_host_galaxies/20190102C_flux.fits[1:46,1:46] 
Init. par. file : galfit.feedme 
Restart file    : galfit.01 
Output image    : out.fits 

 sersic    : (   23.20,    22.70)   24.53      6.03    6.00    0.42   -84.63
             (    0.92,     0.86)    0.75      7.64   12.37    0.13     7.75
 sky       : [ 23.50,  23.50]  -1.78e-04  [0.00e+00]  [0.00e+00]
                                9.64e-05  [0.00e+00]  [0.00e+00]
 Chi^2 = 718.54577,  ndof = 2108
 Chi^2/nu = 0.341 

-----------------------------------------------------------------------------
-----------------------------------------------------------------------------

Input image     : /mnt/c/Users/lenovo/Desktop/Bhardwajetal_2024_nature_inclination_angle-main/cropped_host_galaxies/20190102C_flux.fits[1:46,1:46] 
Init. par. file : galfit.feedme 
Restart file    : galfit.02 
Output image    : out.fits 

 sersic    : (   23.32,    22.71)   24.33      3.01    0.50   *0.06*    3.82
             (    1.54,     1.63)    4.37     14.06   13.21   *3.15*  106.43
 sky       : [ 23.50,  23.50]  -9.02e-05  [0.00e+00]  [0.00e+00]
                                4.02e-05  [0.00e+00]  [0.00e+00]
 Chi^2 = 710.91912,  ndof = 2108
 Chi^2/nu = 0.337 

-----------------------------------------------------------------------------
-----------------------------------------------------------------------------

Input image     : /mnt/c/Users/lenovo/Desktop/Bhardwajetal_2024_nature_inclination_angle-main/cropped_host_galaxies/20190102C_flux.fits[1:46,1:46] 
Init. par. file : galfit.feedme 
Restart file    : galfit.03 
Output image    : out.fits 

 sersic    : (   23.32,    22.71)   24.33      3.01    0.50   *0.06*    3.82
             (    1.54,     1.63)    4.37     14.06   13.21   *3.15*  106.43
 sky       : [ 23.50,  23.50]  -9.02e-05  [0.00e+00]  [0.00e+00]
                                4.02e-05  [0.00e+00]  [0.00e+00]
 Chi^2 = 710.91912,  ndof = 2108
 Chi^2/nu = 0.337 

-----------------------------------------------------------------------------
-----------------------------------------------------------------------------

Input image     : /mnt/c/Users/lenovo/Desktop/Bhardwajetal_2024_nature_inclination_angle-main/cropped_host_galaxies/20190102C_flux.fits[1:46,1:46] 
Init. par. file : galfit.feedme 
Restart file    : galfit.04 
Output image    : out.fits 

 sersic    : (   23.32,    22.71)   24.33      3.01    0.50   *0.06*    3.82
             (    1.54,     1.63)    4.37     14.06   13.21   *3.15*  106.43
 sky       : [ 23.50,  23.50]  -9.02e-05  [0.00e+00]  [0.00e+00]
                                4.02e-05  [0.00e+00]  [0.00e+00]
 Chi^2 = 710.91912,  ndof = 2108
 Chi^2/nu = 0.337 

-----------------------------------------------------------------------------
-----------------------------------------------------------------------------

Input image     : /mnt/c/Users/lenovo/Desktop/Bhardwajetal_2024_nature_inclination_angle-main/cropped_host_galaxies/20190102C_flux.fits[1:46,1:46] 
Init. par. file : galfit.feedme 
Restart file    : galfit.05 
Output image    : out.fits 

 sersic    : (   23.32,    22.71)   24.33      3.01    0.50   *0.06*    3.82
             (    1.54,     1.63)    4.37     14.06   13.21   *3.15*  106.43
 sky       : [ 23.50,  23.50]  -9.02e-05  [0.00e+00]  [0.00e+00]
                                4.02e-05  [0.00e+00]  [0.00e+00]
 Chi^2 = 710.91912,  ndof = 2108
 Chi^2/nu = 0.337 

-----------------------------------------------------------------------------
-----------------------------------------------------------------------------

Input image     : /mnt/c/Users/lenovo/Desktop/Bhardwajetal_2024_nature_inclination_angle-main/cropped_host_galaxies/20190102C_flux.fits[1:46,1:46] 
Init. par. file : galfit.feedme 
Restart file    : galfit.06 
Output image    : out.fits 

 sersic    : (  [23.43],  [23.09])  24.45      3.01   [1.00]   0.26   -60.85
             (   [0.00],   [0.00])   0.17      0.40   [0.00]   0.44    11.61
 sky       : [ 23.50,  23.50]  -8.37e-05  [0.00e+00]  [0.00e+00]
                                4.02e-05  [0.00e+00]  [0.00e+00]
 Chi^2 = 714.37580,  ndof = 2111
 Chi^2/nu = 0.338 

-----------------------------------------------------------------------------
-----------------------------------------------------------------------------

Input image     : /mnt/c/Users/lenovo/Desktop/Bhardwajetal_2024_nature_inclination_angle-main/cropped_host_galaxies/20190102C_flux.fits[1:46,1:46] 
Init. par. file : galfit.feedme 
Restart file    : galfit.07 
Output image    : out.fits 

 sersic    : (  [23.43],  [23.09])  24.45      3.01   [1.00]   0.26   -60.85
             (   [0.00],   [0.00])   0.17      0.40   [0.00]   0.44    11.61
 sky       : [ 23.50,  23.50]  -8.37e-05  [0.00e+00]  [0.00e+00]
                                4.02e-05  [0.00e+00]  [0.00e+00]
 Chi^2 = 714.37580,  ndof = 2111
 Chi^2/nu = 0.338 

-----------------------------------------------------------------------------
-----------------------------------------------------------------------------

Input image     : /mnt/c/Users/lenovo/Desktop/Bhardwajetal_2024_nature_inclination_angle-main/cropped_host_galaxies/20190102C_flux.fits[1:46,1:46] 
Init. par. file : galfit.feedme 
Restart file    : galfit.08 
Output image    : out.fits 

 sersic    : (  [23.43],  [23.09])  24.45      3.01   [1.00]   0.26   -60.85
             (   [0.00],   [0.00])   0.17      0.40   [0.00]   0.44    11.61
 sky       : [ 23.50,  23.50]  -8.37e-05  [0.00e+00]  [0.00e+00]
                                4.02e-05  [0.00e+00]  [0.00e+00]
 Chi^2 = 714.37580,  ndof = 2111
 Chi^2/nu = 0.338 

-----------------------------------------------------------------------------
-----------------------------------------------------------------------------

Input image     : /mnt/c/Users/lenovo/Desktop/Bhardwajetal_2024_nature_inclination_angle-main/cropped_host_galaxies/20190102C_flux.fits[1:46,1:46] 
Init. par. file : galfit.feedme 
Restart file    : galfit.09 
Output image    : out.fits 

 sersic    : (  [23.43],  [23.09])  24.45      3.01   [1.00]   0.26   -60.85
             (   [0.00],   [0.00])   0.17      0.40   [0.00]   0.44    11.61
 sky       : [ 23.50,  23.50]  -8.37e-05  [0.00e+00]  [0.00e+00]
                                4.02e-05  [0.00e+00]  [0.00e+00]
 Chi^2 = 714.37580,  ndof = 2111
 Chi^2/nu = 0.338 

-----------------------------------------------------------------------------
-----------------------------------------------------------------------------

Input image     : /mnt/c/Users/lenovo/Desktop/Bhardwajetal_2024_nature_inclination_angle-main/cropped_host_galaxies/20190102C_flux.fits[1:46,1:46] 
Init. par. file : galfit.feedme 
Restart file    : galfit.10 
Output image    : out.fits 

 sersic    : (  [23.43],  [23.09])  24.45      3.01   [1.00]   0.26   -60.85
             (   [0.00],   [0.00])   0.17      0.40   [0.00]   0.44    11.61
 sky       : [ 23.50,  23.50]  -8.37e-05  [0.00e+00]  [0.00e+00]
                                4.02e-05  [0.00e+00]  [0.00e+00]
 Chi^2 = 714.37580,  ndof = 2111
 Chi^2/nu = 0.338 

-----------------------------------------------------------------------------
-----------------------------------------------------------------------------

Input image     : /mnt/c/Users/lenovo/Desktop/Bhardwajetal_2024_nature_inclination_angle-main/cropped_host_galaxies/20190102C_flux.fits[1:46,1:46] 
Init. par. file : galfit.feedme 
Restart file    : galfit.11 
Output image    : out.fits 

 sersic    : (  [23.43],  [23.09])  24.45      3.01   [1.00]   0.26   -60.85
             (   [0.00],   [0.00])   0.17      0.40   [0.00]   0.44    11.61
 sky       : [ 23.50,  23.50]  -8.37e-05  [0.00e+00]  [0.00e+00]
                                4.02e-05  [0.00e+00]  [0.00e+00]
 Chi^2 = 714.37580,  ndof = 2111
 Chi^2/nu = 0.338 

-----------------------------------------------------------------------------
-----------------------------------------------------------------------------

Input image     : /mnt/c/Users/lenovo/Desktop/Bhardwajetal_2024_nature_inclination_angle-main/cropped_host_galaxies/20190102C_flux.fits[1:46,1:46] 
Init. par. file : galfit.feedme 
Restart file    : galfit.12 
Output image    : out.fits 

 sersic    : (  [23.43],  [23.09])  24.45      3.01   [1.00]   0.26   -60.85
             (   [0.00],   [0.00])   0.17      0.40   [0.00]   0.44    11.61
 sky       : [ 23.50,  23.50]  -8.37e-05  [0.00e+00]  [0.00e+00]
                                4.02e-05  [0.00e+00]  [0.00e+00]
 Chi^2 = 714.37580,  ndof = 2111
 Chi^2/nu = 0.338 

-----------------------------------------------------------------------------
