-----------------------------------------------------------------------------

Input image     : /mnt/c/Users/lenovo/Desktop/Bhardwajetal_2024_nature_inclination_angle-main/cropped_host_galaxies/20190608B_flux.fits[1:81,1:77] 
Init. par. file : galfit.feedme 
Restart file    : galfit.01 
Output image    : out.fits 

 sersic    : (   41.40,    34.28)   20.11      5.66    1.97    0.84   -48.18
             (    0.09,     0.11)    0.03      0.19    0.10    0.02     5.03
 sky       : [ 41.00,  39.00]  5.27e-04  [0.00e+00]  [0.00e+00]
                                7.26e-05  [0.00e+00]  [0.00e+00]
 Chi^2 = 2297.28133,  ndof = 6229
 Chi^2/nu = 0.369 

-----------------------------------------------------------------------------
-----------------------------------------------------------------------------

Input image     : /mnt/c/Users/lenovo/Desktop/Bhardwajetal_2024_nature_inclination_angle-main/cropped_host_galaxies/20190608B_flux.fits[1:81,1:77] 
Init. par. file : galfit.feedme 
Restart file    : galfit.02 
Output image    : out.fits 

 sersic    : (   41.40,    34.28)   20.11      5.66    1.97    0.84   -48.18
             (    0.09,     0.11)    0.03      0.19    0.10    0.02     5.03
 sky       : [ 41.00,  39.00]  5.27e-04  [0.00e+00]  [0.00e+00]
                                7.26e-05  [0.00e+00]  [0.00e+00]
 Chi^2 = 2297.28133,  ndof = 6229
 Chi^2/nu = 0.369 

-----------------------------------------------------------------------------
-----------------------------------------------------------------------------

Input image     : /mnt/c/Users/lenovo/Desktop/Bhardwajetal_2024_nature_inclination_angle-main/cropped_host_galaxies/20190608B_flux.fits[1:81,1:77] 
Init. par. file : galfit.feedme 
Restart file    : galfit.03 
Output image    : out.fits 

 sersic    : (   41.40,    34.28)   20.11      5.66    1.97    0.84   -48.18
             (    0.09,     0.11)    0.03      0.19    0.10    0.02     5.03
 sky       : [ 41.00,  39.00]  5.27e-04  [0.00e+00]  [0.00e+00]
                                7.26e-05  [0.00e+00]  [0.00e+00]
 Chi^2 = 2297.28133,  ndof = 6229
 Chi^2/nu = 0.369 

-----------------------------------------------------------------------------
-----------------------------------------------------------------------------

Input image     : /mnt/c/Users/lenovo/Desktop/Bhardwajetal_2024_nature_inclination_angle-main/cropped_host_galaxies/20190608B_flux.fits[1:81,1:77] 
Init. par. file : galfit.feedme 
Restart file    : galfit.04 
Output image    : out.fits 

 sersic    : (   41.40,    34.28)   20.11      5.66    1.97    0.84   -48.18
             (    0.09,     0.11)    0.03      0.19    0.10    0.02     5.03
 sky       : [ 41.00,  39.00]  5.27e-04  [0.00e+00]  [0.00e+00]
                                7.26e-05  [0.00e+00]  [0.00e+00]
 Chi^2 = 2297.28133,  ndof = 6229
 Chi^2/nu = 0.369 

-----------------------------------------------------------------------------
-----------------------------------------------------------------------------

Input image     : /mnt/c/Users/lenovo/Desktop/Bhardwajetal_2024_nature_inclination_angle-main/cropped_host_galaxies/20190608B_flux.fits[1:81,1:77] 
Init. par. file : galfit.feedme 
Restart file    : galfit.05 
Output image    : out.fits 

 sersic    : (   41.40,    34.28)   20.11      5.66    1.97    0.84   -48.19
             (    0.09,     0.11)    0.03      0.19    0.10    0.02     5.03
 sky       : [ 41.00,  39.00]  5.27e-04  [0.00e+00]  [0.00e+00]
                                7.26e-05  [0.00e+00]  [0.00e+00]
 Chi^2 = 2297.28133,  ndof = 6229
 Chi^2/nu = 0.369 

-----------------------------------------------------------------------------
-----------------------------------------------------------------------------

Input image     : /mnt/c/Users/lenovo/Desktop/Bhardwajetal_2024_nature_inclination_angle-main/cropped_host_galaxies/20190608B_flux.fits[1:81,1:77] 
Init. par. file : galfit.feedme 
Restart file    : galfit.06 
Output image    : out.fits 

 sersic    : (   41.40,    34.28)   20.11      5.66    1.97    0.84   -48.19
             (    0.09,     0.11)    0.03      0.19    0.10    0.02     5.03
 sky       : [ 41.00,  39.00]  5.27e-04  [0.00e+00]  [0.00e+00]
                                7.26e-05  [0.00e+00]  [0.00e+00]
 Chi^2 = 2297.28133,  ndof = 6229
 Chi^2/nu = 0.369 

-----------------------------------------------------------------------------
-----------------------------------------------------------------------------

Input image     : /mnt/c/Users/lenovo/Desktop/Bhardwajetal_2024_nature_inclination_angle-main/cropped_host_galaxies/20190608B_flux.fits[1:81,1:77] 
Init. par. file : galfit.feedme 
Restart file    : galfit.07 
Output image    : out.fits 

 sersic    : (   41.47,    34.42)   20.16      6.74   [1.00]   0.85   -42.06
             (    0.11,     0.12)    0.03      0.16   [0.00]   0.02     5.63
 sky       : [ 41.00,  39.00]  1.01e-03  [0.00e+00]  [0.00e+00]
                                5.18e-05  [0.00e+00]  [0.00e+00]
 Chi^2 = 2333.62847,  ndof = 6230
 Chi^2/nu = 0.375 

-----------------------------------------------------------------------------
-----------------------------------------------------------------------------

Input image     : /mnt/c/Users/lenovo/Desktop/Bhardwajetal_2024_nature_inclination_angle-main/cropped_host_galaxies/20190608B_flux.fits[1:81,1:77] 
Init. par. file : galfit.feedme 
Restart file    : galfit.08 
Output image    : out.fits 

 sersic    : (   41.47,    34.42)   20.16      6.74   [1.00]   0.85   -42.06
             (    0.11,     0.12)    0.03      0.16   [0.00]   0.02     5.63
 sky       : [ 41.00,  39.00]  1.01e-03  [0.00e+00]  [0.00e+00]
                                5.18e-05  [0.00e+00]  [0.00e+00]
 Chi^2 = 2333.62847,  ndof = 6230
 Chi^2/nu = 0.375 

-----------------------------------------------------------------------------
-----------------------------------------------------------------------------

Input image     : /mnt/c/Users/lenovo/Desktop/Bhardwajetal_2024_nature_inclination_angle-main/cropped_host_galaxies/20190608B_flux.fits[1:81,1:77] 
Init. par. file : galfit.feedme 
Restart file    : galfit.09 
Output image    : out.fits 

 sersic    : (   41.47,    34.42)   20.16      6.74   [1.00]   0.85   -42.06
             (    0.11,     0.12)    0.03      0.16   [0.00]   0.02     5.63
 sky       : [ 41.00,  39.00]  1.01e-03  [0.00e+00]  [0.00e+00]
                                5.18e-05  [0.00e+00]  [0.00e+00]
 Chi^2 = 2333.62847,  ndof = 6230
 Chi^2/nu = 0.375 

-----------------------------------------------------------------------------
-----------------------------------------------------------------------------

Input image     : /mnt/c/Users/lenovo/Desktop/Bhardwajetal_2024_nature_inclination_angle-main/cropped_host_galaxies/20190608B_flux.fits[1:81,1:77] 
Init. par. file : galfit.feedme 
Restart file    : galfit.10 
Output image    : out.fits 

 sersic    : (   41.47,    34.42)   20.16      6.74   [1.00]   0.85   -42.06
             (    0.11,     0.12)    0.03      0.16   [0.00]   0.02     5.63
 sky       : [ 41.00,  39.00]  1.01e-03  [0.00e+00]  [0.00e+00]
                                5.18e-05  [0.00e+00]  [0.00e+00]
 Chi^2 = 2333.62847,  ndof = 6230
 Chi^2/nu = 0.375 

-----------------------------------------------------------------------------
