-----------------------------------------------------------------------------

Input image     : /mnt/c/Users/lenovo/Desktop/Bhardwajetal_2024_nature_inclination_angle-main/cropped_host_galaxies/20190611B_flux.fits[1:40,1:40] 
Init. par. file : galfit.feedme 
Restart file    : galfit.01 
Output image    : out.fits 

 sersic    : (   18.96,    15.42)   22.15     13.25    6.00   *0.06*   65.00
             (    0.35,     0.08)    0.41     11.71    4.13   *0.04*    1.86
 sky       : [ 20.50,  20.50]  9.84e-05  [0.00e+00]  [0.00e+00]
                                4.68e-05  [0.00e+00]  [0.00e+00]
 Chi^2 = 1362.47761,  ndof = 1592
 Chi^2/nu = 0.856 

-----------------------------------------------------------------------------
-----------------------------------------------------------------------------

Input image     : /mnt/c/Users/lenovo/Desktop/Bhardwajetal_2024_nature_inclination_angle-main/cropped_host_galaxies/20190611B_flux.fits[1:40,1:40] 
Init. par. file : galfit.feedme 
Restart file    : galfit.02 
Output image    : out.fits 

 sersic    : (   18.96,    15.42)   22.15     13.25    6.00   *0.06*   65.00
             (    0.35,     0.08)    0.41     11.71    4.13   *0.04*    1.86
 sky       : [ 20.50,  20.50]  9.84e-05  [0.00e+00]  [0.00e+00]
                                4.68e-05  [0.00e+00]  [0.00e+00]
 Chi^2 = 1362.47761,  ndof = 1592
 Chi^2/nu = 0.856 

-----------------------------------------------------------------------------
-----------------------------------------------------------------------------

Input image     : /mnt/c/Users/lenovo/Desktop/Bhardwajetal_2024_nature_inclination_angle-main/cropped_host_galaxies/20190611B_flux.fits[1:40,1:40] 
Init. par. file : galfit.feedme 
Restart file    : galfit.03 
Output image    : out.fits 

 sersic    : (   18.96,    15.42)   22.15     13.25    6.00   *0.06*   65.00
             (    0.35,     0.08)    0.41     11.71    4.13   *0.04*    1.86
 sky       : [ 20.50,  20.50]  9.84e-05  [0.00e+00]  [0.00e+00]
                                4.68e-05  [0.00e+00]  [0.00e+00]
 Chi^2 = 1362.47761,  ndof = 1592
 Chi^2/nu = 0.856 

-----------------------------------------------------------------------------
-----------------------------------------------------------------------------

Input image     : /mnt/c/Users/lenovo/Desktop/Bhardwajetal_2024_nature_inclination_angle-main/cropped_host_galaxies/20190611B_flux.fits[1:40,1:40] 
Init. par. file : galfit.feedme 
Restart file    : galfit.04 
Output image    : out.fits 

 sersic    : (   18.96,    15.42)   22.15     13.25    6.00   *0.06*   65.00
             (    0.35,     0.08)    0.41     11.71    4.13   *0.04*    1.86
 sky       : [ 20.50,  20.50]  9.84e-05  [0.00e+00]  [0.00e+00]
                                4.68e-05  [0.00e+00]  [0.00e+00]
 Chi^2 = 1362.47761,  ndof = 1592
 Chi^2/nu = 0.856 

-----------------------------------------------------------------------------
-----------------------------------------------------------------------------

Input image     : /mnt/c/Users/lenovo/Desktop/Bhardwajetal_2024_nature_inclination_angle-main/cropped_host_galaxies/20190611B_flux.fits[1:41,1:41] 
Init. par. file : galfit.feedme 
Restart file    : galfit.05 
Output image    : out.fits 

 sersic    : (   18.96,    15.40)   22.17     13.47    6.00   *0.05*   64.82
             (    0.35,     0.09)    0.41     12.23    4.40   *0.04*    1.52
 sky       : [ 21.00,  21.00]  1.32e-04  [0.00e+00]  [0.00e+00]
                                4.54e-05  [0.00e+00]  [0.00e+00]
 Chi^2 = 1417.18377,  ndof = 1673
 Chi^2/nu = 0.847 

-----------------------------------------------------------------------------
