-----------------------------------------------------------------------------

Input image     : /mnt/c/Users/lenovo/Desktop/Bhardwajetal_2024_nature_inclination_angle-main/cropped_host_galaxies/20220509G_flux.fits[1:120,1:68] 
Init. par. file : galfit.feedme 
Restart file    : galfit.01 
Output image    : out.fits 

 sersic    : (   73.98,    36.72)   19.07     13.23    0.60    0.46   -59.20
             (    0.08,     0.05)    0.01      0.12    0.01    0.00     0.40
 sky       : [ 60.50,  34.50]  6.10e-03  [0.00e+00]  [0.00e+00]
                                4.44e-04  [0.00e+00]  [0.00e+00]
 Chi^2 = 1382591.29052,  ndof = 8152
 Chi^2/nu = 169.601 

-----------------------------------------------------------------------------
-----------------------------------------------------------------------------

Input image     : /mnt/c/Users/lenovo/Desktop/Bhardwajetal_2024_nature_inclination_angle-main/cropped_host_galaxies/20220509G_flux.fits[1:120,1:68] 
Init. par. file : galfit.feedme 
Restart file    : galfit.02 
Output image    : out.fits 

 sersic    : (   73.98,    36.72)   19.07     13.23    0.60    0.46   -59.20
             (    0.08,     0.05)    0.01      0.12    0.01    0.00     0.40
 sky       : [ 60.50,  34.50]  6.10e-03  [0.00e+00]  [0.00e+00]
                                4.44e-04  [0.00e+00]  [0.00e+00]
 Chi^2 = 1382591.29052,  ndof = 8152
 Chi^2/nu = 169.601 

-----------------------------------------------------------------------------
-----------------------------------------------------------------------------

Input image     : /mnt/c/Users/lenovo/Desktop/Bhardwajetal_2024_nature_inclination_angle-main/cropped_host_galaxies/20220509G_flux.fits[1:120,1:68] 
Init. par. file : galfit.feedme 
Restart file    : galfit.03 
Output image    : out.fits 

 sersic    : (   78.41,    39.38)   19.26      6.81   [1.00]   0.75   -61.68
             (    0.03,     0.03)    0.01      0.07   [0.00]   0.01     1.10
 sky       : [ 60.50,  34.50]  1.13e-02  [0.00e+00]  [0.00e+00]
                                4.22e-04  [0.00e+00]  [0.00e+00]
 Chi^2 = 1247572.75741,  ndof = 8153
 Chi^2/nu = 153.020 

-----------------------------------------------------------------------------
-----------------------------------------------------------------------------

Input image     : /mnt/c/Users/lenovo/Desktop/Bhardwajetal_2024_nature_inclination_angle-main/cropped_host_galaxies/20220509G_flux.fits[1:120,1:68] 
Init. par. file : galfit.feedme 
Restart file    : galfit.04 
Output image    : out.fits 

 sersic    : (   78.41,    39.38)   19.26      6.81   [1.00]   0.75   -61.68
             (    0.03,     0.03)    0.01      0.07   [0.00]   0.01     1.10
 sky       : [ 60.50,  34.50]  1.13e-02  [0.00e+00]  [0.00e+00]
                                4.22e-04  [0.00e+00]  [0.00e+00]
 Chi^2 = 1247572.75741,  ndof = 8153
 Chi^2/nu = 153.020 

-----------------------------------------------------------------------------
