-----------------------------------------------------------------------------

Input image     : host_cutout.fits[1:47,1:70] 
Init. par. file : galfit.feedme 
Restart file    : galfit.01 
Output image    : out.fits 

 sersic    : (   24.85,    24.03)   26.62      1.50    2.47    0.67    65.29
             (    0.05,     0.04)    0.09      0.18    1.02    0.08    11.31
 sersic    : (   23.57,    46.88)   25.26      4.69    6.00    0.96   -67.96
             (    0.03,     0.03)    0.29      2.73    2.15    0.06    46.07
 sky       : [ 24.00,  35.50]    23.98  [0.00e+00]  [0.00e+00]
                                  2.25  [0.00e+00]  [0.00e+00]
 Chi^2 = 184959139.80788,  ndof = 3275
 Chi^2/nu = 56476.073 

-----------------------------------------------------------------------------
-----------------------------------------------------------------------------

Input image     : host_cutout.fits[1:47,1:70] 
Init. par. file : galfit.feedme 
Restart file    : galfit.02 
Output image    : out.fits 

 sersic    : (   24.89,    24.01)   26.54      1.50    2.98    0.75   -54.92
             (    0.05,     0.04)    0.05      0.14    0.98    0.07    12.23
 sersic    : (   23.56,    46.88)   25.89      1.50    6.00    0.96   -66.20
             (    0.04,     0.04)    0.08      0.16    1.76    0.06    53.16
 sky       : [ 24.00,  35.50]    -1.33  [0.00e+00]  [0.00e+00]
                                  0.39  [0.00e+00]  [0.00e+00]
 Chi^2 = 5079.77163,  ndof = 3275
 Chi^2/nu = 1.551 

-----------------------------------------------------------------------------
