-----------------------------------------------------------------------------

Input image     : /mnt/c/Users/lenovo/Desktop/Bhardwajetal_2024_nature_inclination_angle-main/cropped_host_galaxies/20210410D_flux.fits[1:24,1:30] 
Init. par. file : galfit.feedme 
Restart file    : galfit.01 
Output image    : out.fits 

 sersic    : (   18.53,    18.29)   24.08      2.99    1.38    0.16    45.93
             (    0.05,     0.04)    0.02      0.14    0.36    0.07     1.95
 sky       : [ 12.50,  15.50]  1.10e-03  [0.00e+00]  [0.00e+00]
                                7.74e-05  [0.00e+00]  [0.00e+00]
 Chi^2 = 595.51527,  ndof = 712
 Chi^2/nu = 0.836 

-----------------------------------------------------------------------------
-----------------------------------------------------------------------------

Input image     : /mnt/c/Users/lenovo/Desktop/Bhardwajetal_2024_nature_inclination_angle-main/cropped_host_galaxies/20210410D_flux.fits[1:24,1:30] 
Init. par. file : galfit.feedme 
Restart file    : galfit.02 
Output image    : out.fits 

 sersic    : (   18.53,    18.29)   24.08      2.99    1.38    0.16    45.93
             (    0.05,     0.04)    0.02      0.14    0.36    0.07     1.95
 sky       : [ 12.50,  15.50]  1.10e-03  [0.00e+00]  [0.00e+00]
                                7.74e-05  [0.00e+00]  [0.00e+00]
 Chi^2 = 595.51527,  ndof = 712
 Chi^2/nu = 0.836 

-----------------------------------------------------------------------------
-----------------------------------------------------------------------------

Input image     : /mnt/c/Users/lenovo/Desktop/Bhardwajetal_2024_nature_inclination_angle-main/cropped_host_galaxies/20210410D_flux.fits[1:24,1:30] 
Init. par. file : galfit.feedme 
Restart file    : galfit.03 
Output image    : out.fits 

 sersic    : (   18.52,    18.30)   24.13      2.99   [1.00]   0.14    45.00
             (    0.05,     0.04)    0.03      0.12   [0.00]   0.09     2.07
 sky       : [ 12.50,  15.50]  1.19e-03  [0.00e+00]  [0.00e+00]
                                7.77e-05  [0.00e+00]  [0.00e+00]
 Chi^2 = 601.52784,  ndof = 713
 Chi^2/nu = 0.844 

-----------------------------------------------------------------------------
