-----------------------------------------------------------------------------

Input image     : /mnt/c/Users/lenovo/Desktop/Bhardwajetal_2024_nature_inclination_angle-main/cropped_host_galaxies/20210807D_flux.fits[1:65,1:60] 
Init. par. file : galfit.feedme 
Restart file    : galfit.01 
Output image    : out.fits 

 sersic    : (   30.74,    32.01)   14.86    257.30    4.38    0.70   -88.42
             (    0.05,     0.04)    0.71    192.03    0.72    0.01     1.09
 sky       : [ 33.00,  30.50]  -158.15  [0.00e+00]  [0.00e+00]
                                 29.88  [0.00e+00]  [0.00e+00]
 Chi^2 = 655738968651.10754,  ndof = 3892
 Chi^2/nu = 168483804.895 

-----------------------------------------------------------------------------
-----------------------------------------------------------------------------

Input image     : /mnt/c/Users/lenovo/Desktop/Bhardwajetal_2024_nature_inclination_angle-main/cropped_host_galaxies/20210807D_flux.fits[1:65,1:60] 
Init. par. file : galfit.feedme 
Restart file    : galfit.02 
Output image    : out.fits 

 sersic    : (   30.74,    32.01)   14.86    257.30    4.38    0.70   -88.42
             (    0.05,     0.04)    0.71    192.03    0.72    0.01     1.09
 sky       : [ 33.00,  30.50]  -158.15  [0.00e+00]  [0.00e+00]
                                 29.88  [0.00e+00]  [0.00e+00]
 Chi^2 = 413192.06592,  ndof = 3892
 Chi^2/nu = 106.164 

-----------------------------------------------------------------------------
-----------------------------------------------------------------------------

Input image     : /mnt/c/Users/lenovo/Desktop/Bhardwajetal_2024_nature_inclination_angle-main/cropped_host_galaxies/20210807D_flux.fits[1:65,1:60] 
Init. par. file : galfit.feedme 
Restart file    : galfit.03 
Output image    : out.fits 

 sersic    : (   30.78,    31.95)   17.80     13.37   [1.00]   0.70   -86.14
             (    0.08,     0.06)    0.02      0.16   [0.00]   0.01     1.20
 sky       : [ 33.00,  30.50]    56.96  [0.00e+00]  [0.00e+00]
                                  4.29  [0.00e+00]  [0.00e+00]
 Chi^2 = 846274207240.34546,  ndof = 3893
 Chi^2/nu = 217383562.096 

-----------------------------------------------------------------------------
