-----------------------------------------------------------------------------

Input image     : /mnt/c/Users/lenovo/Desktop/Bhardwajetal_2024_nature_inclination_angle-main/cropped_host_galaxies/20220319D_flux.fits[1:143,1:139] 
Init. par. file : galfit.feedme 
Restart file    : galfit.01 
Output image    : out.fits 

 sersic    : (   76.63,    69.40)   14.88    120.85    6.00    0.74    62.51
             (    0.02,     0.02)    0.11     19.50    0.28    0.01     0.88
 sky       : [ 72.00,  70.00]    87.42  [0.00e+00]  [0.00e+00]
                                  3.11  [0.00e+00]  [0.00e+00]
 Chi^2 = 22817.75385,  ndof = 19869
 Chi^2/nu = 1.148 

-----------------------------------------------------------------------------
-----------------------------------------------------------------------------

Input image     : /mnt/c/Users/lenovo/Desktop/Bhardwajetal_2024_nature_inclination_angle-main/cropped_host_galaxies/20220319D_flux.fits[1:143,1:139] 
Init. par. file : galfit.feedme 
Restart file    : galfit.02 
Output image    : out.fits 

 sersic    : (   76.63,    69.40)   14.88    120.85    6.00    0.74    62.51
             (    0.02,     0.02)    0.11     19.50    0.28    0.01     0.88
 sky       : [ 72.00,  70.00]    87.42  [0.00e+00]  [0.00e+00]
                                  3.11  [0.00e+00]  [0.00e+00]
 Chi^2 = 22817.75385,  ndof = 19869
 Chi^2/nu = 1.148 

-----------------------------------------------------------------------------
-----------------------------------------------------------------------------

Input image     : /mnt/c/Users/lenovo/Desktop/Bhardwajetal_2024_nature_inclination_angle-main/cropped_host_galaxies/20220319D_flux.fits[1:143,1:139] 
Init. par. file : galfit.feedme 
Restart file    : galfit.03 
Output image    : out.fits 

 sersic    : (   76.64,    69.41)   15.75     42.43    6.00    0.77    61.69
             (    0.02,     0.01)    0.06      4.25    0.23    0.01     0.99
 sky       : [ 72.00,  70.00]   142.01  [0.00e+00]  [0.00e+00]
                                  1.89  [0.00e+00]  [0.00e+00]
 Chi^2 = 18348.54755,  ndof = 19869
 Chi^2/nu = 0.923 

-----------------------------------------------------------------------------
-----------------------------------------------------------------------------

Input image     : /mnt/c/Users/lenovo/Desktop/Bhardwajetal_2024_nature_inclination_angle-main/cropped_host_galaxies/20220319D_flux.fits[1:145,1:144] 
Init. par. file : galfit.feedme 
Restart file    : galfit.04 
Output image    : out.fits 

 sersic    : (   75.63,    75.41)   15.71     44.87    6.00    0.77    61.88
             (    0.02,     0.01)    0.06      4.49    0.22    0.01     0.88
 sky       : [ 73.00,  72.50]   136.05  [0.00e+00]  [0.00e+00]
                                  1.83  [0.00e+00]  [0.00e+00]
 Chi^2 = 19321.38251,  ndof = 20872
 Chi^2/nu = 0.926 

-----------------------------------------------------------------------------
-----------------------------------------------------------------------------

Input image     : /mnt/c/Users/lenovo/Desktop/Bhardwajetal_2024_nature_inclination_angle-main/cropped_host_galaxies/20220319D_flux.fits[1:145,1:144] 
Init. par. file : galfit.feedme 
Restart file    : galfit.05 
Output image    : out.fits 

 sersic    : (   75.63,    75.41)   15.71     44.87    6.00    0.77    61.88
             (    0.02,     0.01)    0.06      4.49    0.22    0.01     0.88
 sky       : [ 73.00,  72.50]   136.05  [0.00e+00]  [0.00e+00]
                                  1.83  [0.00e+00]  [0.00e+00]
 Chi^2 = 19321.38251,  ndof = 20872
 Chi^2/nu = 0.926 

-----------------------------------------------------------------------------
-----------------------------------------------------------------------------

Input image     : /mnt/c/Users/lenovo/Desktop/Bhardwajetal_2024_nature_inclination_angle-main/cropped_host_galaxies/20220319D_flux.fits[1:145,1:144] 
Init. par. file : galfit.feedme 
Restart file    : galfit.06 
Output image    : out.fits 

 sersic    : (   75.62,    75.40)   17.30      4.16   [1.00]   0.88    60.24
             (    0.02,     0.02)    0.00      0.04   [0.00]   0.01     2.77
 sky       : [ 73.00,  72.50]   208.53  [0.00e+00]  [0.00e+00]
                                  1.22  [0.00e+00]  [0.00e+00]
 Chi^2 = 32835.68806,  ndof = 20873
 Chi^2/nu = 1.573 

-----------------------------------------------------------------------------
-----------------------------------------------------------------------------

Input image     : /mnt/c/Users/lenovo/Desktop/Bhardwajetal_2024_nature_inclination_angle-main/cropped_host_galaxies/20220319D_flux.fits[1:145,1:144] 
Init. par. file : galfit.feedme 
Restart file    : galfit.07 
Output image    : out.fits 

 sersic    : (   73.69,    75.37)   15.66     65.63   [1.00]   0.59    67.93
             (    0.24,     0.15)    0.03      2.08   [0.00]   0.01     0.66
 sersic    : (   75.67,    75.42)   16.26     59.84  *17.26*   0.89    45.15
             (    0.01,     0.01)    0.51     85.52   *5.72*   0.01     3.42
 sky       : [ 73.00,  72.50]    63.80  [0.00e+00]  [0.00e+00]
                                  2.65  [0.00e+00]  [0.00e+00]
 Chi^2 = 13860.05004,  ndof = 20866
 Chi^2/nu = 0.664 

-----------------------------------------------------------------------------
-----------------------------------------------------------------------------

Input image     : /mnt/c/Users/lenovo/Desktop/Bhardwajetal_2024_nature_inclination_angle-main/cropped_host_galaxies/20220319D_flux.fits[1:145,1:144] 
Init. par. file : galfit.feedme 
Restart file    : galfit.08 
Output image    : out.fits 

 sersic    : (   74.34,    75.34)   15.70     53.49   [1.00]   0.63    66.06
             (    0.18,     0.11)    0.03      0.76   [0.00]   0.00     0.61
 sersic    : (   75.67,    75.42)   17.51     [3.00]   5.22    0.93    48.43
             (    0.01,     0.01)    0.00     [0.00]   0.15    0.02     6.93
 sky       : [ 73.00,  72.50]    78.07  [0.00e+00]  [0.00e+00]
                                  2.52  [0.00e+00]  [0.00e+00]
 Chi^2 = 13956.77898,  ndof = 20867
 Chi^2/nu = 0.669 

-----------------------------------------------------------------------------
-----------------------------------------------------------------------------

Input image     : /mnt/c/Users/lenovo/Desktop/Bhardwajetal_2024_nature_inclination_angle-main/cropped_host_galaxies/20220319D_flux.fits[1:145,1:144] 
Init. par. file : galfit.feedme 
Restart file    : galfit.09 
Output image    : out.fits 

 sersic    : (   74.34,    75.34)   15.70     53.49   [1.00]   0.63    66.06
             (    0.18,     0.11)    0.03      0.76   [0.00]   0.00     0.61
 sersic    : (   75.67,    75.42)   17.51     [3.00]   5.22    0.93    48.43
             (    0.01,     0.01)    0.00     [0.00]   0.15    0.02     6.93
 sky       : [ 73.00,  72.50]    78.07  [0.00e+00]  [0.00e+00]
                                  2.52  [0.00e+00]  [0.00e+00]
 Chi^2 = 13956.77898,  ndof = 20867
 Chi^2/nu = 0.669 

-----------------------------------------------------------------------------
-----------------------------------------------------------------------------

Input image     : /mnt/c/Users/lenovo/Desktop/Bhardwajetal_2024_nature_inclination_angle-main/cropped_host_galaxies/20220319D_flux.fits[1:145,1:144] 
Init. par. file : galfit.feedme 
Restart file    : galfit.10 
Output image    : out.fits 

 sersic    : (   74.34,    75.34)   15.70     53.49   [1.00]   0.63    66.06
             (    0.18,     0.11)    0.03      0.76   [0.00]   0.00     0.61
 sersic    : (   75.67,    75.42)   17.51     [3.00]   5.22    0.93    48.43
             (    0.01,     0.01)    0.00     [0.00]   0.15    0.02     6.93
 sky       : [ 73.00,  72.50]    78.07  [0.00e+00]  [0.00e+00]
                                  2.52  [0.00e+00]  [0.00e+00]
 Chi^2 = 13956.77898,  ndof = 20867
 Chi^2/nu = 0.669 

-----------------------------------------------------------------------------
-----------------------------------------------------------------------------

Input image     : /mnt/c/Users/lenovo/Desktop/Bhardwajetal_2024_nature_inclination_angle-main/cropped_host_galaxies/20220319D_flux.fits[1:145,1:144] 
Init. par. file : galfit.feedme 
Restart file    : galfit.11 
Output image    : out.fits 

 sersic    : (   74.34,    75.34)   15.70     53.49   [1.00]   0.63    66.06
             (    0.18,     0.11)    0.03      0.76   [0.00]   0.00     0.61
 sersic    : (   75.67,    75.42)   17.51     [3.00]   5.22    0.93    48.43
             (    0.01,     0.01)    0.00     [0.00]   0.15    0.02     6.93
 sky       : [ 73.00,  72.50]    78.07  [0.00e+00]  [0.00e+00]
                                  2.52  [0.00e+00]  [0.00e+00]
 Chi^2 = 13956.77898,  ndof = 20867
 Chi^2/nu = 0.669 

-----------------------------------------------------------------------------
