-----------------------------------------------------------------------------

Input image     : /mnt/c/Users/lenovo/Desktop/Bhardwajetal_2024_nature_inclination_angle-main/cropped_host_galaxies/20220914A_flux.fits[1:36,1:36] 
Init. par. file : galfit.feedme 
Restart file    : galfit.01 
Output image    : out.fits 

 sersic    : (   20.17,    18.78)   22.29      6.81    0.67    0.76   -67.61
             (    0.12,     0.12)    0.04      0.15    0.05    0.02     2.36
 sky       : [ 18.50,  18.50]  1.79e-03  [0.00e+00]  [0.00e+00]
                                9.68e-05  [0.00e+00]  [0.00e+00]
 Chi^2 = 176.80868,  ndof = 1288
 Chi^2/nu = 0.137 

-----------------------------------------------------------------------------
-----------------------------------------------------------------------------

Input image     : /mnt/c/Users/lenovo/Desktop/Bhardwajetal_2024_nature_inclination_angle-main/cropped_host_galaxies/20220914A_flux.fits[1:36,1:36] 
Init. par. file : galfit.feedme 
Restart file    : galfit.02 
Output image    : out.fits 

 sersic    : (   19.95,    18.93)   22.27      5.94    0.63    0.77   -65.63
             (    0.13,     0.12)    0.04      0.12    0.04    0.02     3.10
 sky       : [ 18.50,  18.50]  1.77e-03  [0.00e+00]  [0.00e+00]
                                6.83e-05  [0.00e+00]  [0.00e+00]
 Chi^2 = 163.98594,  ndof = 1288
 Chi^2/nu = 0.127 

-----------------------------------------------------------------------------
-----------------------------------------------------------------------------

Input image     : /mnt/c/Users/lenovo/Desktop/Bhardwajetal_2024_nature_inclination_angle-main/cropped_host_galaxies/20220914A_flux.fits[1:36,1:36] 
Init. par. file : galfit.feedme 
Restart file    : galfit.03 
Output image    : out.fits 

 sersic    : (   19.95,    18.93)   22.27      5.94    0.63    0.77   -65.63
             (    0.13,     0.12)    0.04      0.12    0.04    0.02     3.10
 sky       : [ 18.50,  18.50]  1.77e-03  [0.00e+00]  [0.00e+00]
                                6.83e-05  [0.00e+00]  [0.00e+00]
 Chi^2 = 163.98594,  ndof = 1288
 Chi^2/nu = 0.127 

-----------------------------------------------------------------------------
-----------------------------------------------------------------------------

Input image     : /mnt/c/Users/lenovo/Desktop/Bhardwajetal_2024_nature_inclination_angle-main/cropped_host_galaxies/20220914A_flux.fits[1:36,1:36] 
Init. par. file : galfit.feedme 
Restart file    : galfit.04 
Output image    : out.fits 

 sersic    : (   19.95,    18.93)   22.27      5.94    0.63    0.77   -65.63
             (    0.13,     0.12)    0.04      0.12    0.04    0.02     3.10
 sky       : [ 18.50,  18.50]  1.77e-03  [0.00e+00]  [0.00e+00]
                                6.83e-05  [0.00e+00]  [0.00e+00]
 Chi^2 = 163.98594,  ndof = 1288
 Chi^2/nu = 0.127 

-----------------------------------------------------------------------------
-----------------------------------------------------------------------------

Input image     : /mnt/c/Users/lenovo/Desktop/Bhardwajetal_2024_nature_inclination_angle-main/cropped_host_galaxies/20220914A_flux.fits[1:36,1:36] 
Init. par. file : galfit.feedme 
Restart file    : galfit.05 
Output image    : out.fits 

 sersic    : (   19.95,    18.93)   22.27      5.94    0.63    0.77   -65.63
             (    0.13,     0.12)    0.04      0.12    0.04    0.02     3.10
 sky       : [ 18.50,  18.50]  1.77e-03  [0.00e+00]  [0.00e+00]
                                6.83e-05  [0.00e+00]  [0.00e+00]
 Chi^2 = 163.98594,  ndof = 1288
 Chi^2/nu = 0.127 

-----------------------------------------------------------------------------
-----------------------------------------------------------------------------

Input image     : /mnt/c/Users/lenovo/Desktop/Bhardwajetal_2024_nature_inclination_angle-main/cropped_host_galaxies/20220914A_flux.fits[1:36,1:36] 
Init. par. file : galfit.feedme 
Restart file    : galfit.06 
Output image    : out.fits 

 sersic    : (   20.12,    18.94)   22.30      5.81   [1.00]   0.75   -68.47
             (    0.12,     0.11)    0.04      0.16   [0.00]   0.02     2.92
 sky       : [ 18.50,  18.50]  1.37e-03  [0.00e+00]  [0.00e+00]
                                6.92e-05  [0.00e+00]  [0.00e+00]
 Chi^2 = 168.60381,  ndof = 1289
 Chi^2/nu = 0.131 

-----------------------------------------------------------------------------
-----------------------------------------------------------------------------

Input image     : /mnt/c/Users/lenovo/Desktop/Bhardwajetal_2024_nature_inclination_angle-main/cropped_host_galaxies/20220914A_flux.fits[1:36,1:36] 
Init. par. file : galfit.feedme 
Restart file    : galfit.07 
Output image    : out.fits 

 sersic    : (   20.12,    18.94)   22.30      5.81   [1.00]   0.75   -68.47
             (    0.12,     0.11)    0.04      0.16   [0.00]   0.02     2.92
 sky       : [ 18.50,  18.50]  1.37e-03  [0.00e+00]  [0.00e+00]
                                6.92e-05  [0.00e+00]  [0.00e+00]
 Chi^2 = 168.60381,  ndof = 1289
 Chi^2/nu = 0.131 

-----------------------------------------------------------------------------
-----------------------------------------------------------------------------

Input image     : /mnt/c/Users/lenovo/Desktop/Bhardwajetal_2024_nature_inclination_angle-main/cropped_host_galaxies/20220914A_flux.fits[1:36,1:36] 
Init. par. file : galfit.feedme 
Restart file    : galfit.08 
Output image    : out.fits 

 sersic    : (   20.12,    18.94)   22.30      5.81   [1.00]   0.75   -68.47
             (    0.12,     0.11)    0.04      0.16   [0.00]   0.02     2.92
 sky       : [ 18.50,  18.50]  1.37e-03  [0.00e+00]  [0.00e+00]
                                6.92e-05  [0.00e+00]  [0.00e+00]
 Chi^2 = 168.60381,  ndof = 1289
 Chi^2/nu = 0.131 

-----------------------------------------------------------------------------
-----------------------------------------------------------------------------

Input image     : /mnt/c/Users/lenovo/Desktop/Bhardwajetal_2024_nature_inclination_angle-main/cropped_host_galaxies/20220914A_flux.fits[1:36,1:36] 
Init. par. file : galfit.feedme 
Restart file    : galfit.09 
Output image    : out.fits 

 sersic    : (   20.12,    18.94)   22.30      5.81   [1.00]   0.75   -68.47
             (    0.12,     0.11)    0.04      0.16   [0.00]   0.02     2.92
 sky       : [ 18.50,  18.50]  1.37e-03  [0.00e+00]  [0.00e+00]
                                6.92e-05  [0.00e+00]  [0.00e+00]
 Chi^2 = 168.60381,  ndof = 1289
 Chi^2/nu = 0.131 

-----------------------------------------------------------------------------
