-----------------------------------------------------------------------------

Input image     : /mnt/c/Users/lenovo/Desktop/Bhardwajetal_2024_nature_inclination_angle-main/cropped_host_galaxies/20220912A_flux.fits[1:50,1:50] 
Init. par. file : galfit.feedme 
Restart file    : galfit.01 
Output image    : out.fits 

 sersic    : (   39.51,     9.17)   20.58      4.78    1.31    0.74   -67.79
             (    0.12,     0.10)    0.11      0.70    0.18    0.05    10.67
 sky       : [ 25.50,  25.50]   -13.27  [0.00e+00]  [0.00e+00]
                                  4.31  [0.00e+00]  [0.00e+00]
 Chi^2 = 4350.19416,  ndof = 2492
 Chi^2/nu = 1.746 

-----------------------------------------------------------------------------
-----------------------------------------------------------------------------

Input image     : /mnt/c/Users/lenovo/Desktop/Bhardwajetal_2024_nature_inclination_angle-main/cropped_host_galaxies/20220912A_flux.fits[1:50,1:50] 
Init. par. file : galfit.feedme 
Restart file    : galfit.02 
Output image    : out.fits 

 sersic    : (   39.56,     9.19)   20.94      2.71    0.70    0.91   -67.35
             (    0.11,     0.10)    0.06      0.21    0.08    0.06    28.57
 sky       : [ 25.50,  25.50]    -8.53  [0.00e+00]  [0.00e+00]
                                  3.93  [0.00e+00]  [0.00e+00]
 Chi^2 = 4282.75952,  ndof = 2492
 Chi^2/nu = 1.719 

-----------------------------------------------------------------------------
-----------------------------------------------------------------------------

Input image     : /mnt/c/Users/lenovo/Desktop/Bhardwajetal_2024_nature_inclination_angle-main/cropped_host_galaxies/20220912A_flux.fits[1:50,1:50] 
Init. par. file : galfit.feedme 
Restart file    : galfit.03 
Output image    : out.fits 

 sersic    : (   25.51,    27.52)  *51.72*     2.39    6.00   *0.05*    0.35
             (100912578560.00, 3196767174656.00) *7637074706432.00* 28437435645952.00 59124226195456.00 *40419516416.00* 1223589625856.00
 sky       : [ 25.50,  25.50]     7.07  [0.00e+00]  [0.00e+00]
                                  4.17  [0.00e+00]  [0.00e+00]
 Chi^2 = 5260.65986,  ndof = 2492
 Chi^2/nu = 2.111 

-----------------------------------------------------------------------------
-----------------------------------------------------------------------------

Input image     : /mnt/c/Users/lenovo/Desktop/Bhardwajetal_2024_nature_inclination_angle-main/cropped_host_galaxies/20220912A_flux.fits[1:46,1:40] 
Init. par. file : galfit.feedme 
Restart file    : galfit.04 
Output image    : out.fits 

 sersic    : (   25.13,    20.81)   19.52      6.19    0.70    0.75    36.81
             (    0.07,     0.09)    0.03      0.20    0.03    0.02     3.67
 sky       : [ 23.50,  20.50]   -15.58  [0.00e+00]  [0.00e+00]
                                  4.42  [0.00e+00]  [0.00e+00]
 Chi^2 = 1718.49779,  ndof = 1832
 Chi^2/nu = 0.938 

-----------------------------------------------------------------------------
-----------------------------------------------------------------------------

Input image     : /mnt/c/Users/lenovo/Desktop/Bhardwajetal_2024_nature_inclination_angle-main/cropped_host_galaxies/20220912A_flux.fits[1:46,1:40] 
Init. par. file : galfit.feedme 
Restart file    : galfit.05 
Output image    : out.fits 

 sersic    : (   25.13,    20.81)   19.52      6.19    0.70    0.75    36.81
             (    0.07,     0.09)    0.03      0.20    0.03    0.02     3.67
 sky       : [ 23.50,  20.50]   -15.58  [0.00e+00]  [0.00e+00]
                                  4.42  [0.00e+00]  [0.00e+00]
 Chi^2 = 1718.49779,  ndof = 1832
 Chi^2/nu = 0.938 

-----------------------------------------------------------------------------
-----------------------------------------------------------------------------

Input image     : /mnt/c/Users/lenovo/Desktop/Bhardwajetal_2024_nature_inclination_angle-main/cropped_host_galaxies/20220912A_flux.fits[1:46,1:40] 
Init. par. file : galfit.feedme 
Restart file    : galfit.06 
Output image    : out.fits 

 sersic    : (   25.09,    20.79)   19.32      7.35   [1.00]   0.76    35.87
             (    0.06,     0.09)    0.03      0.22   [0.00]   0.02     3.93
 sky       : [ 23.50,  20.50]   -28.77  [0.00e+00]  [0.00e+00]
                                  4.65  [0.00e+00]  [0.00e+00]
 Chi^2 = 1740.80147,  ndof = 1833
 Chi^2/nu = 0.950 

-----------------------------------------------------------------------------
-----------------------------------------------------------------------------

Input image     : /mnt/c/Users/lenovo/Desktop/Bhardwajetal_2024_nature_inclination_angle-main/cropped_host_galaxies/20220912A_flux.fits[1:46,1:40] 
Init. par. file : galfit.feedme 
Restart file    : galfit.07 
Output image    : out.fits 

 sersic    : (   25.09,    20.79)   19.32      7.35   [1.00]   0.76    35.87
             (    0.06,     0.09)    0.03      0.22   [0.00]   0.02     3.93
 sky       : [ 23.50,  20.50]   -28.77  [0.00e+00]  [0.00e+00]
                                  4.65  [0.00e+00]  [0.00e+00]
 Chi^2 = 1740.80147,  ndof = 1833
 Chi^2/nu = 0.950 

-----------------------------------------------------------------------------
-----------------------------------------------------------------------------

Input image     : /mnt/c/Users/lenovo/Desktop/Bhardwajetal_2024_nature_inclination_angle-main/cropped_host_galaxies/20220912A_flux.fits[1:46,1:40] 
Init. par. file : galfit.feedme 
Restart file    : galfit.08 
Output image    : out.fits 

 sersic    : (   25.09,    20.79)   19.32      7.35   [1.00]   0.76    35.87
             (    0.06,     0.09)    0.03      0.22   [0.00]   0.02     3.93
 sky       : [ 23.50,  20.50]   -28.77  [0.00e+00]  [0.00e+00]
                                  4.65  [0.00e+00]  [0.00e+00]
 Chi^2 = 1740.80147,  ndof = 1833
 Chi^2/nu = 0.950 

-----------------------------------------------------------------------------
-----------------------------------------------------------------------------

Input image     : /mnt/c/Users/lenovo/Desktop/Bhardwajetal_2024_nature_inclination_angle-main/cropped_host_galaxies/20220912A_flux.fits[1:46,1:40] 
Init. par. file : galfit.feedme 
Restart file    : galfit.09 
Output image    : out.fits 

 sersic    : (   25.09,    20.79)   19.32      7.35   [1.00]   0.76    35.87
             (    0.06,     0.09)    0.03      0.22   [0.00]   0.02     3.93
 sky       : [ 23.50,  20.50]   -28.77  [0.00e+00]  [0.00e+00]
                                  4.65  [0.00e+00]  [0.00e+00]
 Chi^2 = 1740.80147,  ndof = 1833
 Chi^2/nu = 0.950 

-----------------------------------------------------------------------------
