-----------------------------------------------------------------------------

Input image     : /mnt/c/Users/lenovo/Desktop/Bhardwajetal_2024_nature_inclination_angle-main/cropped_host_galaxies/20190102C_flux.fits[1:46,1:46] 
Init. par. file : galfit.feedme 
Restart file    : galfit.01 
Output image    : out.fits 

 sersic    : (   23.31,    23.35)   24.19      3.92    0.50    0.43     3.96
             (    0.05,     0.08)    0.01      0.09    0.13    0.03     2.04
 sky       : [ 23.50,  23.50]  3.21e-05  [0.00e+00]  [0.00e+00]
                                4.22e-05  [0.00e+00]  [0.00e+00]
 Chi^2 = 1555.05632,  ndof = 2108
 Chi^2/nu = 0.738 

-----------------------------------------------------------------------------
-----------------------------------------------------------------------------

Input image     : /mnt/c/Users/lenovo/Desktop/Bhardwajetal_2024_nature_inclination_angle-main/cropped_host_galaxies/20190102C_flux.fits[1:46,1:46] 
Init. par. file : galfit.feedme 
Restart file    : galfit.02 
Output image    : out.fits 

 sersic    : (   23.31,    23.35)   24.19      3.92    0.50    0.43     3.96
             (    0.05,     0.08)    0.01      0.09    0.13    0.03     2.04
 sky       : [ 23.50,  23.50]  3.21e-05  [0.00e+00]  [0.00e+00]
                                4.22e-05  [0.00e+00]  [0.00e+00]
 Chi^2 = 1555.05632,  ndof = 2108
 Chi^2/nu = 0.738 

-----------------------------------------------------------------------------
-----------------------------------------------------------------------------

Input image     : /mnt/c/Users/lenovo/Desktop/Bhardwajetal_2024_nature_inclination_angle-main/cropped_host_galaxies/20190102C_flux.fits[1:46,1:46] 
Init. par. file : galfit.feedme 
Restart file    : galfit.03 
Output image    : out.fits 

 sersic    : (   23.31,    23.34)   24.14      3.77   [1.00]   0.40     4.53
             (    0.05,     0.07)    0.01      0.14   [0.00]   0.03     2.08
 sky       : [ 23.50,  23.50]  -8.21e-06  [0.00e+00]  [0.00e+00]
                                4.23e-05  [0.00e+00]  [0.00e+00]
 Chi^2 = 1564.61263,  ndof = 2109
 Chi^2/nu = 0.742 

-----------------------------------------------------------------------------
